Archive member included to satisfy reference by file (symbol)

C:/ST/STM32CubeCLT_1.15.0/GNU-tools-for-STM32/bin/../lib/gcc/arm-none-eabi/12.3.1/../../../../arm-none-eabi/lib/thumb/v7-m/nofp\libc_nano.a(libc_a-exit.o)
                              C:/ST/STM32CubeCLT_1.15.0/GNU-tools-for-STM32/bin/../lib/gcc/arm-none-eabi/12.3.1/../../../../arm-none-eabi/lib/thumb/v7-m/nofp/crt0.o (exit)
C:/ST/STM32CubeCLT_1.15.0/GNU-tools-for-STM32/bin/../lib/gcc/arm-none-eabi/12.3.1/../../../../arm-none-eabi/lib/thumb/v7-m/nofp\libc_nano.a(libc_a-findfp.o)
                              C:/ST/STM32CubeCLT_1.15.0/GNU-tools-for-STM32/bin/../lib/gcc/arm-none-eabi/12.3.1/../../../../arm-none-eabi/lib/thumb/v7-m/nofp\libc_nano.a(libc_a-exit.o) (__stdio_exit_handler)
C:/ST/STM32CubeCLT_1.15.0/GNU-tools-for-STM32/bin/../lib/gcc/arm-none-eabi/12.3.1/../../../../arm-none-eabi/lib/thumb/v7-m/nofp\libc_nano.a(libc_a-fwalk.o)
                              C:/ST/STM32CubeCLT_1.15.0/GNU-tools-for-STM32/bin/../lib/gcc/arm-none-eabi/12.3.1/../../../../arm-none-eabi/lib/thumb/v7-m/nofp\libc_nano.a(libc_a-findfp.o) (_fwalk_sglue)
C:/ST/STM32CubeCLT_1.15.0/GNU-tools-for-STM32/bin/../lib/gcc/arm-none-eabi/12.3.1/../../../../arm-none-eabi/lib/thumb/v7-m/nofp\libc_nano.a(libc_a-stdio.o)
                              C:/ST/STM32CubeCLT_1.15.0/GNU-tools-for-STM32/bin/../lib/gcc/arm-none-eabi/12.3.1/../../../../arm-none-eabi/lib/thumb/v7-m/nofp\libc_nano.a(libc_a-findfp.o) (__sread)
C:/ST/STM32CubeCLT_1.15.0/GNU-tools-for-STM32/bin/../lib/gcc/arm-none-eabi/12.3.1/../../../../arm-none-eabi/lib/thumb/v7-m/nofp\libc_nano.a(libc_a-memset.o)
                              C:/ST/STM32CubeCLT_1.15.0/GNU-tools-for-STM32/bin/../lib/gcc/arm-none-eabi/12.3.1/../../../../arm-none-eabi/lib/thumb/v7-m/nofp/crt0.o (memset)
C:/ST/STM32CubeCLT_1.15.0/GNU-tools-for-STM32/bin/../lib/gcc/arm-none-eabi/12.3.1/../../../../arm-none-eabi/lib/thumb/v7-m/nofp\libc_nano.a(libc_a-closer.o)
                              C:/ST/STM32CubeCLT_1.15.0/GNU-tools-for-STM32/bin/../lib/gcc/arm-none-eabi/12.3.1/../../../../arm-none-eabi/lib/thumb/v7-m/nofp\libc_nano.a(libc_a-stdio.o) (_close_r)
C:/ST/STM32CubeCLT_1.15.0/GNU-tools-for-STM32/bin/../lib/gcc/arm-none-eabi/12.3.1/../../../../arm-none-eabi/lib/thumb/v7-m/nofp\libc_nano.a(libc_a-reent.o)
                              C:/ST/STM32CubeCLT_1.15.0/GNU-tools-for-STM32/bin/../lib/gcc/arm-none-eabi/12.3.1/../../../../arm-none-eabi/lib/thumb/v7-m/nofp\libc_nano.a(libc_a-closer.o) (errno)
C:/ST/STM32CubeCLT_1.15.0/GNU-tools-for-STM32/bin/../lib/gcc/arm-none-eabi/12.3.1/../../../../arm-none-eabi/lib/thumb/v7-m/nofp\libc_nano.a(libc_a-impure.o)
                              C:/ST/STM32CubeCLT_1.15.0/GNU-tools-for-STM32/bin/../lib/gcc/arm-none-eabi/12.3.1/../../../../arm-none-eabi/lib/thumb/v7-m/nofp\libc_nano.a(libc_a-reent.o) (_impure_ptr)
C:/ST/STM32CubeCLT_1.15.0/GNU-tools-for-STM32/bin/../lib/gcc/arm-none-eabi/12.3.1/../../../../arm-none-eabi/lib/thumb/v7-m/nofp\libc_nano.a(libc_a-lseekr.o)
                              C:/ST/STM32CubeCLT_1.15.0/GNU-tools-for-STM32/bin/../lib/gcc/arm-none-eabi/12.3.1/../../../../arm-none-eabi/lib/thumb/v7-m/nofp\libc_nano.a(libc_a-stdio.o) (_lseek_r)
C:/ST/STM32CubeCLT_1.15.0/GNU-tools-for-STM32/bin/../lib/gcc/arm-none-eabi/12.3.1/../../../../arm-none-eabi/lib/thumb/v7-m/nofp\libc_nano.a(libc_a-readr.o)
                              C:/ST/STM32CubeCLT_1.15.0/GNU-tools-for-STM32/bin/../lib/gcc/arm-none-eabi/12.3.1/../../../../arm-none-eabi/lib/thumb/v7-m/nofp\libc_nano.a(libc_a-stdio.o) (_read_r)
C:/ST/STM32CubeCLT_1.15.0/GNU-tools-for-STM32/bin/../lib/gcc/arm-none-eabi/12.3.1/../../../../arm-none-eabi/lib/thumb/v7-m/nofp\libc_nano.a(libc_a-writer.o)
                              C:/ST/STM32CubeCLT_1.15.0/GNU-tools-for-STM32/bin/../lib/gcc/arm-none-eabi/12.3.1/../../../../arm-none-eabi/lib/thumb/v7-m/nofp\libc_nano.a(libc_a-stdio.o) (_write_r)
C:/ST/STM32CubeCLT_1.15.0/GNU-tools-for-STM32/bin/../lib/gcc/arm-none-eabi/12.3.1/../../../../arm-none-eabi/lib/thumb/v7-m/nofp\libc_nano.a(libc_a-init.o)
                              C:/ST/STM32CubeCLT_1.15.0/GNU-tools-for-STM32/bin/../lib/gcc/arm-none-eabi/12.3.1/../../../../arm-none-eabi/lib/thumb/v7-m/nofp/crt0.o (__libc_init_array)
C:/ST/STM32CubeCLT_1.15.0/GNU-tools-for-STM32/bin/../lib/gcc/arm-none-eabi/12.3.1/../../../../arm-none-eabi/lib/thumb/v7-m/nofp\libc_nano.a(libc_a-lock.o)
                              C:/ST/STM32CubeCLT_1.15.0/GNU-tools-for-STM32/bin/../lib/gcc/arm-none-eabi/12.3.1/../../../../arm-none-eabi/lib/thumb/v7-m/nofp\libc_nano.a(libc_a-findfp.o) (__retarget_lock_init_recursive)
C:/ST/STM32CubeCLT_1.15.0/GNU-tools-for-STM32/bin/../lib/gcc/arm-none-eabi/12.3.1/../../../../arm-none-eabi/lib/thumb/v7-m/nofp\libc_nano.a(libc_a-freer.o)
[...]
Memory Configuration

Name             Origin             Length             Attributes
RAM              0x20000000         0x00005000         xrw
FLASH            0x08000000         0x00010000         xr
*default*        0x00000000         0xffffffff

Linker script and memory map

LOAD C:/ST/STM32CubeCLT_1.15.0/GNU-tools-for-STM32/bin/../lib/gcc/arm-none-eabi/12.3.1/thumb/v7-m/nofp/crti.o
LOAD C:/ST/STM32CubeCLT_1.15.0/GNU-tools-for-STM32/bin/../lib/gcc/arm-none-eabi/12.3.1/thumb/v7-m/nofp/crtbegin.o
LOAD C:/ST/STM32CubeCLT_1.15.0/GNU-tools-for-STM32/bin/../lib/gcc/arm-none-eabi/12.3.1/../../../../arm-none-eabi/lib/thumb/v7-m/nofp/crt0.o
START GROUP
LOAD C:/ST/STM32CubeCLT_1.15.0/GNU-tools-for-STM32/bin/../lib/gcc/arm-none-eabi/12.3.1/../../../../arm-none-eabi/lib/thumb/v7-m/nofp\libc_nano.a
LOAD C:/ST/STM32CubeCLT_1.15.0/GNU-tools-for-STM32/bin/../lib/gcc/arm-none-eabi/12.3.1/../../../../arm-none-eabi/lib/thumb/v7-m/nofp\libm.a
END GROUP
LOAD CMakeFiles/function_generator.dir/Core/Src/main.c.obj
LOAD CMakeFiles/function_generator.dir/Core/Src/gpio.c.obj
LOAD CMakeFiles/function_generator.dir/Core/Src/i2c.c.obj
LOAD CMakeFiles/function_generator.dir/Core/Src/spi.c.obj
LOAD CMakeFiles/function_generator.dir/Core/Src/lcd.c.obj
LOAD CMakeFiles/function_generator.dir/Core/Src/ad9833.c.obj
LOAD CMakeFiles/function_generator.dir/Core/Src/stm32f1xx_it.c.obj
LOAD CMakeFiles/function_generator.dir/Core/Src/stm32f1xx_hal_msp.c.obj
LOAD CMakeFiles/function_generator.dir/Drivers/STM32F1xx_HAL_Driver/Src/stm32f1xx_hal_gpio_ex.c.obj
LOAD CMakeFiles/function_generator.dir/Drivers/STM32F1xx_HAL_Driver/Src/stm32f1xx_hal_i2c.c.obj
LOAD CMakeFiles/function_generator.dir/Drivers/STM32F1xx_HAL_Driver/Src/stm32f1xx_hal.c.obj
LOAD CMakeFiles/function_generator.dir/Drivers/STM32F1xx_HAL_Driver/Src/stm32f1xx_hal_rcc.c.obj
LOAD CMakeFiles/function_generator.dir/Drivers/STM32F1xx_HAL_Driver/Src/stm32f1xx_hal_rcc_ex.c.obj
LOAD CMakeFiles/function_generator.dir/Drivers/STM32F1xx_HAL_Driver/Src/stm32f1xx_hal_gpio.c.obj
LOAD CMakeFiles/function_generator.dir/Drivers/STM32F1xx_HAL_Driver/Src/stm32f1xx_hal_dma.c.obj
LOAD CMakeFiles/function_generator.dir/Drivers/STM32F1xx_HAL_Driver/Src/stm32f1xx_hal_cortex.c.obj
LOAD CMakeFiles/function_generator.dir/Drivers/STM32F1xx_HAL_Driver/Src/stm32f1xx_hal_pwr.c.obj
LOAD CMakeFiles/function_generator.dir/Drivers/STM32F1xx_HAL_Driver/Src/stm32f1xx_hal_flash.c.obj
LOAD CMakeFiles/function_generator.dir/Drivers/STM32F1xx_HAL_Driver/Src/stm32f1xx_hal_flash_ex.c.obj
LOAD CMakeFiles/function_generator.dir/Drivers/STM32F1xx_HAL_Driver/Src/stm32f1xx_hal_exti.c.obj
LOAD CMakeFiles/function_generator.dir/Drivers/STM32F1xx_HAL_Driver/Src/stm32f1xx_hal_spi.c.obj
LOAD CMakeFiles/function_generator.dir/Drivers/STM32F1xx_HAL_Driver/Src/stm32f1xx_hal_tim.c.obj
LOAD CMakeFiles/function_generator.dir/Drivers/STM32F1xx_HAL_Driver/Src/stm32f1xx_hal_tim_ex.c.obj
LOAD CMakeFiles/function_generator.dir/Core/Src/system_stm32f1xx.c.obj
LOAD CMakeFiles/function_generator.dir/Core/Src/sysmem.c.obj
LOAD CMakeFiles/function_generator.dir/Core/Src/syscalls.c.obj
LOAD CMakeFiles/function_generator.dir/startup_stm32f103xb.s.obj
START GROUP
LOAD C:/ST/STM32CubeCLT_1.15.0/GNU-tools-for-STM32/bin/../lib/gcc/arm-none-eabi/12.3.1/thumb/v7-m/nofp\libgcc.a
LOAD C:/ST/STM32CubeCLT_1.15.0/GNU-tools-for-STM32/bin/../lib/gcc/arm-none-eabi/12.3.1/../../../../arm-none-eabi/lib/thumb/v7-m/nofp\libg_nano.a
LOAD C:/ST/STM32CubeCLT_1.15.0/GNU-tools-for-STM32/bin/../lib/gcc/arm-none-eabi/12.3.1/../../../../arm-none-eabi/lib/thumb/v7-m/nofp\libc_nano.a
END GROUP
START GROUP
LOAD C:/ST/STM32CubeCLT_1.15.0/GNU-tools-for-STM32/bin/../lib/gcc/arm-none-eabi/12.3.1/thumb/v7-m/nofp\libgcc.a
LOAD C:/ST/STM32CubeCLT_1.15.0/GNU-tools-for-STM32/bin/../lib/gcc/arm-none-eabi/12.3.1/../../../../arm-none-eabi/lib/thumb/v7-m/nofp\libc_nano.a
END GROUP
LOAD C:/ST/STM32CubeCLT_1.15.0/GNU-tools-for-STM32/bin/../lib/gcc/arm-none-eabi/12.3.1/thumb/v7-m/nofp/crtend.o
LOAD C:/ST/STM32CubeCLT_1.15.0/GNU-tools-for-STM32/bin/../lib/gcc/arm-none-eabi/12.3.1/thumb/v7-m/nofp/crtn.o
                0x20005000                        _estack = (ORIGIN (RAM) + LENGTH (RAM))
                0x00000200                        _Min_Heap_Size = 0x200
                0x00000400                        _Min_Stack_Size = 0x400

.isr_vector     0x08000000      0x10c
                0x08000000                        . = ALIGN (0x4)
 *(.isr_vector)
 .isr_vector    0x08000000      0x10c CMakeFiles/function_generator.dir/startup_stm32f103xb.s.obj
                0x08000000                g_pfnVectors
                0x0800010c                        . = ALIGN (0x4)

.text           0x08000110     0x42ec
                0x08000110                        . = ALIGN (0x4)
 *(.text)
 .text          0x08000110       0x40 C:/ST/STM32CubeCLT_1.15.0/GNU-tools-for-STM32/bin/../lib/gcc/arm-none-eabi/12.3.1/thumb/v7-m/nofp/crtbegin.o
 .text          0x08000150      0x168 C:/ST/STM32CubeCLT_1.15.0/GNU-tools-for-STM32/bin/../lib/gcc/arm-none-eabi/12.3.1/thumb/v7-m/nofp\libgcc.a(_arm_mulsf3.o)
                0x08000150                __aeabi_fmul
                0x08000150                __mulsf3
 .text          0x080002b8      0x378 C:/ST/STM32CubeCLT_1.15.0/GNU-tools-for-STM32/bin/../lib/gcc/arm-none-eabi/12.3.1/thumb/v7-m/nofp\libgcc.a(_arm_addsubdf3.o)
                0x080002b8                __aeabi_drsub
                0x080002c0                __aeabi_dsub
                0x080002c0                __subdf3
                0x080002c4                __aeabi_dadd
                0x080002c4                __adddf3
                0x0800053c                __floatunsidf
                0x0800053c                __aeabi_ui2d
                0x0800055c                __floatsidf
                0x0800055c                __aeabi_i2d
                0x08000580                __aeabi_f2d
                0x08000580                __extendsfdf2
                0x080005c4                __floatundidf
                0x080005c4                __aeabi_ul2d
                0x080005d4                __floatdidf
                0x080005d4                __aeabi_l2d
 .text          0x08000630      0x424 C:/ST/STM32CubeCLT_1.15.0/GNU-tools-for-STM32/bin/../lib/gcc/arm-none-eabi/12.3.1/thumb/v7-m/nofp\libgcc.a(_arm_muldivdf3.o)
                0x08000630                __aeabi_dmul
                0x08000630                __muldf3
                0x08000884                __divdf3
                0x08000884                __aeabi_ddiv
 .text          0x08000a54       0x40 C:/ST/STM32CubeCLT_1.15.0/GNU-tools-for-STM32/bin/../lib/gcc/arm-none-eabi/12.3.1/thumb/v7-m/nofp\libgcc.a(_arm_fixunsdfsi.o)
                0x08000a54                __aeabi_d2uiz
                0x08000a54                __fixunsdfsi
 .text          0x08000a94      0x21c C:/ST/STM32CubeCLT_1.15.0/GNU-tools-for-STM32/bin/../lib/gcc/arm-none-eabi/12.3.1/thumb/v7-m/nofp\libgcc.a(_arm_addsubsf3.o)
                0x08000a94                __aeabi_frsub
                0x08000a9c                __subsf3
                0x08000a9c                __aeabi_fsub
                0x08000aa0                __aeabi_fadd
                0x08000aa0                __addsf3
                0x08000c00                __aeabi_ui2f
                0x08000c00                __floatunsisf
                0x08000c08                __aeabi_i2f
                0x08000c08                __floatsisf
                0x08000c24                __aeabi_ul2f
                0x08000c24                __floatundisf
                0x08000c34                __aeabi_l2f
                0x08000c34                __floatdisf
 .text          0x08000cb0       0x40 C:/ST/STM32CubeCLT_1.15.0/GNU-tools-for-STM32/bin/../lib/gcc/arm-none-eabi/12.3.1/thumb/v7-m/nofp\libgcc.a(_arm_fixunssfsi.o)
                0x08000cb0                __fixunssfsi
                0x08000cb0                __aeabi_f2uiz
 .text          0x08000cf0       0x10 C:/ST/STM32CubeCLT_1.15.0/GNU-tools-for-STM32/bin/../lib/gcc/arm-none-eabi/12.3.1/../../../../arm-none-eabi/lib/thumb/v7-m/nofp\libg_nano.a(libc_a-strlen.o)
                0x08000cf0                strlen
 .text          0x08000d00       0x50 C:/ST/STM32CubeCLT_1.15.0/GNU-tools-for-STM32/bin/../lib/gcc/arm-none-eabi/12.3.1/thumb/v7-m/nofp\libgcc.a(_arm_fixdfsi.o)
                0x08000d00                __aeabi_d2iz
                0x08000d00                __fixdfsi
 *(.text*)
 .text.memset   0x08000d50       0x10 C:/ST/STM32CubeCLT_1.15.0/GNU-tools-for-STM32/bin/../lib/gcc/arm-none-eabi/12.3.1/../../../../arm-none-eabi/lib/thumb/v7-m/nofp\libc_nano.a(libc_a-memset.o)
                0x08000d50                memset
 .text.__libc_init_array
                0x08000d60       0x48 C:/ST/STM32CubeCLT_1.15.0/GNU-tools-for-STM32/bin/../lib/gcc/arm-none-eabi/12.3.1/../../../../arm-none-eabi/lib/thumb/v7-m/nofp\libc_nano.a(libc_a-init.o)
                0x08000d60                __libc_init_array
 .text.__retarget_lock_acquire_recursive
                0x08000da8        0x2 C:/ST/STM32CubeCLT_1.15.0/GNU-tools-for-STM32/bin/../lib/gcc/arm-none-eabi/12.3.1/../../../../arm-none-eabi/lib/thumb/v7-m/nofp\libc_nano.a(libc_a-lock.o)
                0x08000da8                __retarget_lock_acquire_recursive
 .text.__retarget_lock_release_recursive
                0x08000daa        0x2 C:/ST/STM32CubeCLT_1.15.0/GNU-tools-for-STM32/bin/../lib/gcc/arm-none-eabi/12.3.1/../../../../arm-none-eabi/lib/thumb/v7-m/nofp\libc_nano.a(libc_a-lock.o)
                0x08000daa                __retarget_lock_release_recursive
 .text._free_r  0x08000dac       0x90 C:/ST/STM32CubeCLT_1.15.0/GNU-tools-for-STM32/bin/../lib/gcc/arm-none-eabi/12.3.1/../../../../arm-none-eabi/lib/thumb/v7-m/nofp\libc_nano.a(libc_a-freer.o)
                0x08000dac                _free_r
 .text.sbrk_aligned
                0x08000e3c       0x44 C:/ST/STM32CubeCLT_1.15.0/GNU-tools-for-STM32/bin/../lib/gcc/arm-none-eabi/12.3.1/../../../../arm-none-eabi/lib/thumb/v7-m/nofp\libc_nano.a(libc_a-mallocr.o)
 .text._malloc_r
                0x08000e80      0x100 C:/ST/STM32CubeCLT_1.15.0/GNU-tools-for-STM32/bin/../lib/gcc/arm-none-eabi/12.3.1/../../../../arm-none-eabi/lib/thumb/v7-m/nofp\libc_nano.a(libc_a-mallocr.o)
                0x08000e80                _malloc_r
 .text.__malloc_lock
                0x08000f80        0xc C:/ST/STM32CubeCLT_1.15.0/GNU-tools-for-STM32/bin/../lib/gcc/arm-none-eabi/12.3.1/../../../../arm-none-eabi/lib/thumb/v7-m/nofp\libc_nano.a(libc_a-mlock.o)
                0x08000f80                __malloc_lock
 .text.__malloc_unlock
                0x08000f8c        0xc C:/ST/STM32CubeCLT_1.15.0/GNU-tools-for-STM32/bin/../lib/gcc/arm-none-eabi/12.3.1/../../../../arm-none-eabi/lib/thumb/v7-m/nofp\libc_nano.a(libc_a-mlock.o)
                0x08000f8c                __malloc_unlock
 .text._sbrk_r  0x08000f98       0x20 C:/ST/STM32CubeCLT_1.15.0/GNU-tools-for-STM32/bin/../lib/gcc/arm-none-eabi/12.3.1/../../../../arm-none-eabi/lib/thumb/v7-m/nofp\libc_nano.a(libc_a-sbrkr.o)
                0x08000f98                _sbrk_r
 .text.Button_Debounce
                0x08000fb8       0x46 CMakeFiles/function_generator.dir/Core/Src/main.c.obj
 .text.Button_ShortPress
                0x08000ffe       0x72 CMakeFiles/function_generator.dir/Core/Src/main.c.obj
 .text.Button_HandlePress
                0x08001070       0x84 CMakeFiles/function_generator.dir/Core/Src/main.c.obj
 .text.main     0x080010f4      0x648 CMakeFiles/function_generator.dir/Core/Src/main.c.obj
                0x080010f4                main
 .text.SystemClock_Config
                0x0800173c       0x88 CMakeFiles/function_generator.dir/Core/Src/main.c.obj
                0x0800173c                SystemClock_Config
 .text.Error_Handler
                0x080017c4        0xc CMakeFiles/function_generator.dir/Core/Src/main.c.obj
                0x080017c4                Error_Handler
 .text.MX_GPIO_Init
                0x080017d0      0x110 CMakeFiles/function_generator.dir/Core/Src/gpio.c.obj
                0x080017d0                MX_GPIO_Init
 .text.MX_I2C1_Init
                0x080018e0       0x5c CMakeFiles/function_generator.dir/Core/Src/i2c.c.obj
                0x080018e0                MX_I2C1_Init
 .text.HAL_I2C_MspInit
                0x0800193c       0x7c CMakeFiles/function_generator.dir/Core/Src/i2c.c.obj
                0x0800193c                HAL_I2C_MspInit
 .text.MX_SPI1_Init
                0x080019b8       0x6c CMakeFiles/function_generator.dir/Core/Src/spi.c.obj
                0x080019b8                MX_SPI1_Init
 .text.HAL_SPI_MspInit
                0x08001a24       0x7c CMakeFiles/function_generator.dir/Core/Src/spi.c.obj
                0x08001a24                HAL_SPI_MspInit
 .text.LCD_WriteNibble
                0x08001aa0       0x84 CMakeFiles/function_generator.dir/Core/Src/lcd.c.obj
 .text.LCD_SendCmd
                0x08001b24       0x46 CMakeFiles/function_generator.dir/Core/Src/lcd.c.obj
 .text.LCD_SendData
                0x08001b6a       0x34 CMakeFiles/function_generator.dir/Core/Src/lcd.c.obj
 .text.LCD_Init
                0x08001b9e       0x64 CMakeFiles/function_generator.dir/Core/Src/lcd.c.obj
                0x08001b9e                LCD_Init
 .text.LCD_WriteString
                0x08001c02       0x2c CMakeFiles/function_generator.dir/Core/Src/lcd.c.obj
                0x08001c02                LCD_WriteString
 *fill*         0x08001c2e        0x2 
 .text.LCD_SetCursor
                0x08001c30       0x44 CMakeFiles/function_generator.dir/Core/Src/lcd.c.obj
                0x08001c30                LCD_SetCursor
 .text.LCD_Backlight
                0x08001c74       0x20 CMakeFiles/function_generator.dir/Core/Src/lcd.c.obj
                0x08001c74                LCD_Backlight
 .text.AD9833_Select
                0x08001c94       0x18 CMakeFiles/function_generator.dir/Core/Src/ad9833.c.obj
                0x08001c94                AD9833_Select
 .text.AD9833_Unselect
                0x08001cac       0x18 CMakeFiles/function_generator.dir/Core/Src/ad9833.c.obj
                0x08001cac                AD9833_Unselect
 .text.AD9833_WriteRegister
                0x08001cc4       0x4c CMakeFiles/function_generator.dir/Core/Src/ad9833.c.obj
                0x08001cc4                AD9833_WriteRegister
 .text.AD9833_WriteCfgReg
                0x08001d10       0x9c CMakeFiles/function_generator.dir/Core/Src/ad9833.c.obj
                0x08001d10                AD9833_WriteCfgReg
 .text.AD9833_SetWaveform
                0x08001dac       0x48 CMakeFiles/function_generator.dir/Core/Src/ad9833.c.obj
                0x08001dac                AD9833_SetWaveform
 .text.AD9833_SetFrequency
                0x08001df4       0x70 CMakeFiles/function_generator.dir/Core/Src/ad9833.c.obj
                0x08001df4                AD9833_SetFrequency
 *fill*         0x08001e64        0x4 
 .text.AD9833_SetPhase
                0x08001e68       0x7c CMakeFiles/function_generator.dir/Core/Src/ad9833.c.obj
                0x08001e68                AD9833_SetPhase
 .text.AD9833_Init
                0x08001ee4       0x3e CMakeFiles/function_generator.dir/Core/Src/ad9833.c.obj
                0x08001ee4                AD9833_Init
 *fill*         0x08001f22        0x2 
 .text.AD9833_OutputEnable
                0x08001f24       0x2c CMakeFiles/function_generator.dir/Core/Src/ad9833.c.obj
                0x08001f24                AD9833_OutputEnable
 .text.NMI_Handler
                0x08001f50        0x8 CMakeFiles/function_generator.dir/Core/Src/stm32f1xx_it.c.obj
                0x08001f50                NMI_Handler
 .text.HardFault_Handler
                0x08001f58        0x8 CMakeFiles/function_generator.dir/Core/Src/stm32f1xx_it.c.obj
                0x08001f58                HardFault_Handler
 .text.MemManage_Handler
                0x08001f60        0x8 CMakeFiles/function_generator.dir/Core/Src/stm32f1xx_it.c.obj
                0x08001f60                MemManage_Handler
 .text.BusFault_Handler
                0x08001f68        0x8 CMakeFiles/function_generator.dir/Core/Src/stm32f1xx_it.c.obj
                0x08001f68                BusFault_Handler
 .text.UsageFault_Handler
                0x08001f70        0x8 CMakeFiles/function_generator.dir/Core/Src/stm32f1xx_it.c.obj
                0x08001f70                UsageFault_Handler
 .text.SVC_Handler
                0x08001f78        0xc CMakeFiles/function_generator.dir/Core/Src/stm32f1xx_it.c.obj
                0x08001f78                SVC_Handler
 .text.DebugMon_Handler
                0x08001f84        0xc CMakeFiles/function_generator.dir/Core/Src/stm32f1xx_it.c.obj
                0x08001f84                DebugMon_Handler
 .text.PendSV_Handler
                0x08001f90        0xc CMakeFiles/function_generator.dir/Core/Src/stm32f1xx_it.c.obj
                0x08001f90                PendSV_Handler
 .text.SysTick_Handler
                0x08001f9c        0xc CMakeFiles/function_generator.dir/Core/Src/stm32f1xx_it.c.obj
                0x08001f9c                SysTick_Handler
 .text.HAL_MspInit
                0x08001fa8       0x64 CMakeFiles/function_generator.dir/Core/Src/stm32f1xx_hal_msp.c.obj
                0x08001fa8                HAL_MspInit
 .text.HAL_I2C_Init
                0x0800200c      0x288 CMakeFiles/function_generator.dir/Drivers/STM32F1xx_HAL_Driver/Src/stm32f1xx_hal_i2c.c.obj
                0x0800200c                HAL_I2C_Init
 .text.HAL_I2C_Master_Transmit
                0x08002294      0x1fc CMakeFiles/function_generator.dir/Drivers/STM32F1xx_HAL_Driver/Src/stm32f1xx_hal_i2c.c.obj
                0x08002294                HAL_I2C_Master_Transmit
 .text.I2C_MasterRequestWrite
                0x08002490      0x104 CMakeFiles/function_generator.dir/Drivers/STM32F1xx_HAL_Driver/Src/stm32f1xx_hal_i2c.c.obj
 .text.I2C_WaitOnFlagUntilTimeout
                0x08002594       0xae CMakeFiles/function_generator.dir/Drivers/STM32F1xx_HAL_Driver/Src/stm32f1xx_hal_i2c.c.obj
 .text.I2C_WaitOnMasterAddressFlagUntilTimeout
                0x08002642       0xfe CMakeFiles/function_generator.dir/Drivers/STM32F1xx_HAL_Driver/Src/stm32f1xx_hal_i2c.c.obj
 .text.I2C_WaitOnTXEFlagUntilTimeout
                0x08002740       0x82 CMakeFiles/function_generator.dir/Drivers/STM32F1xx_HAL_Driver/Src/stm32f1xx_hal_i2c.c.obj
 .text.I2C_WaitOnBTFFlagUntilTimeout
                0x080027c2       0x82 CMakeFiles/function_generator.dir/Drivers/STM32F1xx_HAL_Driver/Src/stm32f1xx_hal_i2c.c.obj
 .text.I2C_IsAcknowledgeFailed
                0x08002844       0x5c CMakeFiles/function_generator.dir/Drivers/STM32F1xx_HAL_Driver/Src/stm32f1xx_hal_i2c.c.obj
 .text.HAL_Init
                0x080028a0       0x2c CMakeFiles/function_generator.dir/Drivers/STM32F1xx_HAL_Driver/Src/stm32f1xx_hal.c.obj
                0x080028a0                HAL_Init
 .text.HAL_InitTick
                0x080028cc       0x60 CMakeFiles/function_generator.dir/Drivers/STM32F1xx_HAL_Driver/Src/stm32f1xx_hal.c.obj
                0x080028cc                HAL_InitTick
 .text.HAL_IncTick
                0x0800292c       0x24 CMakeFiles/function_generator.dir/Drivers/STM32F1xx_HAL_Driver/Src/stm32f1xx_hal.c.obj
                0x0800292c                HAL_IncTick
 .text.HAL_GetTick
                0x08002950       0x14 CMakeFiles/function_generator.dir/Drivers/STM32F1xx_HAL_Driver/Src/stm32f1xx_hal.c.obj
                0x08002950                HAL_GetTick
 .text.HAL_Delay
                0x08002964       0x48 CMakeFiles/function_generator.dir/Drivers/STM32F1xx_HAL_Driver/Src/stm32f1xx_hal.c.obj
                0x08002964                HAL_Delay
 .text.HAL_RCC_OscConfig
                0x080029ac      0x504 CMakeFiles/function_generator.dir/Drivers/STM32F1xx_HAL_Driver/Src/stm32f1xx_hal_rcc.c.obj
                0x080029ac                HAL_RCC_OscConfig
 .text.HAL_RCC_ClockConfig
                0x08002eb0      0x1d4 CMakeFiles/function_generator.dir/Drivers/STM32F1xx_HAL_Driver/Src/stm32f1xx_hal_rcc.c.obj
                0x08002eb0                HAL_RCC_ClockConfig
 .text.HAL_RCC_GetSysClockFreq
                0x08003084       0xbc CMakeFiles/function_generator.dir/Drivers/STM32F1xx_HAL_Driver/Src/stm32f1xx_hal_rcc.c.obj
                0x08003084                HAL_RCC_GetSysClockFreq
 .text.HAL_RCC_GetHCLKFreq
                0x08003140       0x14 CMakeFiles/function_generator.dir/Drivers/STM32F1xx_HAL_Driver/Src/stm32f1xx_hal_rcc.c.obj
                0x08003140                HAL_RCC_GetHCLKFreq
 .text.HAL_RCC_GetPCLK1Freq
                0x08003154       0x28 CMakeFiles/function_generator.dir/Drivers/STM32F1xx_HAL_Driver/Src/stm32f1xx_hal_rcc.c.obj
                0x08003154                HAL_RCC_GetPCLK1Freq
 .text.RCC_Delay
                0x0800317c       0x3c CMakeFiles/function_generator.dir/Drivers/STM32F1xx_HAL_Driver/Src/stm32f1xx_hal_rcc.c.obj
 .text.HAL_GPIO_Init
                0x080031b8      0x308 CMakeFiles/function_generator.dir/Drivers/STM32F1xx_HAL_Driver/Src/stm32f1xx_hal_gpio.c.obj
                0x080031b8                HAL_GPIO_Init
 .text.HAL_GPIO_ReadPin
                0x080034c0       0x2e CMakeFiles/function_generator.dir/Drivers/STM32F1xx_HAL_Driver/Src/stm32f1xx_hal_gpio.c.obj
                0x080034c0                HAL_GPIO_ReadPin
 .text.HAL_GPIO_WritePin
                0x080034ee       0x30 CMakeFiles/function_generator.dir/Drivers/STM32F1xx_HAL_Driver/Src/stm32f1xx_hal_gpio.c.obj
                0x080034ee                HAL_GPIO_WritePin
 *fill*         0x0800351e        0x2 
 .text.__NVIC_SetPriorityGrouping
                0x08003520       0x48 CMakeFiles/function_generator.dir/Drivers/STM32F1xx_HAL_Driver/Src/stm32f1xx_hal_cortex.c.obj
 .text.__NVIC_GetPriorityGrouping
                0x08003568       0x1c CMakeFiles/function_generator.dir/Drivers/STM32F1xx_HAL_Driver/Src/stm32f1xx_hal_cortex.c.obj
 .text.__NVIC_SetPriority
                0x08003584       0x54 CMakeFiles/function_generator.dir/Drivers/STM32F1xx_HAL_Driver/Src/stm32f1xx_hal_cortex.c.obj
 .text.NVIC_EncodePriority
                0x080035d8       0x64 CMakeFiles/function_generator.dir/Drivers/STM32F1xx_HAL_Driver/Src/stm32f1xx_hal_cortex.c.obj
 .text.SysTick_Config
                0x0800363c       0x44 CMakeFiles/function_generator.dir/Drivers/STM32F1xx_HAL_Driver/Src/stm32f1xx_hal_cortex.c.obj
 .text.HAL_NVIC_SetPriorityGrouping
                0x08003680       0x16 CMakeFiles/function_generator.dir/Drivers/STM32F1xx_HAL_Driver/Src/stm32f1xx_hal_cortex.c.obj
                0x08003680                HAL_NVIC_SetPriorityGrouping
 .text.HAL_NVIC_SetPriority
                0x08003696       0x38 CMakeFiles/function_generator.dir/Drivers/STM32F1xx_HAL_Driver/Src/stm32f1xx_hal_cortex.c.obj
                0x08003696                HAL_NVIC_SetPriority
 .text.HAL_SYSTICK_Config
                0x080036ce       0x18 CMakeFiles/function_generator.dir/Drivers/STM32F1xx_HAL_Driver/Src/stm32f1xx_hal_cortex.c.obj
                0x080036ce                HAL_SYSTICK_Config
 .text.HAL_SPI_Init
                0x080036e6      0x108 CMakeFiles/function_generator.dir/Drivers/STM32F1xx_HAL_Driver/Src/stm32f1xx_hal_spi.c.obj
                0x080036e6                HAL_SPI_Init
 .text.HAL_SPI_Transmit
                0x080037ee      0x278 CMakeFiles/function_generator.dir/Drivers/STM32F1xx_HAL_Driver/Src/stm32f1xx_hal_spi.c.obj
                0x080037ee                HAL_SPI_Transmit
 *fill*         0x08003a66        0x2 
 .text.SPI_WaitFlagStateUntilTimeout
                0x08003a68      0x110 CMakeFiles/function_generator.dir/Drivers/STM32F1xx_HAL_Driver/Src/stm32f1xx_hal_spi.c.obj
 .text.SPI_EndRxTxTransaction
                0x08003b78       0x3c CMakeFiles/function_generator.dir/Drivers/STM32F1xx_HAL_Driver/Src/stm32f1xx_hal_spi.c.obj
 .text.SystemInit
                0x08003bb4        0xc CMakeFiles/function_generator.dir/Core/Src/system_stm32f1xx.c.obj
                0x08003bb4                SystemInit
 .text._sbrk    0x08003bc0       0x6c CMakeFiles/function_generator.dir/Core/Src/sysmem.c.obj
                0x08003bc0                _sbrk
 .text.Reset_Handler
                0x08003c2c       0x48 CMakeFiles/function_generator.dir/startup_stm32f103xb.s.obj
                0x08003c2c                Reset_Handler
 .text.Default_Handler
                0x08003c74        0x2 CMakeFiles/function_generator.dir/startup_stm32f103xb.s.obj
                0x08003c74                RTC_Alarm_IRQHandler
                0x08003c74                EXTI2_IRQHandler
                0x08003c74                TIM1_CC_IRQHandler
                0x08003c74                PVD_IRQHandler
                0x08003c74                EXTI3_IRQHandler
                0x08003c74                EXTI0_IRQHandler
                0x08003c74                I2C2_EV_IRQHandler
                0x08003c74                ADC1_2_IRQHandler
                0x08003c74                SPI1_IRQHandler
                0x08003c74                TAMPER_IRQHandler
                0x08003c74                DMA1_Channel4_IRQHandler
                0x08003c74                USART3_IRQHandler
                0x08003c74                RTC_IRQHandler
                0x08003c74                DMA1_Channel7_IRQHandler
                0x08003c74                CAN1_RX1_IRQHandler
                0x08003c74                TIM4_IRQHandler
                0x08003c74                I2C1_EV_IRQHandler
                0x08003c74                DMA1_Channel6_IRQHandler
                0x08003c74                TIM3_IRQHandler
                0x08003c74                RCC_IRQHandler
                0x08003c74                TIM1_TRG_COM_IRQHandler
                0x08003c74                DMA1_Channel1_IRQHandler
                0x08003c74                Default_Handler
                0x08003c74                EXTI15_10_IRQHandler
                0x08003c74                EXTI9_5_IRQHandler
                0x08003c74                SPI2_IRQHandler
                0x08003c74                DMA1_Channel5_IRQHandler
                0x08003c74                EXTI4_IRQHandler
                0x08003c74                USB_LP_CAN1_RX0_IRQHandler
                0x08003c74                USB_HP_CAN1_TX_IRQHandler
                0x08003c74                DMA1_Channel3_IRQHandler
                0x08003c74                TIM1_UP_IRQHandler
                0x08003c74                WWDG_IRQHandler
                0x08003c74                TIM2_IRQHandler
                0x08003c74                TIM1_BRK_IRQHandler
                0x08003c74                EXTI1_IRQHandler
                0x08003c74                USART2_IRQHandler
                0x08003c74                I2C2_ER_IRQHandler
                0x08003c74                DMA1_Channel2_IRQHandler
                0x08003c74                CAN1_SCE_IRQHandler
                0x08003c74                FLASH_IRQHandler
                0x08003c74                USART1_IRQHandler
                0x08003c74                I2C1_ER_IRQHandler
                0x08003c74                USBWakeUp_IRQHandler
 *fill*         0x08003c76        0x2 
 .text.sprintf  0x08003c78       0x40 C:/ST/STM32CubeCLT_1.15.0/GNU-tools-for-STM32/bin/../lib/gcc/arm-none-eabi/12.3.1/../../../../arm-none-eabi/lib/thumb/v7-m/nofp\libg_nano.a(libc_a-sprintf.o)
                0x08003c78                siprintf
                0x08003c78                sprintf
 .text.__errno  0x08003cb8        0xc C:/ST/STM32CubeCLT_1.15.0/GNU-tools-for-STM32/bin/../lib/gcc/arm-none-eabi/12.3.1/../../../../arm-none-eabi/lib/thumb/v7-m/nofp\libg_nano.a(libc_a-errno.o)
                0x08003cb8                __errno
 .text.memcpy   0x08003cc4       0x1c C:/ST/STM32CubeCLT_1.15.0/GNU-tools-for-STM32/bin/../lib/gcc/arm-none-eabi/12.3.1/../../../../arm-none-eabi/lib/thumb/v7-m/nofp\libg_nano.a(libc_a-memcpy-stub.o)
                0x08003cc4                memcpy
 .text.__ssputs_r
                0x08003ce0       0xb6 C:/ST/STM32CubeCLT_1.15.0/GNU-tools-for-STM32/bin/../lib/gcc/arm-none-eabi/12.3.1/../../../../arm-none-eabi/lib/thumb/v7-m/nofp\libg_nano.a(libc_a-nano-svfprintf.o)
                0x08003ce0                __ssputs_r
 *fill*         0x08003d96        0x2 
 .text._svfprintf_r
                0x08003d98      0x1f8 C:/ST/STM32CubeCLT_1.15.0/GNU-tools-for-STM32/bin/../lib/gcc/arm-none-eabi/12.3.1/../../../../arm-none-eabi/lib/thumb/v7-m/nofp\libg_nano.a(libc_a-nano-svfprintf.o)
                0x08003d98                _svfiprintf_r
                0x08003d98                _svfprintf_r
 .text._printf_common
                0x08003f90       0xe4 C:/ST/STM32CubeCLT_1.15.0/GNU-tools-for-STM32/bin/../lib/gcc/arm-none-eabi/12.3.1/../../../../arm-none-eabi/lib/thumb/v7-m/nofp\libg_nano.a(libc_a-nano-vfprintf_i.o)
                0x08003f90                _printf_common
 .text._printf_i
                0x08004074      0x240 C:/ST/STM32CubeCLT_1.15.0/GNU-tools-for-STM32/bin/../lib/gcc/arm-none-eabi/12.3.1/../../../../arm-none-eabi/lib/thumb/v7-m/nofp\libg_nano.a(libc_a-nano-vfprintf_i.o)
                0x08004074                _printf_i
 .text.memmove  0x080042b4       0x34 C:/ST/STM32CubeCLT_1.15.0/GNU-tools-for-STM32/bin/../lib/gcc/arm-none-eabi/12.3.1/../../../../arm-none-eabi/lib/thumb/v7-m/nofp\libg_nano.a(libc_a-memmove.o)
                0x080042b4                memmove
 .text.memchr   0x080042e8       0x1c C:/ST/STM32CubeCLT_1.15.0/GNU-tools-for-STM32/bin/../lib/gcc/arm-none-eabi/12.3.1/../../../../arm-none-eabi/lib/thumb/v7-m/nofp\libg_nano.a(libc_a-memchr-stub.o)
                0x080042e8                memchr
 .text._realloc_r
                0x08004304       0x5c C:/ST/STM32CubeCLT_1.15.0/GNU-tools-for-STM32/bin/../lib/gcc/arm-none-eabi/12.3.1/../../../../arm-none-eabi/lib/thumb/v7-m/nofp\libg_nano.a(libc_a-reallocr.o)
                0x08004304                _realloc_r
 .text._malloc_usable_size_r
                0x08004360       0x10 C:/ST/STM32CubeCLT_1.15.0/GNU-tools-for-STM32/bin/../lib/gcc/arm-none-eabi/12.3.1/../../../../arm-none-eabi/lib/thumb/v7-m/nofp\libg_nano.a(libc_a-msizer.o)
                0x08004360                _malloc_usable_size_r
 .text.lround   0x08004370       0x72 C:/ST/STM32CubeCLT_1.15.0/GNU-tools-for-STM32/bin/../lib/gcc/arm-none-eabi/12.3.1/../../../../arm-none-eabi/lib/thumb/v7-m/nofp\libm.a(libm_a-s_lround.o)
                0x08004370                lround
 *(.glue_7)
 .glue_7        0x080043e2        0x0 linker stubs
 *(.glue_7t)
 .glue_7t       0x080043e2        0x0 linker stubs
 *(.eh_frame)
 *fill*         0x080043e2        0x2 
 .eh_frame      0x080043e4        0x0 C:/ST/STM32CubeCLT_1.15.0/GNU-tools-for-STM32/bin/../lib/gcc/arm-none-eabi/12.3.1/thumb/v7-m/nofp/crtbegin.o
 *(.init)
 .init          0x080043e4        0x4 C:/ST/STM32CubeCLT_1.15.0/GNU-tools-for-STM32/bin/../lib/gcc/arm-none-eabi/12.3.1/thumb/v7-m/nofp/crti.o
                0x080043e4                _init
 .init          0x080043e8        0x8 C:/ST/STM32CubeCLT_1.15.0/GNU-tools-for-STM32/bin/../lib/gcc/arm-none-eabi/12.3.1/thumb/v7-m/nofp/crtn.o
 *(.fini)
 .fini          0x080043f0        0x4 C:/ST/STM32CubeCLT_1.15.0/GNU-tools-for-STM32/bin/../lib/gcc/arm-none-eabi/12.3.1/thumb/v7-m/nofp/crti.o
                0x080043f0                _fini
 .fini          0x080043f4        0x8 C:/ST/STM32CubeCLT_1.15.0/GNU-tools-for-STM32/bin/../lib/gcc/arm-none-eabi/12.3.1/thumb/v7-m/nofp/crtn.o
                0x080043fc                        . = ALIGN (0x4)
                0x080043fc                        _etext = .

.vfp11_veneer   0x080043fc        0x0
 .vfp11_veneer  0x080043fc        0x0 linker stubs

.v4_bx          0x080043fc        0x0
 .v4_bx         0x080043fc        0x0 linker stubs

.iplt           0x080043fc        0x0
 .iplt          0x080043fc        0x0 C:/ST/STM32CubeCLT_1.15.0/GNU-tools-for-STM32/bin/../lib/gcc/arm-none-eabi/12.3.1/thumb/v7-m/nofp/crtbegin.o

.rodata         0x080043fc      0x110
                0x080043fc                        . = ALIGN (0x4)
 *(.rodata)
 .rodata        0x080043fc       0x94 CMakeFiles/function_generator.dir/Core/Src/main.c.obj
 .rodata        0x08004490       0x10 CMakeFiles/function_generator.dir/Drivers/STM32F1xx_HAL_Driver/Src/stm32f1xx_hal_rcc.c.obj
 *(.rodata*)
 .rodata.address
                0x080044a0       0x20 CMakeFiles/function_generator.dir/Core/Src/lcd.c.obj
                0x080044a0                address
 .rodata.AHBPrescTable
                0x080044c0       0x10 CMakeFiles/function_generator.dir/Core/Src/system_stm32f1xx.c.obj
                0x080044c0                AHBPrescTable
 .rodata.APBPrescTable
                0x080044d0        0x8 CMakeFiles/function_generator.dir/Core/Src/system_stm32f1xx.c.obj
                0x080044d0                APBPrescTable
 .rodata._svfprintf_r.str1.1
                0x080044d8       0x11 C:/ST/STM32CubeCLT_1.15.0/GNU-tools-for-STM32/bin/../lib/gcc/arm-none-eabi/12.3.1/../../../../arm-none-eabi/lib/thumb/v7-m/nofp\libg_nano.a(libc_a-nano-svfprintf.o)
 .rodata._printf_i.str1.1
                0x080044e9       0x22 C:/ST/STM32CubeCLT_1.15.0/GNU-tools-for-STM32/bin/../lib/gcc/arm-none-eabi/12.3.1/../../../../arm-none-eabi/lib/thumb/v7-m/nofp\libg_nano.a(libc_a-nano-vfprintf_i.o)
                0x0800450c                        . = ALIGN (0x4)
 *fill*         0x0800450b        0x1 

.ARM.extab
 *(.ARM.extab* .gnu.linkonce.armextab.*)

.ARM            0x0800450c        0x8
                0x0800450c                        __exidx_start = .
 *(.ARM.exidx*)
 .ARM.exidx     0x0800450c        0x8 C:/ST/STM32CubeCLT_1.15.0/GNU-tools-for-STM32/bin/../lib/gcc/arm-none-eabi/12.3.1/../../../../arm-none-eabi/lib/thumb/v7-m/nofp\libg_nano.a(libc_a-strlen.o)
                0x08004514                        __exidx_end = .

.rel.dyn        0x08004514        0x0
 .rel.iplt      0x08004514        0x0 C:/ST/STM32CubeCLT_1.15.0/GNU-tools-for-STM32/bin/../lib/gcc/arm-none-eabi/12.3.1/thumb/v7-m/nofp/crtbegin.o

.preinit_array  0x08004514        0x0
                0x08004514                        PROVIDE (__preinit_array_start = .)
 *(.preinit_array*)
                0x08004514                        PROVIDE (__preinit_array_end = .)

.init_array     0x08004514        0x4
                0x08004514                        PROVIDE (__init_array_start = .)
 *(SORT_BY_NAME(.init_array.*))
 *(.init_array*)
 .init_array    0x08004514        0x4 C:/ST/STM32CubeCLT_1.15.0/GNU-tools-for-STM32/bin/../lib/gcc/arm-none-eabi/12.3.1/thumb/v7-m/nofp/crtbegin.o
                0x08004518                        PROVIDE (__init_array_end = .)

.fini_array     0x08004518        0x4
                [!provide]                        PROVIDE (__fini_array_start = .)
 *(SORT_BY_NAME(.fini_array.*))
 *(.fini_array*)
 .fini_array    0x08004518        0x4 C:/ST/STM32CubeCLT_1.15.0/GNU-tools-for-STM32/bin/../lib/gcc/arm-none-eabi/12.3.1/thumb/v7-m/nofp/crtbegin.o
                [!provide]                        PROVIDE (__fini_array_end = .)
                0x0800451c                        _sidata = LOADADDR (.data)

.data           0x20000000       0x5c load address 0x0800451c
                0x20000000                        . = ALIGN (0x4)
                0x20000000                        _sdata = .
 *(.data)
 *(.data*)
 .data._impure_ptr
                0x20000000        0x4 C:/ST/STM32CubeCLT_1.15.0/GNU-tools-for-STM32/bin/../lib/gcc/arm-none-eabi/12.3.1/../../../../arm-none-eabi/lib/thumb/v7-m/nofp\libc_nano.a(libc_a-impure.o)
                0x20000000                _impure_ptr
 .data._impure_data
                0x20000004       0x4c C:/ST/STM32CubeCLT_1.15.0/GNU-tools-for-STM32/bin/../lib/gcc/arm-none-eabi/12.3.1/../../../../arm-none-eabi/lib/thumb/v7-m/nofp\libc_nano.a(libc_a-impure.o)
                0x20000004                _impure_data
 .data.uwTickPrio
                0x20000050        0x4 CMakeFiles/function_generator.dir/Drivers/STM32F1xx_HAL_Driver/Src/stm32f1xx_hal.c.obj
                0x20000050                uwTickPrio
 .data.uwTickFreq
                0x20000054        0x1 CMakeFiles/function_generator.dir/Drivers/STM32F1xx_HAL_Driver/Src/stm32f1xx_hal.c.obj
                0x20000054                uwTickFreq
 *fill*         0x20000055        0x3 
 .data.SystemCoreClock
                0x20000058        0x4 CMakeFiles/function_generator.dir/Core/Src/system_stm32f1xx.c.obj
                0x20000058                SystemCoreClock
                0x2000005c                        . = ALIGN (0x4)
                0x2000005c                        _edata = .

.igot.plt       0x2000005c        0x0 load address 0x08004578
 .igot.plt      0x2000005c        0x0 C:/ST/STM32CubeCLT_1.15.0/GNU-tools-for-STM32/bin/../lib/gcc/arm-none-eabi/12.3.1/thumb/v7-m/nofp/crtbegin.o
                0x2000005c                        . = ALIGN (0x4)

.bss            0x2000005c      0x220 load address 0x08004578
                0x2000005c                        _sbss = .
                0x2000005c                        __bss_start__ = _sbss
 *(.bss)
 .bss           0x2000005c       0x1c C:/ST/STM32CubeCLT_1.15.0/GNU-tools-for-STM32/bin/../lib/gcc/arm-none-eabi/12.3.1/thumb/v7-m/nofp/crtbegin.o
 *(.bss*)
 .bss.__sf      0x20000078      0x138 C:/ST/STM32CubeCLT_1.15.0/GNU-tools-for-STM32/bin/../lib/gcc/arm-none-eabi/12.3.1/../../../../arm-none-eabi/lib/thumb/v7-m/nofp\libc_nano.a(libc_a-findfp.o)
                0x20000078                __sf
 .bss.errno     0x200001b0        0x4 C:/ST/STM32CubeCLT_1.15.0/GNU-tools-for-STM32/bin/../lib/gcc/arm-none-eabi/12.3.1/../../../../arm-none-eabi/lib/thumb/v7-m/nofp\libc_nano.a(libc_a-reent.o)
                0x200001b0                errno
 .bss.__lock___malloc_recursive_mutex
                0x200001b4        0x1 C:/ST/STM32CubeCLT_1.15.0/GNU-tools-for-STM32/bin/../lib/gcc/arm-none-eabi/12.3.1/../../../../arm-none-eabi/lib/thumb/v7-m/nofp\libc_nano.a(libc_a-lock.o)
                0x200001b4                __lock___malloc_recursive_mutex
 *fill*         0x200001b5        0x3 
 .bss.__malloc_sbrk_start
                0x200001b8        0x4 C:/ST/STM32CubeCLT_1.15.0/GNU-tools-for-STM32/bin/../lib/gcc/arm-none-eabi/12.3.1/../../../../arm-none-eabi/lib/thumb/v7-m/nofp\libc_nano.a(libc_a-mallocr.o)
                0x200001b8                __malloc_sbrk_start
 .bss.__malloc_free_list
                0x200001bc        0x4 C:/ST/STM32CubeCLT_1.15.0/GNU-tools-for-STM32/bin/../lib/gcc/arm-none-eabi/12.3.1/../../../../arm-none-eabi/lib/thumb/v7-m/nofp\libc_nano.a(libc_a-mallocr.o)
                0x200001bc                __malloc_free_list
 .bss.hi2c1     0x200001c0       0x54 CMakeFiles/function_generator.dir/Core/Src/i2c.c.obj
                0x200001c0                hi2c1
 .bss.hspi1     0x20000214       0x58 CMakeFiles/function_generator.dir/Core/Src/spi.c.obj
                0x20000214                hspi1
 .bss.backlight_state
                0x2000026c        0x1 CMakeFiles/function_generator.dir/Core/Src/lcd.c.obj
 .bss._waveform
                0x2000026d        0x1 CMakeFiles/function_generator.dir/Core/Src/ad9833.c.obj
                0x2000026d                _waveform
 .bss._sleep_mode
                0x2000026e        0x1 CMakeFiles/function_generator.dir/Core/Src/ad9833.c.obj
                0x2000026e                _sleep_mode
 .bss._freq_source
                0x2000026f        0x1 CMakeFiles/function_generator.dir/Core/Src/ad9833.c.obj
                0x2000026f                _freq_source
 .bss._phase_source
                0x20000270        0x1 CMakeFiles/function_generator.dir/Core/Src/ad9833.c.obj
                0x20000270                _phase_source
 .bss._reset_state
                0x20000271        0x1 CMakeFiles/function_generator.dir/Core/Src/ad9833.c.obj
                0x20000271                _reset_state
 *fill*         0x20000272        0x2 
 .bss.uwTick    0x20000274        0x4 CMakeFiles/function_generator.dir/Drivers/STM32F1xx_HAL_Driver/Src/stm32f1xx_hal.c.obj
                0x20000274                uwTick
 .bss.__sbrk_heap_end
                0x20000278        0x4 CMakeFiles/function_generator.dir/Core/Src/sysmem.c.obj
 *(COMMON)
                0x2000027c                        . = ALIGN (0x4)
                0x2000027c                        _ebss = .
                0x2000027c                        __bss_end__ = _ebss

._user_heap_stack
                0x2000027c      0x604 load address 0x08004578
                0x20000280                        . = ALIGN (0x8)
 *fill*         0x2000027c        0x4 
                [!provide]                        PROVIDE (end = .)
                0x20000280                        PROVIDE (_end = .)
                0x20000480                        . = (. + _Min_Heap_Size)
 *fill*         0x20000280      0x200 
                0x20000880                        . = (. + _Min_Stack_Size)
 *fill*         0x20000480      0x400 
                0x20000880                        . = ALIGN (0x8)

/DISCARD/
 libc.a(*)
 libm.a(*)
 libgcc.a(*)

.ARM.attributes
                0x00000000       0x29
 *(.ARM.attributes)
 .ARM.attributes
                0x00000000       0x1d C:/ST/STM32CubeCLT_1.15.0/GNU-tools-for-STM32/bin/../lib/gcc/arm-none-eabi/12.3.1/thumb/v7-m/nofp/crti.o
 .ARM.attributes
                0x0000001d       0x2d C:/ST/STM32CubeCLT_1.15.0/GNU-tools-for-STM32/bin/../lib/gcc/arm-none-eabi/12.3.1/thumb/v7-m/nofp/crtbegin.o
 .ARM.attributes
                0x0000004a       0x2d C:/ST/STM32CubeCLT_1.15.0/GNU-tools-for-STM32/bin/../lib/gcc/arm-none-eabi/12.3.1/../../../../arm-none-eabi/lib/thumb/v7-m/nofp\libc_nano.a(libc_a-findfp.o)
 .ARM.attributes
                0x00000077       0x2d C:/ST/STM32CubeCLT_1.15.0/GNU-tools-for-STM32/bin/../lib/gcc/arm-none-eabi/12.3.1/../../../../arm-none-eabi/lib/thumb/v7-m/nofp\libc_nano.a(libc_a-memset.o)
 .ARM.attributes
                0x000000a4       0x2d C:/ST/STM32CubeCLT_1.15.0/GNU-tools-for-STM32/bin/../lib/gcc/arm-none-eabi/12.3.1/../../../../arm-none-eabi/lib/thumb/v7-m/nofp\libc_nano.a(libc_a-reent.o)
 .ARM.attributes
                0x000000d1       0x2d C:/ST/STM32CubeCLT_1.15.0/GNU-tools-for-STM32/bin/../lib/gcc/arm-none-eabi/12.3.1/../../../../arm-none-eabi/lib/thumb/v7-m/nofp\libc_nano.a(libc_a-impure.o)
 .ARM.attributes
                0x000000fe       0x2d C:/ST/STM32CubeCLT_1.15.0/GNU-tools-for-STM32/bin/../lib/gcc/arm-none-eabi/12.3.1/../../../../arm-none-eabi/lib/thumb/v7-m/nofp\libc_nano.a(libc_a-init.o)
 .ARM.attributes
                0x0000012b       0x2d C:/ST/STM32CubeCLT_1.15.0/GNU-tools-for-STM32/bin/../lib/gcc/arm-none-eabi/12.3.1/../../../../arm-none-eabi/lib/thumb/v7-m/nofp\libc_nano.a(libc_a-lock.o)
 .ARM.attributes
                0x00000158       0x2d C:/ST/STM32CubeCLT_1.15.0/GNU-tools-for-STM32/bin/../lib/gcc/arm-none-eabi/12.3.1/../../../../arm-none-eabi/lib/thumb/v7-m/nofp\libc_nano.a(libc_a-freer.o)
 .ARM.attributes
                0x00000185       0x2d C:/ST/STM32CubeCLT_1.15.0/GNU-tools-for-STM32/bin/../lib/gcc/arm-none-eabi/12.3.1/../../../../arm-none-eabi/lib/thumb/v7-m/nofp\libc_nano.a(libc_a-mallocr.o)
 .ARM.attributes
                0x000001b2       0x2d C:/ST/STM32CubeCLT_1.15.0/GNU-tools-for-STM32/bin/../lib/gcc/arm-none-eabi/12.3.1/../../../../arm-none-eabi/lib/thumb/v7-m/nofp\libc_nano.a(libc_a-mlock.o)
 .ARM.attributes
                0x000001df       0x2d C:/ST/STM32CubeCLT_1.15.0/GNU-tools-for-STM32/bin/../lib/gcc/arm-none-eabi/12.3.1/../../../../arm-none-eabi/lib/thumb/v7-m/nofp\libc_nano.a(libc_a-sbrkr.o)
 .ARM.attributes
                0x0000020c       0x2d CMakeFiles/function_generator.dir/Core/Src/main.c.obj
 .ARM.attributes
                0x00000239       0x2d CMakeFiles/function_generator.dir/Core/Src/gpio.c.obj
 .ARM.attributes
                0x00000266       0x2d CMakeFiles/function_generator.dir/Core/Src/i2c.c.obj
 .ARM.attributes
                0x00000293       0x2d CMakeFiles/function_generator.dir/Core/Src/spi.c.obj
 .ARM.attributes
                0x000002c0       0x2d CMakeFiles/function_generator.dir/Core/Src/lcd.c.obj
 .ARM.attributes
                0x000002ed       0x2d CMakeFiles/function_generator.dir/Core/Src/ad9833.c.obj
 .ARM.attributes
                0x0000031a       0x2d CMakeFiles/function_generator.dir/Core/Src/stm32f1xx_it.c.obj
 .ARM.attributes
                0x00000347       0x2d CMakeFiles/function_generator.dir/Core/Src/stm32f1xx_hal_msp.c.obj
 .ARM.attributes
                0x00000374       0x2d CMakeFiles/function_generator.dir/Drivers/STM32F1xx_HAL_Driver/Src/stm32f1xx_hal_i2c.c.obj
 .ARM.attributes
                0x000003a1       0x2d CMakeFiles/function_generator.dir/Drivers/STM32F1xx_HAL_Driver/Src/stm32f1xx_hal.c.obj
 .ARM.attributes
                0x000003ce       0x2d CMakeFiles/function_generator.dir/Drivers/STM32F1xx_HAL_Driver/Src/stm32f1xx_hal_rcc.c.obj
 .ARM.attributes
                0x000003fb       0x2d CMakeFiles/function_generator.dir/Drivers/STM32F1xx_HAL_Driver/Src/stm32f1xx_hal_gpio.c.obj
 .ARM.attributes
                0x00000428       0x2d CMakeFiles/function_generator.dir/Drivers/STM32F1xx_HAL_Driver/Src/stm32f1xx_hal_cortex.c.obj
 .ARM.attributes
                0x00000455       0x2d CMakeFiles/function_generator.dir/Drivers/STM32F1xx_HAL_Driver/Src/stm32f1xx_hal_spi.c.obj
 .ARM.attributes
                0x00000482       0x2d CMakeFiles/function_generator.dir/Core/Src/system_stm32f1xx.c.obj
 .ARM.attributes
                0x000004af       0x2d CMakeFiles/function_generator.dir/Core/Src/sysmem.c.obj
 .ARM.attributes
                0x000004dc       0x21 CMakeFiles/function_generator.dir/startup_stm32f103xb.s.obj
 .ARM.attributes
                0x000004fd       0x1d C:/ST/STM32CubeCLT_1.15.0/GNU-tools-for-STM32/bin/../lib/gcc/arm-none-eabi/12.3.1/thumb/v7-m/nofp\libgcc.a(_arm_mulsf3.o)
 .ARM.attributes
                0x0000051a       0x1d C:/ST/STM32CubeCLT_1.15.0/GNU-tools-for-STM32/bin/../lib/gcc/arm-none-eabi/12.3.1/thumb/v7-m/nofp\libgcc.a(_arm_addsubdf3.o)
 .ARM.attributes
                0x00000537       0x1d C:/ST/STM32CubeCLT_1.15.0/GNU-tools-for-STM32/bin/../lib/gcc/arm-none-eabi/12.3.1/thumb/v7-m/nofp\libgcc.a(_arm_muldivdf3.o)
 .ARM.attributes
                0x00000554       0x1d C:/ST/STM32CubeCLT_1.15.0/GNU-tools-for-STM32/bin/../lib/gcc/arm-none-eabi/12.3.1/thumb/v7-m/nofp\libgcc.a(_arm_fixunsdfsi.o)
 .ARM.attributes
                0x00000571       0x1d C:/ST/STM32CubeCLT_1.15.0/GNU-tools-for-STM32/bin/../lib/gcc/arm-none-eabi/12.3.1/thumb/v7-m/nofp\libgcc.a(_arm_addsubsf3.o)
 .ARM.attributes
                0x0000058e       0x1d C:/ST/STM32CubeCLT_1.15.0/GNU-tools-for-STM32/bin/../lib/gcc/arm-none-eabi/12.3.1/thumb/v7-m/nofp\libgcc.a(_arm_fixunssfsi.o)
 .ARM.attributes
                0x000005ab       0x2d C:/ST/STM32CubeCLT_1.15.0/GNU-tools-for-STM32/bin/../lib/gcc/arm-none-eabi/12.3.1/../../../../arm-none-eabi/lib/thumb/v7-m/nofp\libg_nano.a(libc_a-sprintf.o)
 .ARM.attributes
                0x000005d8       0x2d C:/ST/STM32CubeCLT_1.15.0/GNU-tools-for-STM32/bin/../lib/gcc/arm-none-eabi/12.3.1/../../../../arm-none-eabi/lib/thumb/v7-m/nofp\libg_nano.a(libc_a-errno.o)
 .ARM.attributes
                0x00000605       0x2d C:/ST/STM32CubeCLT_1.15.0/GNU-tools-for-STM32/bin/../lib/gcc/arm-none-eabi/12.3.1/../../../../arm-none-eabi/lib/thumb/v7-m/nofp\libg_nano.a(libc_a-memcpy-stub.o)
 .ARM.attributes
                0x00000632       0x17 C:/ST/STM32CubeCLT_1.15.0/GNU-tools-for-STM32/bin/../lib/gcc/arm-none-eabi/12.3.1/../../../../arm-none-eabi/lib/thumb/v7-m/nofp\libg_nano.a(libc_a-strlen.o)
 .ARM.attributes
                0x00000649       0x2d C:/ST/STM32CubeCLT_1.15.0/GNU-tools-for-STM32/bin/../lib/gcc/arm-none-eabi/12.3.1/../../../../arm-none-eabi/lib/thumb/v7-m/nofp\libg_nano.a(libc_a-nano-svfprintf.o)
 .ARM.attributes
                0x00000676       0x2d C:/ST/STM32CubeCLT_1.15.0/GNU-tools-for-STM32/bin/../lib/gcc/arm-none-eabi/12.3.1/../../../../arm-none-eabi/lib/thumb/v7-m/nofp\libg_nano.a(libc_a-nano-vfprintf_i.o)
 .ARM.attributes
                0x000006a3       0x2d C:/ST/STM32CubeCLT_1.15.0/GNU-tools-for-STM32/bin/../lib/gcc/arm-none-eabi/12.3.1/../../../../arm-none-eabi/lib/thumb/v7-m/nofp\libg_nano.a(libc_a-memmove.o)
 .ARM.attributes
                0x000006d0       0x2d C:/ST/STM32CubeCLT_1.15.0/GNU-tools-for-STM32/bin/../lib/gcc/arm-none-eabi/12.3.1/../../../../arm-none-eabi/lib/thumb/v7-m/nofp\libg_nano.a(libc_a-memchr-stub.o)
 .ARM.attributes
                0x000006fd       0x2d C:/ST/STM32CubeCLT_1.15.0/GNU-tools-for-STM32/bin/../lib/gcc/arm-none-eabi/12.3.1/../../../../arm-none-eabi/lib/thumb/v7-m/nofp\libg_nano.a(libc_a-reallocr.o)
 .ARM.attributes
                0x0000072a       0x2d C:/ST/STM32CubeCLT_1.15.0/GNU-tools-for-STM32/bin/../lib/gcc/arm-none-eabi/12.3.1/../../../../arm-none-eabi/lib/thumb/v7-m/nofp\libg_nano.a(libc_a-msizer.o)
 .ARM.attributes
                0x00000757       0x1d C:/ST/STM32CubeCLT_1.15.0/GNU-tools-for-STM32/bin/../lib/gcc/arm-none-eabi/12.3.1/thumb/v7-m/nofp/crtn.o
 .ARM.attributes
                0x00000774       0x2d C:/ST/STM32CubeCLT_1.15.0/GNU-tools-for-STM32/bin/../lib/gcc/arm-none-eabi/12.3.1/../../../../arm-none-eabi/lib/thumb/v7-m/nofp\libm.a(libm_a-s_lround.o)
 .ARM.attributes
                0x000007a1       0x1d C:/ST/STM32CubeCLT_1.15.0/GNU-tools-for-STM32/bin/../lib/gcc/arm-none-eabi/12.3.1/thumb/v7-m/nofp\libgcc.a(_arm_fixdfsi.o)
OUTPUT(function_generator.elf elf32-littlearm)
LOAD linker stubs
LOAD C:/ST/STM32CubeCLT_1.15.0/GNU-tools-for-STM32/bin/../lib/gcc/arm-none-eabi/12.3.1/../../../../arm-none-eabi/lib/thumb/v7-m/nofp\libc.a
LOAD C:/ST/STM32CubeCLT_1.15.0/GNU-tools-for-STM32/bin/../lib/gcc/arm-none-eabi/12.3.1/../../../../arm-none-eabi/lib/thumb/v7-m/nofp\libm.a
LOAD C:/ST/STM32CubeCLT_1.15.0/GNU-tools-for-STM32/bin/../lib/gcc/arm-none-eabi/12.3.1/thumb/v7-m/nofp\libgcc.a

.debug_frame    0x00000000     0x2d3c
 .debug_frame   0x00000000      0x144 C:/ST/STM32CubeCLT_1.15.0/GNU-tools-for-STM32/bin/../lib/gcc/arm-none-eabi/12.3.1/../../../../arm-none-eabi/lib/thumb/v7-m/nofp\libc_nano.a(libc_a-findfp.o)
 .debug_frame   0x00000144       0x20 C:/ST/STM32CubeCLT_1.15.0/GNU-tools-for-STM32/bin/../lib/gcc/arm-none-eabi/12.3.1/../../../../arm-none-eabi/lib/thumb/v7-m/nofp\libc_nano.a(libc_a-memset.o)
 .debug_frame   0x00000164       0x38 C:/ST/STM32CubeCLT_1.15.0/GNU-tools-for-STM32/bin/../lib/gcc/arm-none-eabi/12.3.1/../../../../arm-none-eabi/lib/thumb/v7-m/nofp\libc_nano.a(libc_a-reent.o)
 .debug_frame   0x0000019c       0x2c C:/ST/STM32CubeCLT_1.15.0/GNU-tools-for-STM32/bin/../lib/gcc/arm-none-eabi/12.3.1/../../../../arm-none-eabi/lib/thumb/v7-m/nofp\libc_nano.a(libc_a-init.o)
 .debug_frame   0x000001c8       0xb0 C:/ST/STM32CubeCLT_1.15.0/GNU-tools-for-STM32/bin/../lib/gcc/arm-none-eabi/12.3.1/../../../../arm-none-eabi/lib/thumb/v7-m/nofp\libc_nano.a(libc_a-lock.o)
 .debug_frame   0x00000278       0x38 C:/ST/STM32CubeCLT_1.15.0/GNU-tools-for-STM32/bin/../lib/gcc/arm-none-eabi/12.3.1/../../../../arm-none-eabi/lib/thumb/v7-m/nofp\libc_nano.a(libc_a-freer.o)
 .debug_frame   0x000002b0       0x50 C:/ST/STM32CubeCLT_1.15.0/GNU-tools-for-STM32/bin/../lib/gcc/arm-none-eabi/12.3.1/../../../../arm-none-eabi/lib/thumb/v7-m/nofp\libc_nano.a(libc_a-mallocr.o)
 .debug_frame   0x00000300       0x30 C:/ST/STM32CubeCLT_1.15.0/GNU-tools-for-STM32/bin/../lib/gcc/arm-none-eabi/12.3.1/../../../../arm-none-eabi/lib/thumb/v7-m/nofp\libc_nano.a(libc_a-mlock.o)
 .debug_frame   0x00000330       0x2c C:/ST/STM32CubeCLT_1.15.0/GNU-tools-for-STM32/bin/../lib/gcc/arm-none-eabi/12.3.1/../../../../arm-none-eabi/lib/thumb/v7-m/nofp\libc_nano.a(libc_a-sbrkr.o)
 .debug_frame   0x0000035c       0xdc CMakeFiles/function_generator.dir/Core/Src/main.c.obj
 .debug_frame   0x00000438       0x34 CMakeFiles/function_generator.dir/Core/Src/gpio.c.obj
 .debug_frame   0x0000046c       0x74 CMakeFiles/function_generator.dir/Core/Src/i2c.c.obj
 .debug_frame   0x000004e0       0x74 CMakeFiles/function_generator.dir/Core/Src/spi.c.obj
 .debug_frame   0x00000554      0x124 CMakeFiles/function_generator.dir/Core/Src/lcd.c.obj
 .debug_frame   0x00000678      0x168 CMakeFiles/function_generator.dir/Core/Src/ad9833.c.obj
 .debug_frame   0x000007e0      0x104 CMakeFiles/function_generator.dir/Core/Src/stm32f1xx_it.c.obj
 .debug_frame   0x000008e4       0x38 CMakeFiles/function_generator.dir/Core/Src/stm32f1xx_hal_msp.c.obj
 .debug_frame   0x0000091c      0xc54 CMakeFiles/function_generator.dir/Drivers/STM32F1xx_HAL_Driver/Src/stm32f1xx_hal_i2c.c.obj
 .debug_frame   0x00001570      0x334 CMakeFiles/function_generator.dir/Drivers/STM32F1xx_HAL_Driver/Src/stm32f1xx_hal.c.obj
 .debug_frame   0x000018a4      0x21c CMakeFiles/function_generator.dir/Drivers/STM32F1xx_HAL_Driver/Src/stm32f1xx_hal_rcc.c.obj
 .debug_frame   0x00001ac0      0x14c CMakeFiles/function_generator.dir/Drivers/STM32F1xx_HAL_Driver/Src/stm32f1xx_hal_gpio.c.obj
 .debug_frame   0x00001c0c      0x428 CMakeFiles/function_generator.dir/Drivers/STM32F1xx_HAL_Driver/Src/stm32f1xx_hal_cortex.c.obj
 .debug_frame   0x00002034      0x824 CMakeFiles/function_generator.dir/Drivers/STM32F1xx_HAL_Driver/Src/stm32f1xx_hal_spi.c.obj
 .debug_frame   0x00002858       0x58 CMakeFiles/function_generator.dir/Core/Src/system_stm32f1xx.c.obj
 .debug_frame   0x000028b0       0x34 CMakeFiles/function_generator.dir/Core/Src/sysmem.c.obj
 .debug_frame   0x000028e4       0x24 C:/ST/STM32CubeCLT_1.15.0/GNU-tools-for-STM32/bin/../lib/gcc/arm-none-eabi/12.3.1/thumb/v7-m/nofp\libgcc.a(_arm_mulsf3.o)
 .debug_frame   0x00002908       0xac C:/ST/STM32CubeCLT_1.15.0/GNU-tools-for-STM32/bin/../lib/gcc/arm-none-eabi/12.3.1/thumb/v7-m/nofp\libgcc.a(_arm_addsubdf3.o)
 .debug_frame   0x000029b4       0x50 C:/ST/STM32CubeCLT_1.15.0/GNU-tools-for-STM32/bin/../lib/gcc/arm-none-eabi/12.3.1/thumb/v7-m/nofp\libgcc.a(_arm_muldivdf3.o)
 .debug_frame   0x00002a04       0x24 C:/ST/STM32CubeCLT_1.15.0/GNU-tools-for-STM32/bin/../lib/gcc/arm-none-eabi/12.3.1/thumb/v7-m/nofp\libgcc.a(_arm_fixunsdfsi.o)
 .debug_frame   0x00002a28       0x4c C:/ST/STM32CubeCLT_1.15.0/GNU-tools-for-STM32/bin/../lib/gcc/arm-none-eabi/12.3.1/thumb/v7-m/nofp\libgcc.a(_arm_addsubsf3.o)
 .debug_frame   0x00002a74       0x24 C:/ST/STM32CubeCLT_1.15.0/GNU-tools-for-STM32/bin/../lib/gcc/arm-none-eabi/12.3.1/thumb/v7-m/nofp\libgcc.a(_arm_fixunssfsi.o)
 .debug_frame   0x00002a98       0x6c C:/ST/STM32CubeCLT_1.15.0/GNU-tools-for-STM32/bin/../lib/gcc/arm-none-eabi/12.3.1/../../../../arm-none-eabi/lib/thumb/v7-m/nofp\libg_nano.a(libc_a-sprintf.o)
 .debug_frame   0x00002b04       0x20 C:/ST/STM32CubeCLT_1.15.0/GNU-tools-for-STM32/bin/../lib/gcc/arm-none-eabi/12.3.1/../../../../arm-none-eabi/lib/thumb/v7-m/nofp\libg_nano.a(libc_a-errno.o)
 .debug_frame   0x00002b24       0x28 C:/ST/STM32CubeCLT_1.15.0/GNU-tools-for-STM32/bin/../lib/gcc/arm-none-eabi/12.3.1/../../../../arm-none-eabi/lib/thumb/v7-m/nofp\libg_nano.a(libc_a-memcpy-stub.o)
 .debug_frame   0x00002b4c       0x90 C:/ST/STM32CubeCLT_1.15.0/GNU-tools-for-STM32/bin/../lib/gcc/arm-none-eabi/12.3.1/../../../../arm-none-eabi/lib/thumb/v7-m/nofp\libg_nano.a(libc_a-nano-svfprintf.o)
 .debug_frame   0x00002bdc       0x60 C:/ST/STM32CubeCLT_1.15.0/GNU-tools-for-STM32/bin/../lib/gcc/arm-none-eabi/12.3.1/../../../../arm-none-eabi/lib/thumb/v7-m/nofp\libg_nano.a(libc_a-nano-vfprintf_i.o)
 .debug_frame   0x00002c3c       0x28 C:/ST/STM32CubeCLT_1.15.0/GNU-tools-for-STM32/bin/../lib/gcc/arm-none-eabi/12.3.1/../../../../arm-none-eabi/lib/thumb/v7-m/nofp\libg_nano.a(libc_a-memmove.o)
 .debug_frame   0x00002c64       0x28 C:/ST/STM32CubeCLT_1.15.0/GNU-tools-for-STM32/bin/../lib/gcc/arm-none-eabi/12.3.1/../../../../arm-none-eabi/lib/thumb/v7-m/nofp\libg_nano.a(libc_a-memchr-stub.o)
 .debug_frame   0x00002c8c       0x3c C:/ST/STM32CubeCLT_1.15.0/GNU-tools-for-STM32/bin/../lib/gcc/arm-none-eabi/12.3.1/../../../../arm-none-eabi/lib/thumb/v7-m/nofp\libg_nano.a(libc_a-reallocr.o)
 .debug_frame   0x00002cc8       0x20 C:/ST/STM32CubeCLT_1.15.0/GNU-tools-for-STM32/bin/../lib/gcc/arm-none-eabi/12.3.1/../../../../arm-none-eabi/lib/thumb/v7-m/nofp\libg_nano.a(libc_a-msizer.o)
 .debug_frame   0x00002ce8       0x30 C:/ST/STM32CubeCLT_1.15.0/GNU-tools-for-STM32/bin/../lib/gcc/arm-none-eabi/12.3.1/../../../../arm-none-eabi/lib/thumb/v7-m/nofp\libm.a(libm_a-s_lround.o)
 .debug_frame   0x00002d18       0x24 C:/ST/STM32CubeCLT_1.15.0/GNU-tools-for-STM32/bin/../lib/gcc/arm-none-eabi/12.3.1/thumb/v7-m/nofp\libgcc.a(_arm_fixdfsi.o)

.debug_info     0x00000000     0xcc4f
 .debug_info    0x00000000      0x873 CMakeFiles/function_generator.dir/Core/Src/main.c.obj
 .debug_info    0x00000873      0x2d3 CMakeFiles/function_generator.dir/Core/Src/gpio.c.obj
 .debug_info    0x00000b46      0x7de CMakeFiles/function_generator.dir/Core/Src/i2c.c.obj
 .debug_info    0x00001324      0x7ad CMakeFiles/function_generator.dir/Core/Src/spi.c.obj
 .debug_info    0x00001ad1      0x787 CMakeFiles/function_generator.dir/Core/Src/lcd.c.obj
 .debug_info    0x00002258      0x86a CMakeFiles/function_generator.dir/Core/Src/ad9833.c.obj
 .debug_info    0x00002ac2      0x113 CMakeFiles/function_generator.dir/Core/Src/stm32f1xx_it.c.obj
 .debug_info    0x00002bd5      0x1f1 CMakeFiles/function_generator.dir/Core/Src/stm32f1xx_hal_msp.c.obj
 .debug_info    0x00002dc6     0x24d2 CMakeFiles/function_generator.dir/Drivers/STM32F1xx_HAL_Driver/Src/stm32f1xx_hal_i2c.c.obj
 .debug_info    0x00005298      0x704 CMakeFiles/function_generator.dir/Drivers/STM32F1xx_HAL_Driver/Src/stm32f1xx_hal.c.obj
 .debug_info    0x0000599c      0x7e9 CMakeFiles/function_generator.dir/Drivers/STM32F1xx_HAL_Driver/Src/stm32f1xx_hal_rcc.c.obj
 .debug_info    0x00006185      0x5ab CMakeFiles/function_generator.dir/Drivers/STM32F1xx_HAL_Driver/Src/stm32f1xx_hal_gpio.c.obj
 .debug_info    0x00006730      0xa87 CMakeFiles/function_generator.dir/Drivers/STM32F1xx_HAL_Driver/Src/stm32f1xx_hal_cortex.c.obj
 .debug_info    0x000071b7     0x14ef CMakeFiles/function_generator.dir/Drivers/STM32F1xx_HAL_Driver/Src/stm32f1xx_hal_spi.c.obj
 .debug_info    0x000086a6      0x222 CMakeFiles/function_generator.dir/Core/Src/system_stm32f1xx.c.obj
 .debug_info    0x000088c8      0x168 CMakeFiles/function_generator.dir/Core/Src/sysmem.c.obj
 .debug_info    0x00008a30       0x30 CMakeFiles/function_generator.dir/startup_stm32f103xb.s.obj
 .debug_info    0x00008a60      0x87f C:/ST/STM32CubeCLT_1.15.0/GNU-tools-for-STM32/bin/../lib/gcc/arm-none-eabi/12.3.1/../../../../arm-none-eabi/lib/thumb/v7-m/nofp\libg_nano.a(libc_a-sprintf.o)
 .debug_info    0x000092df      0x6fb C:/ST/STM32CubeCLT_1.15.0/GNU-tools-for-STM32/bin/../lib/gcc/arm-none-eabi/12.3.1/../../../../arm-none-eabi/lib/thumb/v7-m/nofp\libg_nano.a(libc_a-errno.o)
 .debug_info    0x000099da      0x121 C:/ST/STM32CubeCLT_1.15.0/GNU-tools-for-STM32/bin/../lib/gcc/arm-none-eabi/12.3.1/../../../../arm-none-eabi/lib/thumb/v7-m/nofp\libg_nano.a(libc_a-memcpy-stub.o)
 .debug_info    0x00009afb       0x31 C:/ST/STM32CubeCLT_1.15.0/GNU-tools-for-STM32/bin/../lib/gcc/arm-none-eabi/12.3.1/../../../../arm-none-eabi/lib/thumb/v7-m/nofp\libg_nano.a(libc_a-strlen.o)
 .debug_info    0x00009b2c     0x10c7 C:/ST/STM32CubeCLT_1.15.0/GNU-tools-for-STM32/bin/../lib/gcc/arm-none-eabi/12.3.1/../../../../arm-none-eabi/lib/thumb/v7-m/nofp\libg_nano.a(libc_a-nano-svfprintf.o)
 .debug_info    0x0000abf3      0xde2 C:/ST/STM32CubeCLT_1.15.0/GNU-tools-for-STM32/bin/../lib/gcc/arm-none-eabi/12.3.1/../../../../arm-none-eabi/lib/thumb/v7-m/nofp\libg_nano.a(libc_a-nano-vfprintf_i.o)
 .debug_info    0x0000b9d5      0x10f C:/ST/STM32CubeCLT_1.15.0/GNU-tools-for-STM32/bin/../lib/gcc/arm-none-eabi/12.3.1/../../../../arm-none-eabi/lib/thumb/v7-m/nofp\libg_nano.a(libc_a-memmove.o)
 .debug_info    0x0000bae4      0x110 C:/ST/STM32CubeCLT_1.15.0/GNU-tools-for-STM32/bin/../lib/gcc/arm-none-eabi/12.3.1/../../../../arm-none-eabi/lib/thumb/v7-m/nofp\libg_nano.a(libc_a-memchr-stub.o)
 .debug_info    0x0000bbf4      0x8c7 C:/ST/STM32CubeCLT_1.15.0/GNU-tools-for-STM32/bin/../lib/gcc/arm-none-eabi/12.3.1/../../../../arm-none-eabi/lib/thumb/v7-m/nofp\libg_nano.a(libc_a-reallocr.o)
 .debug_info    0x0000c4bb      0x794 C:/ST/STM32CubeCLT_1.15.0/GNU-tools-for-STM32/bin/../lib/gcc/arm-none-eabi/12.3.1/../../../../arm-none-eabi/lib/thumb/v7-m/nofp\libg_nano.a(libc_a-msizer.o)

.debug_abbrev   0x00000000     0x2c64
 .debug_abbrev  0x00000000      0x253 CMakeFiles/function_generator.dir/Core/Src/main.c.obj
 .debug_abbrev  0x00000253      0x13f CMakeFiles/function_generator.dir/Core/Src/gpio.c.obj
 .debug_abbrev  0x00000392      0x1de CMakeFiles/function_generator.dir/Core/Src/i2c.c.obj
 .debug_abbrev  0x00000570      0x1e0 CMakeFiles/function_generator.dir/Core/Src/spi.c.obj
 .debug_abbrev  0x00000750      0x222 CMakeFiles/function_generator.dir/Core/Src/lcd.c.obj
 .debug_abbrev  0x00000972      0x1d1 CMakeFiles/function_generator.dir/Core/Src/ad9833.c.obj
 .debug_abbrev  0x00000b43       0x73 CMakeFiles/function_generator.dir/Core/Src/stm32f1xx_it.c.obj
 .debug_abbrev  0x00000bb6       0xdb CMakeFiles/function_generator.dir/Core/Src/stm32f1xx_hal_msp.c.obj
 .debug_abbrev  0x00000c91      0x2a3 CMakeFiles/function_generator.dir/Drivers/STM32F1xx_HAL_Driver/Src/stm32f1xx_hal_i2c.c.obj
 .debug_abbrev  0x00000f34      0x201 CMakeFiles/function_generator.dir/Drivers/STM32F1xx_HAL_Driver/Src/stm32f1xx_hal.c.obj
 .debug_abbrev  0x00001135      0x2b1 CMakeFiles/function_generator.dir/Drivers/STM32F1xx_HAL_Driver/Src/stm32f1xx_hal_rcc.c.obj
 .debug_abbrev  0x000013e6      0x1ca CMakeFiles/function_generator.dir/Drivers/STM32F1xx_HAL_Driver/Src/stm32f1xx_hal_gpio.c.obj
 .debug_abbrev  0x000015b0      0x2f8 CMakeFiles/function_generator.dir/Drivers/STM32F1xx_HAL_Driver/Src/stm32f1xx_hal_cortex.c.obj
 .debug_abbrev  0x000018a8      0x284 CMakeFiles/function_generator.dir/Drivers/STM32F1xx_HAL_Driver/Src/stm32f1xx_hal_spi.c.obj
 .debug_abbrev  0x00001b2c      0x13f CMakeFiles/function_generator.dir/Core/Src/system_stm32f1xx.c.obj
 .debug_abbrev  0x00001c6b       0xbc CMakeFiles/function_generator.dir/Core/Src/sysmem.c.obj
 .debug_abbrev  0x00001d27       0x24 CMakeFiles/function_generator.dir/startup_stm32f103xb.s.obj
 .debug_abbrev  0x00001d4b      0x21c C:/ST/STM32CubeCLT_1.15.0/GNU-tools-for-STM32/bin/../lib/gcc/arm-none-eabi/12.3.1/../../../../arm-none-eabi/lib/thumb/v7-m/nofp\libg_nano.a(libc_a-sprintf.o)
 .debug_abbrev  0x00001f67      0x15e C:/ST/STM32CubeCLT_1.15.0/GNU-tools-for-STM32/bin/../lib/gcc/arm-none-eabi/12.3.1/../../../../arm-none-eabi/lib/thumb/v7-m/nofp\libg_nano.a(libc_a-errno.o)
 .debug_abbrev  0x000020c5       0xc1 C:/ST/STM32CubeCLT_1.15.0/GNU-tools-for-STM32/bin/../lib/gcc/arm-none-eabi/12.3.1/../../../../arm-none-eabi/lib/thumb/v7-m/nofp\libg_nano.a(libc_a-memcpy-stub.o)
 .debug_abbrev  0x00002186       0x28 C:/ST/STM32CubeCLT_1.15.0/GNU-tools-for-STM32/bin/../lib/gcc/arm-none-eabi/12.3.1/../../../../arm-none-eabi/lib/thumb/v7-m/nofp\libg_nano.a(libc_a-strlen.o)
 .debug_abbrev  0x000021ae      0x31e C:/ST/STM32CubeCLT_1.15.0/GNU-tools-for-STM32/bin/../lib/gcc/arm-none-eabi/12.3.1/../../../../arm-none-eabi/lib/thumb/v7-m/nofp\libg_nano.a(libc_a-nano-svfprintf.o)
 .debug_abbrev  0x000024cc      0x28e C:/ST/STM32CubeCLT_1.15.0/GNU-tools-for-STM32/bin/../lib/gcc/arm-none-eabi/12.3.1/../../../../arm-none-eabi/lib/thumb/v7-m/nofp\libg_nano.a(libc_a-nano-vfprintf_i.o)
 .debug_abbrev  0x0000275a       0xac C:/ST/STM32CubeCLT_1.15.0/GNU-tools-for-STM32/bin/../lib/gcc/arm-none-eabi/12.3.1/../../../../arm-none-eabi/lib/thumb/v7-m/nofp\libg_nano.a(libc_a-memmove.o)
 .debug_abbrev  0x00002806       0xb1 C:/ST/STM32CubeCLT_1.15.0/GNU-tools-for-STM32/bin/../lib/gcc/arm-none-eabi/12.3.1/../../../../arm-none-eabi/lib/thumb/v7-m/nofp\libg_nano.a(libc_a-memchr-stub.o)
 .debug_abbrev  0x000028b7      0x217 C:/ST/STM32CubeCLT_1.15.0/GNU-tools-for-STM32/bin/../lib/gcc/arm-none-eabi/12.3.1/../../../../arm-none-eabi/lib/thumb/v7-m/nofp\libg_nano.a(libc_a-reallocr.o)
 .debug_abbrev  0x00002ace      0x196 C:/ST/STM32CubeCLT_1.15.0/GNU-tools-for-STM32/bin/../lib/gcc/arm-none-eabi/12.3.1/../../../../arm-none-eabi/lib/thumb/v7-m/nofp\libg_nano.a(libc_a-msizer.o)

.debug_aranges  0x00000000      0xb10
 .debug_aranges
                0x00000000       0x48 CMakeFiles/function_generator.dir/Core/Src/main.c.obj
 .debug_aranges
                0x00000048       0x20 CMakeFiles/function_generator.dir/Core/Src/gpio.c.obj
 .debug_aranges
                0x00000068       0x30 CMakeFiles/function_generator.dir/Core/Src/i2c.c.obj
 .debug_aranges
                0x00000098       0x30 CMakeFiles/function_generator.dir/Core/Src/spi.c.obj
 .debug_aranges
                0x000000c8       0x58 CMakeFiles/function_generator.dir/Core/Src/lcd.c.obj
 .debug_aranges
                0x00000120       0x68 CMakeFiles/function_generator.dir/Core/Src/ad9833.c.obj
 .debug_aranges
                0x00000188       0x60 CMakeFiles/function_generator.dir/Core/Src/stm32f1xx_it.c.obj
 .debug_aranges
                0x000001e8       0x20 CMakeFiles/function_generator.dir/Core/Src/stm32f1xx_hal_msp.c.obj
 .debug_aranges
                0x00000208      0x2a0 CMakeFiles/function_generator.dir/Drivers/STM32F1xx_HAL_Driver/Src/stm32f1xx_hal_i2c.c.obj
 .debug_aranges
                0x000004a8       0xe0 CMakeFiles/function_generator.dir/Drivers/STM32F1xx_HAL_Driver/Src/stm32f1xx_hal.c.obj
 .debug_aranges
                0x00000588       0x90 CMakeFiles/function_generator.dir/Drivers/STM32F1xx_HAL_Driver/Src/stm32f1xx_hal_rcc.c.obj
 .debug_aranges
                0x00000618       0x58 CMakeFiles/function_generator.dir/Drivers/STM32F1xx_HAL_Driver/Src/stm32f1xx_hal_gpio.c.obj
 .debug_aranges
                0x00000670      0x100 CMakeFiles/function_generator.dir/Drivers/STM32F1xx_HAL_Driver/Src/stm32f1xx_hal_cortex.c.obj
 .debug_aranges
                0x00000770      0x1d0 CMakeFiles/function_generator.dir/Drivers/STM32F1xx_HAL_Driver/Src/stm32f1xx_hal_spi.c.obj
 .debug_aranges
                0x00000940       0x28 CMakeFiles/function_generator.dir/Core/Src/system_stm32f1xx.c.obj
 .debug_aranges
                0x00000968       0x20 CMakeFiles/function_generator.dir/Core/Src/sysmem.c.obj
 .debug_aranges
                0x00000988       0x28 CMakeFiles/function_generator.dir/startup_stm32f103xb.s.obj
 .debug_aranges
                0x000009b0       0x28 C:/ST/STM32CubeCLT_1.15.0/GNU-tools-for-STM32/bin/../lib/gcc/arm-none-eabi/12.3.1/../../../../arm-none-eabi/lib/thumb/v7-m/nofp\libg_nano.a(libc_a-sprintf.o)
 .debug_aranges
                0x000009d8       0x20 C:/ST/STM32CubeCLT_1.15.0/GNU-tools-for-STM32/bin/../lib/gcc/arm-none-eabi/12.3.1/../../../../arm-none-eabi/lib/thumb/v7-m/nofp\libg_nano.a(libc_a-errno.o)
 .debug_aranges
                0x000009f8       0x20 C:/ST/STM32CubeCLT_1.15.0/GNU-tools-for-STM32/bin/../lib/gcc/arm-none-eabi/12.3.1/../../../../arm-none-eabi/lib/thumb/v7-m/nofp\libg_nano.a(libc_a-memcpy-stub.o)
 .debug_aranges
                0x00000a18       0x20 C:/ST/STM32CubeCLT_1.15.0/GNU-tools-for-STM32/bin/../lib/gcc/arm-none-eabi/12.3.1/../../../../arm-none-eabi/lib/thumb/v7-m/nofp\libg_nano.a(libc_a-strlen.o)
 .debug_aranges
                0x00000a38       0x30 C:/ST/STM32CubeCLT_1.15.0/GNU-tools-for-STM32/bin/../lib/gcc/arm-none-eabi/12.3.1/../../../../arm-none-eabi/lib/thumb/v7-m/nofp\libg_nano.a(libc_a-nano-svfprintf.o)
 .debug_aranges
                0x00000a68       0x28 C:/ST/STM32CubeCLT_1.15.0/GNU-tools-for-STM32/bin/../lib/gcc/arm-none-eabi/12.3.1/../../../../arm-none-eabi/lib/thumb/v7-m/nofp\libg_nano.a(libc_a-nano-vfprintf_i.o)
 .debug_aranges
                0x00000a90       0x20 C:/ST/STM32CubeCLT_1.15.0/GNU-tools-for-STM32/bin/../lib/gcc/arm-none-eabi/12.3.1/../../../../arm-none-eabi/lib/thumb/v7-m/nofp\libg_nano.a(libc_a-memmove.o)
 .debug_aranges
                0x00000ab0       0x20 C:/ST/STM32CubeCLT_1.15.0/GNU-tools-for-STM32/bin/../lib/gcc/arm-none-eabi/12.3.1/../../../../arm-none-eabi/lib/thumb/v7-m/nofp\libg_nano.a(libc_a-memchr-stub.o)
 .debug_aranges
                0x00000ad0       0x20 C:/ST/STM32CubeCLT_1.15.0/GNU-tools-for-STM32/bin/../lib/gcc/arm-none-eabi/12.3.1/../../../../arm-none-eabi/lib/thumb/v7-m/nofp\libg_nano.a(libc_a-reallocr.o)
 .debug_aranges
                0x00000af0       0x20 C:/ST/STM32CubeCLT_1.15.0/GNU-tools-for-STM32/bin/../lib/gcc/arm-none-eabi/12.3.1/../../../../arm-none-eabi/lib/thumb/v7-m/nofp\libg_nano.a(libc_a-msizer.o)

.debug_rnglists
                0x00000000      0x8a0
 .debug_rnglists
                0x00000000       0x34 CMakeFiles/function_generator.dir/Core/Src/main.c.obj
 .debug_rnglists
                0x00000034       0x14 CMakeFiles/function_generator.dir/Core/Src/gpio.c.obj
 .debug_rnglists
                0x00000048       0x1f CMakeFiles/function_generator.dir/Core/Src/i2c.c.obj
 .debug_rnglists
                0x00000067       0x1f CMakeFiles/function_generator.dir/Core/Src/spi.c.obj
 .debug_rnglists
                0x00000086       0x3e CMakeFiles/function_generator.dir/Core/Src/lcd.c.obj
 .debug_rnglists
                0x000000c4       0x4a CMakeFiles/function_generator.dir/Core/Src/ad9833.c.obj
 .debug_rnglists
                0x0000010e       0x43 CMakeFiles/function_generator.dir/Core/Src/stm32f1xx_it.c.obj
 .debug_rnglists
                0x00000151       0x13 CMakeFiles/function_generator.dir/Core/Src/stm32f1xx_hal_msp.c.obj
 .debug_rnglists
                0x00000164      0x23f CMakeFiles/function_generator.dir/Drivers/STM32F1xx_HAL_Driver/Src/stm32f1xx_hal_i2c.c.obj
 .debug_rnglists
                0x000003a3       0xa3 CMakeFiles/function_generator.dir/Drivers/STM32F1xx_HAL_Driver/Src/stm32f1xx_hal.c.obj
 .debug_rnglists
                0x00000446       0x6c CMakeFiles/function_generator.dir/Drivers/STM32F1xx_HAL_Driver/Src/stm32f1xx_hal_rcc.c.obj
 .debug_rnglists
                0x000004b2       0x3f CMakeFiles/function_generator.dir/Drivers/STM32F1xx_HAL_Driver/Src/stm32f1xx_hal_gpio.c.obj
 .debug_rnglists
                0x000004f1       0xbb CMakeFiles/function_generator.dir/Drivers/STM32F1xx_HAL_Driver/Src/stm32f1xx_hal_cortex.c.obj
 .debug_rnglists
                0x000005ac      0x16e CMakeFiles/function_generator.dir/Drivers/STM32F1xx_HAL_Driver/Src/stm32f1xx_hal_spi.c.obj
 .debug_rnglists
                0x0000071a       0x1a CMakeFiles/function_generator.dir/Core/Src/system_stm32f1xx.c.obj
 .debug_rnglists
                0x00000734       0x13 CMakeFiles/function_generator.dir/Core/Src/sysmem.c.obj
 .debug_rnglists
                0x00000747       0x19 CMakeFiles/function_generator.dir/startup_stm32f103xb.s.obj
 .debug_rnglists
                0x00000760       0x19 C:/ST/STM32CubeCLT_1.15.0/GNU-tools-for-STM32/bin/../lib/gcc/arm-none-eabi/12.3.1/../../../../arm-none-eabi/lib/thumb/v7-m/nofp\libg_nano.a(libc_a-sprintf.o)
 .debug_rnglists
                0x00000779       0x13 C:/ST/STM32CubeCLT_1.15.0/GNU-tools-for-STM32/bin/../lib/gcc/arm-none-eabi/12.3.1/../../../../arm-none-eabi/lib/thumb/v7-m/nofp\libg_nano.a(libc_a-errno.o)
 .debug_rnglists
                0x0000078c       0x13 C:/ST/STM32CubeCLT_1.15.0/GNU-tools-for-STM32/bin/../lib/gcc/arm-none-eabi/12.3.1/../../../../arm-none-eabi/lib/thumb/v7-m/nofp\libg_nano.a(libc_a-memcpy-stub.o)
 .debug_rnglists
                0x0000079f       0x48 C:/ST/STM32CubeCLT_1.15.0/GNU-tools-for-STM32/bin/../lib/gcc/arm-none-eabi/12.3.1/../../../../arm-none-eabi/lib/thumb/v7-m/nofp\libg_nano.a(libc_a-nano-svfprintf.o)
 .debug_rnglists
                0x000007e7       0x6d C:/ST/STM32CubeCLT_1.15.0/GNU-tools-for-STM32/bin/../lib/gcc/arm-none-eabi/12.3.1/../../../../arm-none-eabi/lib/thumb/v7-m/nofp\libg_nano.a(libc_a-nano-vfprintf_i.o)
 .debug_rnglists
                0x00000854       0x13 C:/ST/STM32CubeCLT_1.15.0/GNU-tools-for-STM32/bin/../lib/gcc/arm-none-eabi/12.3.1/../../../../arm-none-eabi/lib/thumb/v7-m/nofp\libg_nano.a(libc_a-memmove.o)
 .debug_rnglists
                0x00000867       0x13 C:/ST/STM32CubeCLT_1.15.0/GNU-tools-for-STM32/bin/../lib/gcc/arm-none-eabi/12.3.1/../../../../arm-none-eabi/lib/thumb/v7-m/nofp\libg_nano.a(libc_a-memchr-stub.o)
 .debug_rnglists
                0x0000087a       0x13 C:/ST/STM32CubeCLT_1.15.0/GNU-tools-for-STM32/bin/../lib/gcc/arm-none-eabi/12.3.1/../../../../arm-none-eabi/lib/thumb/v7-m/nofp\libg_nano.a(libc_a-reallocr.o)
 .debug_rnglists
                0x0000088d       0x13 C:/ST/STM32CubeCLT_1.15.0/GNU-tools-for-STM32/bin/../lib/gcc/arm-none-eabi/12.3.1/../../../../arm-none-eabi/lib/thumb/v7-m/nofp\libg_nano.a(libc_a-msizer.o)

.debug_macro    0x00000000    0x17cc0
 .debug_macro   0x00000000      0x323 CMakeFiles/function_generator.dir/Core/Src/main.c.obj
 .debug_macro   0x00000323      0xaa8 CMakeFiles/function_generator.dir/Core/Src/main.c.obj
 .debug_macro   0x00000dcb      0x21b CMakeFiles/function_generator.dir/Core/Src/main.c.obj
 .debug_macro   0x00000fe6       0x2e CMakeFiles/function_generator.dir/Core/Src/main.c.obj
 .debug_macro   0x00001014       0x22 CMakeFiles/function_generator.dir/Core/Src/main.c.obj
 .debug_macro   0x00001036       0x22 CMakeFiles/function_generator.dir/Core/Src/main.c.obj
 .debug_macro   0x00001058       0x8e CMakeFiles/function_generator.dir/Core/Src/main.c.obj
 .debug_macro   0x000010e6       0x51 CMakeFiles/function_generator.dir/Core/Src/main.c.obj
 .debug_macro   0x00001137      0x103 CMakeFiles/function_generator.dir/Core/Src/main.c.obj
 .debug_macro   0x0000123a       0x6a CMakeFiles/function_generator.dir/Core/Src/main.c.obj
 .debug_macro   0x000012a4      0x1df CMakeFiles/function_generator.dir/Core/Src/main.c.obj
 .debug_macro   0x00001483       0x1c CMakeFiles/function_generator.dir/Core/Src/main.c.obj
 .debug_macro   0x0000149f       0x22 CMakeFiles/function_generator.dir/Core/Src/main.c.obj
 .debug_macro   0x000014c1       0xbd CMakeFiles/function_generator.dir/Core/Src/main.c.obj
 .debug_macro   0x0000157e      0xd23 CMakeFiles/function_generator.dir/Core/Src/main.c.obj
 .debug_macro   0x000022a1     0xe097 CMakeFiles/function_generator.dir/Core/Src/main.c.obj
 .debug_macro   0x00010338       0x43 CMakeFiles/function_generator.dir/Core/Src/main.c.obj
 .debug_macro   0x0001037b     0x3468 CMakeFiles/function_generator.dir/Core/Src/main.c.obj
 .debug_macro   0x000137e3      0x189 CMakeFiles/function_generator.dir/Core/Src/main.c.obj
 .debug_macro   0x0001396c       0x5c CMakeFiles/function_generator.dir/Core/Src/main.c.obj
 .debug_macro   0x000139c8      0x5be CMakeFiles/function_generator.dir/Core/Src/main.c.obj
 .debug_macro   0x00013f86      0x289 CMakeFiles/function_generator.dir/Core/Src/main.c.obj
 .debug_macro   0x0001420f      0x1cb CMakeFiles/function_generator.dir/Core/Src/main.c.obj
 .debug_macro   0x000143da      0x114 CMakeFiles/function_generator.dir/Core/Src/main.c.obj
 .debug_macro   0x000144ee      0x1b2 CMakeFiles/function_generator.dir/Core/Src/main.c.obj
 .debug_macro   0x000146a0       0x27 CMakeFiles/function_generator.dir/Core/Src/main.c.obj
 .debug_macro   0x000146c7      0x136 CMakeFiles/function_generator.dir/Core/Src/main.c.obj
 .debug_macro   0x000147fd      0x1bc CMakeFiles/function_generator.dir/Core/Src/main.c.obj
 .debug_macro   0x000149b9       0x34 CMakeFiles/function_generator.dir/Core/Src/main.c.obj
 .debug_macro   0x000149ed       0x3c CMakeFiles/function_generator.dir/Core/Src/main.c.obj
 .debug_macro   0x00014a29       0x57 CMakeFiles/function_generator.dir/Core/Src/main.c.obj
 .debug_macro   0x00014a80       0x88 CMakeFiles/function_generator.dir/Core/Src/main.c.obj
 .debug_macro   0x00014b08      0x241 CMakeFiles/function_generator.dir/Core/Src/main.c.obj
 .debug_macro   0x00014d49      0x287 CMakeFiles/function_generator.dir/Core/Src/main.c.obj
 .debug_macro   0x00014fd0      0x141 CMakeFiles/function_generator.dir/Core/Src/main.c.obj
 .debug_macro   0x00015111      0x217 CMakeFiles/function_generator.dir/Core/Src/main.c.obj
 .debug_macro   0x00015328       0x83 CMakeFiles/function_generator.dir/Core/Src/main.c.obj
 .debug_macro   0x000153ab       0x64 CMakeFiles/function_generator.dir/Core/Src/main.c.obj
 .debug_macro   0x0001540f       0x74 CMakeFiles/function_generator.dir/Core/Src/main.c.obj
 .debug_macro   0x00015483       0x24 CMakeFiles/function_generator.dir/Core/Src/main.c.obj
 .debug_macro   0x000154a7       0x3c CMakeFiles/function_generator.dir/Core/Src/main.c.obj
 .debug_macro   0x000154e3       0x34 CMakeFiles/function_generator.dir/Core/Src/main.c.obj
 .debug_macro   0x00015517       0x16 CMakeFiles/function_generator.dir/Core/Src/main.c.obj
 .debug_macro   0x0001552d       0x35 CMakeFiles/function_generator.dir/Core/Src/main.c.obj
 .debug_macro   0x00015562      0x369 CMakeFiles/function_generator.dir/Core/Src/main.c.obj
 .debug_macro   0x000158cb       0x10 CMakeFiles/function_generator.dir/Core/Src/main.c.obj
 .debug_macro   0x000158db       0x16 CMakeFiles/function_generator.dir/Core/Src/main.c.obj
 .debug_macro   0x000158f1       0x43 CMakeFiles/function_generator.dir/Core/Src/main.c.obj
 .debug_macro   0x00015934       0x34 CMakeFiles/function_generator.dir/Core/Src/main.c.obj
 .debug_macro   0x00015968       0x10 CMakeFiles/function_generator.dir/Core/Src/main.c.obj
 .debug_macro   0x00015978       0x58 CMakeFiles/function_generator.dir/Core/Src/main.c.obj
 .debug_macro   0x000159d0      0x1de CMakeFiles/function_generator.dir/Core/Src/main.c.obj
 .debug_macro   0x00015bae       0x16 CMakeFiles/function_generator.dir/Core/Src/main.c.obj
 .debug_macro   0x00015bc4       0x16 CMakeFiles/function_generator.dir/Core/Src/main.c.obj
 .debug_macro   0x00015bda      0x170 CMakeFiles/function_generator.dir/Core/Src/main.c.obj
 .debug_macro   0x00015d4a       0x22 CMakeFiles/function_generator.dir/Core/Src/main.c.obj
 .debug_macro   0x00015d6c       0x16 CMakeFiles/function_generator.dir/Core/Src/main.c.obj
 .debug_macro   0x00015d82       0x20 CMakeFiles/function_generator.dir/Core/Src/main.c.obj
 .debug_macro   0x00015da2      0x19b CMakeFiles/function_generator.dir/Core/Src/main.c.obj
 .debug_macro   0x00015f3d       0x88 CMakeFiles/function_generator.dir/Core/Src/main.c.obj
 .debug_macro   0x00015fc5      0x1b1 CMakeFiles/function_generator.dir/Core/Src/gpio.c.obj
 .debug_macro   0x00016176      0x1b1 CMakeFiles/function_generator.dir/Core/Src/i2c.c.obj
 .debug_macro   0x00016327      0x1b1 CMakeFiles/function_generator.dir/Core/Src/spi.c.obj
 .debug_macro   0x000164d8      0x227 CMakeFiles/function_generator.dir/Core/Src/lcd.c.obj
 .debug_macro   0x000166ff      0x1c0 CMakeFiles/function_generator.dir/Core/Src/ad9833.c.obj
 .debug_macro   0x000168bf      0x1b1 CMakeFiles/function_generator.dir/Core/Src/stm32f1xx_it.c.obj
 .debug_macro   0x00016a70      0x1a7 CMakeFiles/function_generator.dir/Core/Src/stm32f1xx_hal_msp.c.obj
 .debug_macro   0x00016c17      0x1df CMakeFiles/function_generator.dir/Drivers/STM32F1xx_HAL_Driver/Src/stm32f1xx_hal_i2c.c.obj
 .debug_macro   0x00016df6      0x1bc CMakeFiles/function_generator.dir/Drivers/STM32F1xx_HAL_Driver/Src/stm32f1xx_hal.c.obj
 .debug_macro   0x00016fb2      0x1aa CMakeFiles/function_generator.dir/Drivers/STM32F1xx_HAL_Driver/Src/stm32f1xx_hal_rcc.c.obj
 .debug_macro   0x0001715c      0x203 CMakeFiles/function_generator.dir/Drivers/STM32F1xx_HAL_Driver/Src/stm32f1xx_hal_gpio.c.obj
 .debug_macro   0x0001735f      0x198 CMakeFiles/function_generator.dir/Drivers/STM32F1xx_HAL_Driver/Src/stm32f1xx_hal_cortex.c.obj
 .debug_macro   0x000174f7      0x1a0 CMakeFiles/function_generator.dir/Drivers/STM32F1xx_HAL_Driver/Src/stm32f1xx_hal_spi.c.obj
 .debug_macro   0x00017697      0x198 CMakeFiles/function_generator.dir/Core/Src/system_stm32f1xx.c.obj
 .debug_macro   0x0001782f       0xec CMakeFiles/function_generator.dir/Core/Src/sysmem.c.obj
 .debug_macro   0x0001791b       0x10 CMakeFiles/function_generator.dir/Core/Src/sysmem.c.obj
 .debug_macro   0x0001792b       0x6e CMakeFiles/function_generator.dir/Core/Src/sysmem.c.obj
 .debug_macro   0x00017999       0x94 CMakeFiles/function_generator.dir/Core/Src/sysmem.c.obj
 .debug_macro   0x00017a2d       0x57 CMakeFiles/function_generator.dir/Core/Src/sysmem.c.obj
 .debug_macro   0x00017a84      0x23c CMakeFiles/function_generator.dir/Core/Src/sysmem.c.obj

.debug_line     0x00000000     0xed51
 .debug_line    0x00000000      0xac7 CMakeFiles/function_generator.dir/Core/Src/main.c.obj
 .debug_line    0x00000ac7      0x720 CMakeFiles/function_generator.dir/Core/Src/gpio.c.obj
 .debug_line    0x000011e7      0x751 CMakeFiles/function_generator.dir/Core/Src/i2c.c.obj
 .debug_line    0x00001938      0x759 CMakeFiles/function_generator.dir/Core/Src/spi.c.obj
 .debug_line    0x00002091      0x7ed CMakeFiles/function_generator.dir/Core/Src/lcd.c.obj
 .debug_line    0x0000287e      0x88c CMakeFiles/function_generator.dir/Core/Src/ad9833.c.obj
 .debug_line    0x0000310a      0x7ae CMakeFiles/function_generator.dir/Core/Src/stm32f1xx_it.c.obj
 .debug_line    0x000038b8      0x6ed CMakeFiles/function_generator.dir/Core/Src/stm32f1xx_hal_msp.c.obj
 .debug_line    0x00003fa5     0x3a6e CMakeFiles/function_generator.dir/Drivers/STM32F1xx_HAL_Driver/Src/stm32f1xx_hal_i2c.c.obj
 .debug_line    0x00007a13      0x997 CMakeFiles/function_generator.dir/Drivers/STM32F1xx_HAL_Driver/Src/stm32f1xx_hal.c.obj
 .debug_line    0x000083aa      0xda2 CMakeFiles/function_generator.dir/Drivers/STM32F1xx_HAL_Driver/Src/stm32f1xx_hal_rcc.c.obj
 .debug_line    0x0000914c      0xa2e CMakeFiles/function_generator.dir/Drivers/STM32F1xx_HAL_Driver/Src/stm32f1xx_hal_gpio.c.obj
 .debug_line    0x00009b7a      0xb83 CMakeFiles/function_generator.dir/Drivers/STM32F1xx_HAL_Driver/Src/stm32f1xx_hal_cortex.c.obj
 .debug_line    0x0000a6fd     0x1c40 CMakeFiles/function_generator.dir/Drivers/STM32F1xx_HAL_Driver/Src/stm32f1xx_hal_spi.c.obj
 .debug_line    0x0000c33d      0x76a CMakeFiles/function_generator.dir/Core/Src/system_stm32f1xx.c.obj
 .debug_line    0x0000caa7      0x34e CMakeFiles/function_generator.dir/Core/Src/sysmem.c.obj
 .debug_line    0x0000cdf5       0x76 CMakeFiles/function_generator.dir/startup_stm32f103xb.s.obj
 .debug_line    0x0000ce6b      0x2ba C:/ST/STM32CubeCLT_1.15.0/GNU-tools-for-STM32/bin/../lib/gcc/arm-none-eabi/12.3.1/../../../../arm-none-eabi/lib/thumb/v7-m/nofp\libg_nano.a(libc_a-sprintf.o)
 .debug_line    0x0000d125      0x185 C:/ST/STM32CubeCLT_1.15.0/GNU-tools-for-STM32/bin/../lib/gcc/arm-none-eabi/12.3.1/../../../../arm-none-eabi/lib/thumb/v7-m/nofp\libg_nano.a(libc_a-errno.o)
 .debug_line    0x0000d2aa      0x207 C:/ST/STM32CubeCLT_1.15.0/GNU-tools-for-STM32/bin/../lib/gcc/arm-none-eabi/12.3.1/../../../../arm-none-eabi/lib/thumb/v7-m/nofp\libg_nano.a(libc_a-memcpy-stub.o)
 .debug_line    0x0000d4b1       0x4f C:/ST/STM32CubeCLT_1.15.0/GNU-tools-for-STM32/bin/../lib/gcc/arm-none-eabi/12.3.1/../../../../arm-none-eabi/lib/thumb/v7-m/nofp\libg_nano.a(libc_a-strlen.o)
 .debug_line    0x0000d500      0x8ac C:/ST/STM32CubeCLT_1.15.0/GNU-tools-for-STM32/bin/../lib/gcc/arm-none-eabi/12.3.1/../../../../arm-none-eabi/lib/thumb/v7-m/nofp\libg_nano.a(libc_a-nano-svfprintf.o)
 .debug_line    0x0000ddac      0x771 C:/ST/STM32CubeCLT_1.15.0/GNU-tools-for-STM32/bin/../lib/gcc/arm-none-eabi/12.3.1/../../../../arm-none-eabi/lib/thumb/v7-m/nofp\libg_nano.a(libc_a-nano-vfprintf_i.o)
 .debug_line    0x0000e51d      0x1bb C:/ST/STM32CubeCLT_1.15.0/GNU-tools-for-STM32/bin/../lib/gcc/arm-none-eabi/12.3.1/../../../../arm-none-eabi/lib/thumb/v7-m/nofp\libg_nano.a(libc_a-memmove.o)
 .debug_line    0x0000e6d8      0x1fe C:/ST/STM32CubeCLT_1.15.0/GNU-tools-for-STM32/bin/../lib/gcc/arm-none-eabi/12.3.1/../../../../arm-none-eabi/lib/thumb/v7-m/nofp\libg_nano.a(libc_a-memchr-stub.o)
 .debug_line    0x0000e8d6      0x276 C:/ST/STM32CubeCLT_1.15.0/GNU-tools-for-STM32/bin/../lib/gcc/arm-none-eabi/12.3.1/../../../../arm-none-eabi/lib/thumb/v7-m/nofp\libg_nano.a(libc_a-reallocr.o)
 .debug_line    0x0000eb4c      0x205 C:/ST/STM32CubeCLT_1.15.0/GNU-tools-for-STM32/bin/../lib/gcc/arm-none-eabi/12.3.1/../../../../arm-none-eabi/lib/thumb/v7-m/nofp\libg_nano.a(libc_a-msizer.o)

.debug_str      0x00000000    0x8512f
 .debug_str     0x00000000    0x814c9 CMakeFiles/function_generator.dir/Core/Src/main.c.obj
                              0x8184f (size before relaxing)
 .debug_str     0x000814c9       0xcb CMakeFiles/function_generator.dir/Core/Src/gpio.c.obj
                              0x7d6b7 (size before relaxing)
 .debug_str     0x00081594      0x463 CMakeFiles/function_generator.dir/Core/Src/i2c.c.obj
                              0x7db71 (size before relaxing)
 .debug_str     0x000819f7      0x22c CMakeFiles/function_generator.dir/Core/Src/spi.c.obj
                              0x7dac8 (size before relaxing)
 .debug_str     0x00081c23      0x1f5 CMakeFiles/function_generator.dir/Core/Src/lcd.c.obj
                              0x7dc7f (size before relaxing)
 .debug_str     0x00081e18      0x14b CMakeFiles/function_generator.dir/Core/Src/ad9833.c.obj
                              0x7dd9b (size before relaxing)
 .debug_str     0x00081f63       0xfa CMakeFiles/function_generator.dir/Core/Src/stm32f1xx_it.c.obj
                              0x7d654 (size before relaxing)
 .debug_str     0x0008205d       0x8b CMakeFiles/function_generator.dir/Core/Src/stm32f1xx_hal_msp.c.obj
                              0x7d63f (size before relaxing)
 .debug_str     0x000820e8      0xbb5 CMakeFiles/function_generator.dir/Drivers/STM32F1xx_HAL_Driver/Src/stm32f1xx_hal_i2c.c.obj
                              0x7e545 (size before relaxing)
 .debug_str     0x00082c9d      0x622 CMakeFiles/function_generator.dir/Drivers/STM32F1xx_HAL_Driver/Src/stm32f1xx_hal.c.obj
                              0x7dc04 (size before relaxing)
 .debug_str     0x000832bf      0x256 CMakeFiles/function_generator.dir/Drivers/STM32F1xx_HAL_Driver/Src/stm32f1xx_hal_rcc.c.obj
                              0x7d900 (size before relaxing)
 .debug_str     0x00083515      0x306 CMakeFiles/function_generator.dir/Drivers/STM32F1xx_HAL_Driver/Src/stm32f1xx_hal_gpio.c.obj
                              0x7d857 (size before relaxing)
 .debug_str     0x0008381b      0x2ec CMakeFiles/function_generator.dir/Drivers/STM32F1xx_HAL_Driver/Src/stm32f1xx_hal_cortex.c.obj
                              0x7db50 (size before relaxing)
 .debug_str     0x00083b07      0x554 CMakeFiles/function_generator.dir/Drivers/STM32F1xx_HAL_Driver/Src/stm32f1xx_hal_spi.c.obj
                              0x7ddf6 (size before relaxing)
 .debug_str     0x0008405b       0x83 CMakeFiles/function_generator.dir/Core/Src/system_stm32f1xx.c.obj
                              0x7d4d1 (size before relaxing)
 .debug_str     0x000840de      0x50d CMakeFiles/function_generator.dir/Core/Src/sysmem.c.obj
                               0x5a9d (size before relaxing)
 .debug_str     0x000845eb       0x66 CMakeFiles/function_generator.dir/startup_stm32f103xb.s.obj
                                 0xa6 (size before relaxing)
 .debug_str     0x00084651      0x450 C:/ST/STM32CubeCLT_1.15.0/GNU-tools-for-STM32/bin/../lib/gcc/arm-none-eabi/12.3.1/../../../../arm-none-eabi/lib/thumb/v7-m/nofp\libg_nano.a(libc_a-sprintf.o)
                                0x568 (size before relaxing)
 .debug_str     0x00084aa1       0x58 C:/ST/STM32CubeCLT_1.15.0/GNU-tools-for-STM32/bin/../lib/gcc/arm-none-eabi/12.3.1/../../../../arm-none-eabi/lib/thumb/v7-m/nofp\libg_nano.a(libc_a-errno.o)
                                0x523 (size before relaxing)
 .debug_str     0x00084af9       0x78 C:/ST/STM32CubeCLT_1.15.0/GNU-tools-for-STM32/bin/../lib/gcc/arm-none-eabi/12.3.1/../../../../arm-none-eabi/lib/thumb/v7-m/nofp\libg_nano.a(libc_a-memcpy-stub.o)
                                0x227 (size before relaxing)
 .debug_str     0x00084b71       0x69 C:/ST/STM32CubeCLT_1.15.0/GNU-tools-for-STM32/bin/../lib/gcc/arm-none-eabi/12.3.1/../../../../arm-none-eabi/lib/thumb/v7-m/nofp\libg_nano.a(libc_a-strlen.o)
                                 0xef (size before relaxing)
 .debug_str     0x00084bda      0x2ad C:/ST/STM32CubeCLT_1.15.0/GNU-tools-for-STM32/bin/../lib/gcc/arm-none-eabi/12.3.1/../../../../arm-none-eabi/lib/thumb/v7-m/nofp\libg_nano.a(libc_a-nano-svfprintf.o)
                                0x872 (size before relaxing)
 .debug_str     0x00084e87       0xba C:/ST/STM32CubeCLT_1.15.0/GNU-tools-for-STM32/bin/../lib/gcc/arm-none-eabi/12.3.1/../../../../arm-none-eabi/lib/thumb/v7-m/nofp\libg_nano.a(libc_a-nano-vfprintf_i.o)
                                0x808 (size before relaxing)
 .debug_str     0x00084f41       0x74 C:/ST/STM32CubeCLT_1.15.0/GNU-tools-for-STM32/bin/../lib/gcc/arm-none-eabi/12.3.1/../../../../arm-none-eabi/lib/thumb/v7-m/nofp\libg_nano.a(libc_a-memmove.o)
                                0x224 (size before relaxing)
 .debug_str     0x00084fb5       0x64 C:/ST/STM32CubeCLT_1.15.0/GNU-tools-for-STM32/bin/../lib/gcc/arm-none-eabi/12.3.1/../../../../arm-none-eabi/lib/thumb/v7-m/nofp\libg_nano.a(libc_a-memchr-stub.o)
                                0x223 (size before relaxing)
 .debug_str     0x00085019       0xad C:/ST/STM32CubeCLT_1.15.0/GNU-tools-for-STM32/bin/../lib/gcc/arm-none-eabi/12.3.1/../../../../arm-none-eabi/lib/thumb/v7-m/nofp\libg_nano.a(libc_a-reallocr.o)
                                0x59f (size before relaxing)
 .debug_str     0x000850c6       0x69 C:/ST/STM32CubeCLT_1.15.0/GNU-tools-for-STM32/bin/../lib/gcc/arm-none-eabi/12.3.1/../../../../arm-none-eabi/lib/thumb/v7-m/nofp\libg_nano.a(libc_a-msizer.o)
                                0x572 (size before relaxing)

.comment        0x00000000       0x43
 .comment       0x00000000       0x43 CMakeFiles/function_generator.dir/Core/Src/main.c.obj
                                 0x44 (size before relaxing)
 .comment       0x00000043       0x44 CMakeFiles/function_generator.dir/Core/Src/gpio.c.obj
 .comment       0x00000043       0x44 CMakeFiles/function_generator.dir/Core/Src/i2c.c.obj
 .comment       0x00000043       0x44 CMakeFiles/function_generator.dir/Core/Src/spi.c.obj
 .comment       0x00000043       0x44 CMakeFiles/function_generator.dir/Core/Src/lcd.c.obj
 .comment       0x00000043       0x44 CMakeFiles/function_generator.dir/Core/Src/ad9833.c.obj
 .comment       0x00000043       0x44 CMakeFiles/function_generator.dir/Core/Src/stm32f1xx_it.c.obj
 .comment       0x00000043       0x44 CMakeFiles/function_generator.dir/Core/Src/stm32f1xx_hal_msp.c.obj
 .comment       0x00000043       0x44 CMakeFiles/function_generator.dir/Drivers/STM32F1xx_HAL_Driver/Src/stm32f1xx_hal_i2c.c.obj
 .comment       0x00000043       0x44 CMakeFiles/function_generator.dir/Drivers/STM32F1xx_HAL_Driver/Src/stm32f1xx_hal.c.obj
 .comment       0x00000043       0x44 CMakeFiles/function_generator.dir/Drivers/STM32F1xx_HAL_Driver/Src/stm32f1xx_hal_rcc.c.obj
 .comment       0x00000043       0x44 CMakeFiles/function_generator.dir/Drivers/STM32F1xx_HAL_Driver/Src/stm32f1xx_hal_gpio.c.obj
 .comment       0x00000043       0x44 CMakeFiles/function_generator.dir/Drivers/STM32F1xx_HAL_Driver/Src/stm32f1xx_hal_cortex.c.obj
 .comment       0x00000043       0x44 CMakeFiles/function_generator.dir/Drivers/STM32F1xx_HAL_Driver/Src/stm32f1xx_hal_spi.c.obj
 .comment       0x00000043       0x44 CMakeFiles/function_generator.dir/Core/Src/system_stm32f1xx.c.obj
 .comment       0x00000043       0x44 CMakeFiles/function_generator.dir/Core/Src/sysmem.c.obj
 .comment       0x00000043       0x44 C:/ST/STM32CubeCLT_1.15.0/GNU-tools-for-STM32/bin/../lib/gcc/arm-none-eabi/12.3.1/../../../../arm-none-eabi/lib/thumb/v7-m/nofp\libg_nano.a(libc_a-sprintf.o)
 .comment       0x00000043       0x44 C:/ST/STM32CubeCLT_1.15.0/GNU-tools-for-STM32/bin/../lib/gcc/arm-none-eabi/12.3.1/../../../../arm-none-eabi/lib/thumb/v7-m/nofp\libg_nano.a(libc_a-errno.o)
 .comment       0x00000043       0x44 C:/ST/STM32CubeCLT_1.15.0/GNU-tools-for-STM32/bin/../lib/gcc/arm-none-eabi/12.3.1/../../../../arm-none-eabi/lib/thumb/v7-m/nofp\libg_nano.a(libc_a-memcpy-stub.o)
 .comment       0x00000043       0x44 C:/ST/STM32CubeCLT_1.15.0/GNU-tools-for-STM32/bin/../lib/gcc/arm-none-eabi/12.3.1/../../../../arm-none-eabi/lib/thumb/v7-m/nofp\libg_nano.a(libc_a-nano-svfprintf.o)
 .comment       0x00000043       0x44 C:/ST/STM32CubeCLT_1.15.0/GNU-tools-for-STM32/bin/../lib/gcc/arm-none-eabi/12.3.1/../../../../arm-none-eabi/lib/thumb/v7-m/nofp\libg_nano.a(libc_a-nano-vfprintf_i.o)
 .comment       0x00000043       0x44 C:/ST/STM32CubeCLT_1.15.0/GNU-tools-for-STM32/bin/../lib/gcc/arm-none-eabi/12.3.1/../../../../arm-none-eabi/lib/thumb/v7-m/nofp\libg_nano.a(libc_a-memmove.o)
 .comment       0x00000043       0x44 C:/ST/STM32CubeCLT_1.15.0/GNU-tools-for-STM32/bin/../lib/gcc/arm-none-eabi/12.3.1/../../../../arm-none-eabi/lib/thumb/v7-m/nofp\libg_nano.a(libc_a-memchr-stub.o)
 .comment       0x00000043       0x44 C:/ST/STM32CubeCLT_1.15.0/GNU-tools-for-STM32/bin/../lib/gcc/arm-none-eabi/12.3.1/../../../../arm-none-eabi/lib/thumb/v7-m/nofp\libg_nano.a(libc_a-reallocr.o)
 .comment       0x00000043       0x44 C:/ST/STM32CubeCLT_1.15.0/GNU-tools-for-STM32/bin/../lib/gcc/arm-none-eabi/12.3.1/../../../../arm-none-eabi/lib/thumb/v7-m/nofp\libg_nano.a(libc_a-msizer.o)

.debug_line_str
                0x00000000      0x164
 .debug_line_str
                0x00000000       0x8a CMakeFiles/function_generator.dir/startup_stm32f103xb.s.obj
 .debug_line_str
                0x0000008a       0xda C:/ST/STM32CubeCLT_1.15.0/GNU-tools-for-STM32/bin/../lib/gcc/arm-none-eabi/12.3.1/../../../../arm-none-eabi/lib/thumb/v7-m/nofp\libg_nano.a(libc_a-strlen.o)

.debug_loclists
                0x00000000      0xcdd
 .debug_loclists