Archive member included to satisfy reference by file (symbol)

c:/st/stm32cubeide_1.6.0/stm32cubeide/plugins/com.st.stm32cube.ide.mcu.externaltools.gnu-tools-for-stm32.9-2020-q2-update.win32_1.5.0.202011040924/tools/bin/../lib/gcc/arm-none-eabi/9.3.1/../../../../arm-none-eabi/lib/thumb/v7-m/nofp\libc_nano.a(lib_a-errno.o)
                              Core/Src/syscalls.o (__errno)
c:/st/stm32cubeide_1.6.0/stm32cubeide/plugins/com.st.stm32cube.ide.mcu.externaltools.gnu-tools-for-stm32.9-2020-q2-update.win32_1.5.0.202011040924/tools/bin/../lib/gcc/arm-none-eabi/9.3.1/../../../../arm-none-eabi/lib/thumb/v7-m/nofp\libc_nano.a(lib_a-exit.o)
                              c:/st/stm32cubeide_1.6.0/stm32cubeide/plugins/com.st.stm32cube.ide.mcu.externaltools.gnu-tools-for-stm32.9-2020-q2-update.win32_1.5.0.202011040924/tools/bin/../lib/gcc/arm-none-eabi/9.3.1/../../../../arm-none-eabi/lib/thumb/v7-m/nofp/crt0.o (exit)
c:/st/stm32cubeide_1.6.0/stm32cubeide/plugins/com.st.stm32cube.ide.mcu.externaltools.gnu-tools-for-stm32.9-2020-q2-update.win32_1.5.0.202011040924/tools/bin/../lib/gcc/arm-none-eabi/9.3.1/../../../../arm-none-eabi/lib/thumb/v7-m/nofp\libc_nano.a(lib_a-impure.o)
                              c:/st/stm32cubeide_1.6.0/stm32cubeide/plugins/com.st.stm32cube.ide.mcu.externaltools.gnu-tools-for-stm32.9-2020-q2-update.win32_1.5.0.202011040924/tools/bin/../lib/gcc/arm-none-eabi/9.3.1/../../../../arm-none-eabi/lib/thumb/v7-m/nofp\libc_nano.a(lib_a-exit.o) (_global_impure_ptr)
c:/st/stm32cubeide_1.6.0/stm32cubeide/plugins/com.st.stm32cube.ide.mcu.externaltools.gnu-tools-for-stm32.9-2020-q2-update.win32_1.5.0.202011040924/tools/bin/../lib/gcc/arm-none-eabi/9.3.1/../../../../arm-none-eabi/lib/thumb/v7-m/nofp\libc_nano.a(lib_a-init.o)
                              c:/st/stm32cubeide_1.6.0/stm32cubeide/plugins/com.st.stm32cube.ide.mcu.externaltools.gnu-tools-for-stm32.9-2020-q2-update.win32_1.5.0.202011040924/tools/bin/../lib/gcc/arm-none-eabi/9.3.1/../../../../arm-none-eabi/lib/thumb/v7-m/nofp/crt0.o (__libc_init_array)
c:/st/stm32cubeide_1.6.0/stm32cubeide/plugins/com.st.stm32cube.ide.mcu.externaltools.gnu-tools-for-stm32.9-2020-q2-update.win32_1.5.0.202011040924/tools/bin/../lib/gcc/arm-none-eabi/9.3.1/../../../../arm-none-eabi/lib/thumb/v7-m/nofp\libc_nano.a(lib_a-memset.o)
                              c:/st/stm32cubeide_1.6.0/stm32cubeide/plugins/com.st.stm32cube.ide.mcu.externaltools.gnu-tools-for-stm32.9-2020-q2-update.win32_1.5.0.202011040924/tools/bin/../lib/gcc/arm-none-eabi/9.3.1/../../../../arm-none-eabi/lib/thumb/v7-m/nofp/crt0.o (memset)
c:/st/stm32cubeide_1.6.0/stm32cubeide/plugins/com.st.stm32cube.ide.mcu.externaltools.gnu-tools-for-stm32.9-2020-q2-update.win32_1.5.0.202011040924/tools/bin/../lib/gcc/arm-none-eabi/9.3.1/thumb/v7-m/nofp\libgcc.a(_arm_muldf3.o)
                              Core/Src/ad9833.o (__aeabi_dmul)
c:/st/stm32cubeide_1.6.0/stm32cubeide/plugins/com.st.stm32cube.ide.mcu.externaltools.gnu-tools-for-stm32.9-2020-q2-update.win32_1.5.0.202011040924/tools/bin/../lib/gcc/arm-none-eabi/9.3.1/thumb/v7-m/nofp\libgcc.a(_arm_mulsf3.o)
                              Core/Src/ad9833.o (__aeabi_fmul)
c:/st/stm32cubeide_1.6.0/stm32cubeide/plugins/com.st.stm32cube.ide.mcu.externaltools.gnu-tools-for-stm32.9-2020-q2-update.win32_1.5.0.202011040924/tools/bin/../lib/gcc/arm-none-eabi/9.3.1/thumb/v7-m/nofp\libgcc.a(_arm_addsubdf3.o)
                              Core/Src/ad9833.o (__aeabi_i2d)
c:/st/stm32cubeide_1.6.0/stm32cubeide/plugins/com.st.stm32cube.ide.mcu.externaltools.gnu-tools-for-stm32.9-2020-q2-update.win32_1.5.0.202011040924/tools/bin/../lib/gcc/arm-none-eabi/9.3.1/thumb/v7-m/nofp\libgcc.a(_arm_fixunsdfsi.o)
                              Core/Src/ad9833.o (__aeabi_d2uiz)
c:/st/stm32cubeide_1.6.0/stm32cubeide/plugins/com.st.stm32cube.ide.mcu.externaltools.gnu-tools-for-stm32.9-2020-q2-update.win32_1.5.0.202011040924/tools/bin/../lib/gcc/arm-none-eabi/9.3.1/thumb/v7-m/nofp\libgcc.a(_arm_addsubsf3.o)
                              Core/Src/ad9833.o (__aeabi_ui2f)
c:/st/stm32cubeide_1.6.0/stm32cubeide/plugins/com.st.stm32cube.ide.mcu.externaltools.gnu-tools-for-stm32.9-2020-q2-update.win32_1.5.0.202011040924/tools/bin/../lib/gcc/arm-none-eabi/9.3.1/thumb/v7-m/nofp\libgcc.a(_arm_fixunssfsi.o)
                              Core/Src/ad9833.o (__aeabi_f2uiz)

Allocating common symbols
Common symbol       size              file

hi2c1               0x54              Core/Src/i2c.o
uwTick              0x4               Drivers/STM32F1xx_HAL_Driver/Src/stm32f1xx_hal.o
pFlash              0x20              Drivers/STM32F1xx_HAL_Driver/Src/stm32f1xx_hal_flash.o
hspi1               0x58              Core/Src/spi.o

Discarded input sections

[...]
Memory Configuration

Name             Origin             Length             Attributes
RAM              0x0000000020000000 0x0000000000005000 xrw
FLASH            0x0000000008000000 0x0000000000010000 xr
*default*        0x0000000000000000 0xffffffffffffffff

Linker script and memory map

LOAD c:/st/stm32cubeide_1.6.0/stm32cubeide/plugins/com.st.stm32cube.ide.mcu.externaltools.gnu-tools-for-stm32.9-2020-q2-update.win32_1.5.0.202011040924/tools/bin/../lib/gcc/arm-none-eabi/9.3.1/thumb/v7-m/nofp/crti.o
LOAD c:/st/stm32cubeide_1.6.0/stm32cubeide/plugins/com.st.stm32cube.ide.mcu.externaltools.gnu-tools-for-stm32.9-2020-q2-update.win32_1.5.0.202011040924/tools/bin/../lib/gcc/arm-none-eabi/9.3.1/thumb/v7-m/nofp/crtbegin.o
LOAD c:/st/stm32cubeide_1.6.0/stm32cubeide/plugins/com.st.stm32cube.ide.mcu.externaltools.gnu-tools-for-stm32.9-2020-q2-update.win32_1.5.0.202011040924/tools/bin/../lib/gcc/arm-none-eabi/9.3.1/../../../../arm-none-eabi/lib/thumb/v7-m/nofp/crt0.o
LOAD Core/Src/ad9833.o
LOAD Core/Src/gpio.o
LOAD Core/Src/i2c.o
LOAD Core/Src/lcd.o
LOAD Core/Src/main.o
LOAD Core/Src/spi.o
LOAD Core/Src/stm32f1xx_hal_msp.o
LOAD Core/Src/stm32f1xx_it.o
LOAD Core/Src/syscalls.o
LOAD Core/Src/sysmem.o
LOAD Core/Src/system_stm32f1xx.o
LOAD Core/Startup/startup_stm32f103c8tx.o
LOAD Drivers/STM32F1xx_HAL_Driver/Src/stm32f1xx_hal.o
LOAD Drivers/STM32F1xx_HAL_Driver/Src/stm32f1xx_hal_cortex.o
LOAD Drivers/STM32F1xx_HAL_Driver/Src/stm32f1xx_hal_dma.o
LOAD Drivers/STM32F1xx_HAL_Driver/Src/stm32f1xx_hal_exti.o
LOAD Drivers/STM32F1xx_HAL_Driver/Src/stm32f1xx_hal_flash.o
LOAD Drivers/STM32F1xx_HAL_Driver/Src/stm32f1xx_hal_flash_ex.o
LOAD Drivers/STM32F1xx_HAL_Driver/Src/stm32f1xx_hal_gpio.o
LOAD Drivers/STM32F1xx_HAL_Driver/Src/stm32f1xx_hal_gpio_ex.o
LOAD Drivers/STM32F1xx_HAL_Driver/Src/stm32f1xx_hal_i2c.o
LOAD Drivers/STM32F1xx_HAL_Driver/Src/stm32f1xx_hal_pwr.o
LOAD Drivers/STM32F1xx_HAL_Driver/Src/stm32f1xx_hal_rcc.o
LOAD Drivers/STM32F1xx_HAL_Driver/Src/stm32f1xx_hal_rcc_ex.o
LOAD Drivers/STM32F1xx_HAL_Driver/Src/stm32f1xx_hal_spi.o
LOAD Drivers/STM32F1xx_HAL_Driver/Src/stm32f1xx_hal_tim.o
LOAD Drivers/STM32F1xx_HAL_Driver/Src/stm32f1xx_hal_tim_ex.o
START GROUP
LOAD c:/st/stm32cubeide_1.6.0/stm32cubeide/plugins/com.st.stm32cube.ide.mcu.externaltools.gnu-tools-for-stm32.9-2020-q2-update.win32_1.5.0.202011040924/tools/bin/../lib/gcc/arm-none-eabi/9.3.1/../../../../arm-none-eabi/lib/thumb/v7-m/nofp\libc_nano.a
LOAD c:/st/stm32cubeide_1.6.0/stm32cubeide/plugins/com.st.stm32cube.ide.mcu.externaltools.gnu-tools-for-stm32.9-2020-q2-update.win32_1.5.0.202011040924/tools/bin/../lib/gcc/arm-none-eabi/9.3.1/../../../../arm-none-eabi/lib/thumb/v7-m/nofp\libm.a
END GROUP
START GROUP
LOAD c:/st/stm32cubeide_1.6.0/stm32cubeide/plugins/com.st.stm32cube.ide.mcu.externaltools.gnu-tools-for-stm32.9-2020-q2-update.win32_1.5.0.202011040924/tools/bin/../lib/gcc/arm-none-eabi/9.3.1/thumb/v7-m/nofp\libgcc.a
LOAD c:/st/stm32cubeide_1.6.0/stm32cubeide/plugins/com.st.stm32cube.ide.mcu.externaltools.gnu-tools-for-stm32.9-2020-q2-update.win32_1.5.0.202011040924/tools/bin/../lib/gcc/arm-none-eabi/9.3.1/../../../../arm-none-eabi/lib/thumb/v7-m/nofp\libc_nano.a
END GROUP
START GROUP
LOAD c:/st/stm32cubeide_1.6.0/stm32cubeide/plugins/com.st.stm32cube.ide.mcu.externaltools.gnu-tools-for-stm32.9-2020-q2-update.win32_1.5.0.202011040924/tools/bin/../lib/gcc/arm-none-eabi/9.3.1/thumb/v7-m/nofp\libgcc.a
LOAD c:/st/stm32cubeide_1.6.0/stm32cubeide/plugins/com.st.stm32cube.ide.mcu.externaltools.gnu-tools-for-stm32.9-2020-q2-update.win32_1.5.0.202011040924/tools/bin/../lib/gcc/arm-none-eabi/9.3.1/../../../../arm-none-eabi/lib/thumb/v7-m/nofp\libc_nano.a
LOAD c:/st/stm32cubeide_1.6.0/stm32cubeide/plugins/com.st.stm32cube.ide.mcu.externaltools.gnu-tools-for-stm32.9-2020-q2-update.win32_1.5.0.202011040924/tools/bin/../lib/gcc/arm-none-eabi/9.3.1/../../../../arm-none-eabi/lib/thumb/v7-m/nofp\libnosys.a
END GROUP
START GROUP
LOAD c:/st/stm32cubeide_1.6.0/stm32cubeide/plugins/com.st.stm32cube.ide.mcu.externaltools.gnu-tools-for-stm32.9-2020-q2-update.win32_1.5.0.202011040924/tools/bin/../lib/gcc/arm-none-eabi/9.3.1/thumb/v7-m/nofp\libgcc.a
LOAD c:/st/stm32cubeide_1.6.0/stm32cubeide/plugins/com.st.stm32cube.ide.mcu.externaltools.gnu-tools-for-stm32.9-2020-q2-update.win32_1.5.0.202011040924/tools/bin/../lib/gcc/arm-none-eabi/9.3.1/../../../../arm-none-eabi/lib/thumb/v7-m/nofp\libc_nano.a
LOAD c:/st/stm32cubeide_1.6.0/stm32cubeide/plugins/com.st.stm32cube.ide.mcu.externaltools.gnu-tools-for-stm32.9-2020-q2-update.win32_1.5.0.202011040924/tools/bin/../lib/gcc/arm-none-eabi/9.3.1/../../../../arm-none-eabi/lib/thumb/v7-m/nofp\libnosys.a
END GROUP
LOAD c:/st/stm32cubeide_1.6.0/stm32cubeide/plugins/com.st.stm32cube.ide.mcu.externaltools.gnu-tools-for-stm32.9-2020-q2-update.win32_1.5.0.202011040924/tools/bin/../lib/gcc/arm-none-eabi/9.3.1/thumb/v7-m/nofp/crtend.o
LOAD c:/st/stm32cubeide_1.6.0/stm32cubeide/plugins/com.st.stm32cube.ide.mcu.externaltools.gnu-tools-for-stm32.9-2020-q2-update.win32_1.5.0.202011040924/tools/bin/../lib/gcc/arm-none-eabi/9.3.1/thumb/v7-m/nofp/crtn.o
                0x0000000020005000                _estack = (ORIGIN (RAM) + LENGTH (RAM))
                0x0000000000000200                _Min_Heap_Size = 0x200
                0x0000000000000400                _Min_Stack_Size = 0x400

.isr_vector     0x0000000008000000      0x10c
                0x0000000008000000                . = ALIGN (0x4)
 *(.isr_vector)
 .isr_vector    0x0000000008000000      0x10c Core/Startup/startup_stm32f103c8tx.o
                0x0000000008000000                g_pfnVectors
                0x000000000800010c                . = ALIGN (0x4)

.text           0x0000000008000110     0x2fd0
                0x0000000008000110                . = ALIGN (0x4)
 *(.text)
 .text          0x0000000008000110       0x40 c:/st/stm32cubeide_1.6.0/stm32cubeide/plugins/com.st.stm32cube.ide.mcu.externaltools.gnu-tools-for-stm32.9-2020-q2-update.win32_1.5.0.202011040924/tools/bin/../lib/gcc/arm-none-eabi/9.3.1/thumb/v7-m/nofp/crtbegin.o
 .text          0x0000000008000150      0x254 c:/st/stm32cubeide_1.6.0/stm32cubeide/plugins/com.st.stm32cube.ide.mcu.externaltools.gnu-tools-for-stm32.9-2020-q2-update.win32_1.5.0.202011040924/tools/bin/../lib/gcc/arm-none-eabi/9.3.1/thumb/v7-m/nofp\libgcc.a(_arm_muldf3.o)
                0x0000000008000150                __muldf3
                0x0000000008000150                __aeabi_dmul
 .text          0x00000000080003a4      0x168 c:/st/stm32cubeide_1.6.0/stm32cubeide/plugins/com.st.stm32cube.ide.mcu.externaltools.gnu-tools-for-stm32.9-2020-q2-update.win32_1.5.0.202011040924/tools/bin/../lib/gcc/arm-none-eabi/9.3.1/thumb/v7-m/nofp\libgcc.a(_arm_mulsf3.o)
                0x00000000080003a4                __aeabi_fmul
                0x00000000080003a4                __mulsf3
 .text          0x000000000800050c      0x378 c:/st/stm32cubeide_1.6.0/stm32cubeide/plugins/com.st.stm32cube.ide.mcu.externaltools.gnu-tools-for-stm32.9-2020-q2-update.win32_1.5.0.202011040924/tools/bin/../lib/gcc/arm-none-eabi/9.3.1/thumb/v7-m/nofp\libgcc.a(_arm_addsubdf3.o)
                0x000000000800050c                __aeabi_drsub
                0x0000000008000514                __aeabi_dsub
                0x0000000008000514                __subdf3
                0x0000000008000518                __aeabi_dadd
                0x0000000008000518                __adddf3
                0x0000000008000790                __floatunsidf
                0x0000000008000790                __aeabi_ui2d
                0x00000000080007b0                __floatsidf
                0x00000000080007b0                __aeabi_i2d
                0x00000000080007d4                __aeabi_f2d
                0x00000000080007d4                __extendsfdf2
                0x0000000008000818                __floatundidf
                0x0000000008000818                __aeabi_ul2d
                0x0000000008000828                __floatdidf
                0x0000000008000828                __aeabi_l2d
 .text          0x0000000008000884       0x40 c:/st/stm32cubeide_1.6.0/stm32cubeide/plugins/com.st.stm32cube.ide.mcu.externaltools.gnu-tools-for-stm32.9-2020-q2-update.win32_1.5.0.202011040924/tools/bin/../lib/gcc/arm-none-eabi/9.3.1/thumb/v7-m/nofp\libgcc.a(_arm_fixunsdfsi.o)
                0x0000000008000884                __aeabi_d2uiz
                0x0000000008000884                __fixunsdfsi
 .text          0x00000000080008c4      0x21c c:/st/stm32cubeide_1.6.0/stm32cubeide/plugins/com.st.stm32cube.ide.mcu.externaltools.gnu-tools-for-stm32.9-2020-q2-update.win32_1.5.0.202011040924/tools/bin/../lib/gcc/arm-none-eabi/9.3.1/thumb/v7-m/nofp\libgcc.a(_arm_addsubsf3.o)
                0x00000000080008c4                __aeabi_frsub
                0x00000000080008cc                __subsf3
                0x00000000080008cc                __aeabi_fsub
                0x00000000080008d0                __aeabi_fadd
                0x00000000080008d0                __addsf3
                0x0000000008000a30                __aeabi_ui2f
                0x0000000008000a30                __floatunsisf
                0x0000000008000a38                __aeabi_i2f
                0x0000000008000a38                __floatsisf
                0x0000000008000a54                __aeabi_ul2f
                0x0000000008000a54                __floatundisf
                0x0000000008000a64                __aeabi_l2f
                0x0000000008000a64                __floatdisf
 .text          0x0000000008000ae0       0x40 c:/st/stm32cubeide_1.6.0/stm32cubeide/plugins/com.st.stm32cube.ide.mcu.externaltools.gnu-tools-for-stm32.9-2020-q2-update.win32_1.5.0.202011040924/tools/bin/../lib/gcc/arm-none-eabi/9.3.1/thumb/v7-m/nofp\libgcc.a(_arm_fixunssfsi.o)
                0x0000000008000ae0                __fixunssfsi
                0x0000000008000ae0                __aeabi_f2uiz
 *(.text*)
 .text.AD9833_Select
                0x0000000008000b20       0x18 Core/Src/ad9833.o
                0x0000000008000b20                AD9833_Select
 .text.AD9833_Unselect
                0x0000000008000b38       0x18 Core/Src/ad9833.o
                0x0000000008000b38                AD9833_Unselect
 .text.AD9833_WriteRegister
                0x0000000008000b50       0x50 Core/Src/ad9833.o
                0x0000000008000b50                AD9833_WriteRegister
 .text.AD9833_WriteCfgReg
                0x0000000008000ba0       0x9c Core/Src/ad9833.o
                0x0000000008000ba0                AD9833_WriteCfgReg
 .text.AD9833_SetWaveform
                0x0000000008000c3c       0x48 Core/Src/ad9833.o
                0x0000000008000c3c                AD9833_SetWaveform
 .text.AD9833_SetFrequency
                0x0000000008000c84       0x70 Core/Src/ad9833.o
                0x0000000008000c84                AD9833_SetFrequency
 *fill*         0x0000000008000cf4        0x4 
 .text.AD9833_SetPhase
                0x0000000008000cf8       0x7c Core/Src/ad9833.o
                0x0000000008000cf8                AD9833_SetPhase
 .text.AD9833_Init
                0x0000000008000d74       0x3e Core/Src/ad9833.o
                0x0000000008000d74                AD9833_Init
 *fill*         0x0000000008000db2        0x2 
 .text.AD9833_OutputEnable
                0x0000000008000db4       0x2c Core/Src/ad9833.o
                0x0000000008000db4                AD9833_OutputEnable
 .text.MX_GPIO_Init
                0x0000000008000de0      0x110 Core/Src/gpio.o
                0x0000000008000de0                MX_GPIO_Init
 .text.MX_I2C1_Init
                0x0000000008000ef0       0x5c Core/Src/i2c.o
                0x0000000008000ef0                MX_I2C1_Init
 .text.HAL_I2C_MspInit
                0x0000000008000f4c       0x7c Core/Src/i2c.o
                0x0000000008000f4c                HAL_I2C_MspInit
 .text.LCD_WriteNibble
                0x0000000008000fc8       0x84 Core/Src/lcd.o
 .text.LCD_SendCmd
                0x000000000800104c       0x46 Core/Src/lcd.o
 .text.LCD_SendData
                0x0000000008001092       0x34 Core/Src/lcd.o
 .text.LCD_Init
                0x00000000080010c6       0x5e Core/Src/lcd.o
                0x00000000080010c6                LCD_Init
 .text.LCD_WriteString
                0x0000000008001124       0x2c Core/Src/lcd.o
                0x0000000008001124                LCD_WriteString
 .text.LCD_Backlight
                0x0000000008001150       0x20 Core/Src/lcd.o
                0x0000000008001150                LCD_Backlight
 .text.main     0x0000000008001170       0x3c Core/Src/main.o
                0x0000000008001170                main
 .text.SystemClock_Config
                0x00000000080011ac       0x88 Core/Src/main.o
                0x00000000080011ac                SystemClock_Config
 .text.Error_Handler
                0x0000000008001234        0xa Core/Src/main.o
                0x0000000008001234                Error_Handler
 *fill*         0x000000000800123e        0x2 
 .text.MX_SPI1_Init
                0x0000000008001240       0x6c Core/Src/spi.o
                0x0000000008001240                MX_SPI1_Init
 .text.HAL_SPI_MspInit
                0x00000000080012ac       0x7c Core/Src/spi.o
                0x00000000080012ac                HAL_SPI_MspInit
 .text.HAL_MspInit
                0x0000000008001328       0x64 Core/Src/stm32f1xx_hal_msp.o
                0x0000000008001328                HAL_MspInit
 .text.NMI_Handler
                0x000000000800138c        0x6 Core/Src/stm32f1xx_it.o
                0x000000000800138c                NMI_Handler
 .text.HardFault_Handler
                0x0000000008001392        0x6 Core/Src/stm32f1xx_it.o
                0x0000000008001392                HardFault_Handler
 .text.MemManage_Handler
                0x0000000008001398        0x6 Core/Src/stm32f1xx_it.o
                0x0000000008001398                MemManage_Handler
 .text.BusFault_Handler
                0x000000000800139e        0x6 Core/Src/stm32f1xx_it.o
                0x000000000800139e                BusFault_Handler
 .text.UsageFault_Handler
                0x00000000080013a4        0x6 Core/Src/stm32f1xx_it.o
                0x00000000080013a4                UsageFault_Handler
 .text.SVC_Handler
                0x00000000080013aa        0xc Core/Src/stm32f1xx_it.o
                0x00000000080013aa                SVC_Handler
 .text.DebugMon_Handler
                0x00000000080013b6        0xc Core/Src/stm32f1xx_it.o
                0x00000000080013b6                DebugMon_Handler
 .text.PendSV_Handler
                0x00000000080013c2        0xc Core/Src/stm32f1xx_it.o
                0x00000000080013c2                PendSV_Handler
 .text.SysTick_Handler
                0x00000000080013ce        0xc Core/Src/stm32f1xx_it.o
                0x00000000080013ce                SysTick_Handler
 .text.SystemInit
                0x00000000080013da        0xc Core/Src/system_stm32f1xx.o
                0x00000000080013da                SystemInit
 *fill*         0x00000000080013e6        0x2 
 .text.Reset_Handler
                0x00000000080013e8       0x48 Core/Startup/startup_stm32f103c8tx.o
                0x00000000080013e8                Reset_Handler
 .text.Default_Handler
                0x0000000008001430        0x2 Core/Startup/startup_stm32f103c8tx.o
                0x0000000008001430                RTC_Alarm_IRQHandler
                0x0000000008001430                EXTI2_IRQHandler
                0x0000000008001430                TIM1_CC_IRQHandler
                0x0000000008001430                PVD_IRQHandler
                0x0000000008001430                EXTI3_IRQHandler
                0x0000000008001430                EXTI0_IRQHandler
                0x0000000008001430                I2C2_EV_IRQHandler
                0x0000000008001430                ADC1_2_IRQHandler
                0x0000000008001430                SPI1_IRQHandler
                0x0000000008001430                TAMPER_IRQHandler
                0x0000000008001430                DMA1_Channel4_IRQHandler
                0x0000000008001430                USART3_IRQHandler
                0x0000000008001430                RTC_IRQHandler
                0x0000000008001430                DMA1_Channel7_IRQHandler
                0x0000000008001430                CAN1_RX1_IRQHandler
                0x0000000008001430                TIM4_IRQHandler
                0x0000000008001430                I2C1_EV_IRQHandler
                0x0000000008001430                DMA1_Channel6_IRQHandler
                0x0000000008001430                TIM3_IRQHandler
                0x0000000008001430                RCC_IRQHandler
                0x0000000008001430                TIM1_TRG_COM_IRQHandler
                0x0000000008001430                DMA1_Channel1_IRQHandler
                0x0000000008001430                Default_Handler
                0x0000000008001430                EXTI15_10_IRQHandler
                0x0000000008001430                EXTI9_5_IRQHandler
                0x0000000008001430                SPI2_IRQHandler
                0x0000000008001430                DMA1_Channel5_IRQHandler
                0x0000000008001430                EXTI4_IRQHandler
                0x0000000008001430                USB_LP_CAN1_RX0_IRQHandler
                0x0000000008001430                USB_HP_CAN1_TX_IRQHandler
                0x0000000008001430                DMA1_Channel3_IRQHandler
                0x0000000008001430                TIM1_UP_IRQHandler
                0x0000000008001430                WWDG_IRQHandler
                0x0000000008001430                TIM2_IRQHandler
                0x0000000008001430                TIM1_BRK_IRQHandler
                0x0000000008001430                EXTI1_IRQHandler
                0x0000000008001430                USART2_IRQHandler
                0x0000000008001430                I2C2_ER_IRQHandler
                0x0000000008001430                DMA1_Channel2_IRQHandler
                0x0000000008001430                CAN1_SCE_IRQHandler
                0x0000000008001430                FLASH_IRQHandler
                0x0000000008001430                USART1_IRQHandler
                0x0000000008001430                I2C1_ER_IRQHandler
                0x0000000008001430                USBWakeUp_IRQHandler
 *fill*         0x0000000008001432        0x2 
 .text.HAL_Init
                0x0000000008001434       0x2c Drivers/STM32F1xx_HAL_Driver/Src/stm32f1xx_hal.o
                0x0000000008001434                HAL_Init
 .text.HAL_InitTick
                0x0000000008001460       0x60 Drivers/STM32F1xx_HAL_Driver/Src/stm32f1xx_hal.o
                0x0000000008001460                HAL_InitTick
 .text.HAL_IncTick
                0x00000000080014c0       0x24 Drivers/STM32F1xx_HAL_Driver/Src/stm32f1xx_hal.o
                0x00000000080014c0                HAL_IncTick
 .text.HAL_GetTick
                0x00000000080014e4       0x14 Drivers/STM32F1xx_HAL_Driver/Src/stm32f1xx_hal.o
                0x00000000080014e4                HAL_GetTick
 .text.HAL_Delay
                0x00000000080014f8       0x48 Drivers/STM32F1xx_HAL_Driver/Src/stm32f1xx_hal.o
                0x00000000080014f8                HAL_Delay
 .text.__NVIC_SetPriorityGrouping
                0x0000000008001540       0x48 Drivers/STM32F1xx_HAL_Driver/Src/stm32f1xx_hal_cortex.o
 .text.__NVIC_GetPriorityGrouping
                0x0000000008001588       0x1c Drivers/STM32F1xx_HAL_Driver/Src/stm32f1xx_hal_cortex.o
 .text.__NVIC_SetPriority
                0x00000000080015a4       0x54 Drivers/STM32F1xx_HAL_Driver/Src/stm32f1xx_hal_cortex.o
 .text.NVIC_EncodePriority
                0x00000000080015f8       0x64 Drivers/STM32F1xx_HAL_Driver/Src/stm32f1xx_hal_cortex.o
 .text.SysTick_Config
                0x000000000800165c       0x44 Drivers/STM32F1xx_HAL_Driver/Src/stm32f1xx_hal_cortex.o
 .text.HAL_NVIC_SetPriorityGrouping
                0x00000000080016a0       0x16 Drivers/STM32F1xx_HAL_Driver/Src/stm32f1xx_hal_cortex.o
                0x00000000080016a0                HAL_NVIC_SetPriorityGrouping
 .text.HAL_NVIC_SetPriority
                0x00000000080016b6       0x38 Drivers/STM32F1xx_HAL_Driver/Src/stm32f1xx_hal_cortex.o
                0x00000000080016b6                HAL_NVIC_SetPriority
 .text.HAL_SYSTICK_Config
                0x00000000080016ee       0x18 Drivers/STM32F1xx_HAL_Driver/Src/stm32f1xx_hal_cortex.o
                0x00000000080016ee                HAL_SYSTICK_Config
 *fill*         0x0000000008001706        0x2 
 .text.HAL_GPIO_Init
                0x0000000008001708      0x308 Drivers/STM32F1xx_HAL_Driver/Src/stm32f1xx_hal_gpio.o
                0x0000000008001708                HAL_GPIO_Init
 .text.HAL_GPIO_WritePin
                0x0000000008001a10       0x30 Drivers/STM32F1xx_HAL_Driver/Src/stm32f1xx_hal_gpio.o
                0x0000000008001a10                HAL_GPIO_WritePin
 .text.HAL_I2C_Init
                0x0000000008001a40      0x288 Drivers/STM32F1xx_HAL_Driver/Src/stm32f1xx_hal_i2c.o
                0x0000000008001a40                HAL_I2C_Init
 .text.HAL_I2C_Master_Transmit
                0x0000000008001cc8      0x1fc Drivers/STM32F1xx_HAL_Driver/Src/stm32f1xx_hal_i2c.o
                0x0000000008001cc8                HAL_I2C_Master_Transmit
 .text.I2C_MasterRequestWrite
                0x0000000008001ec4      0x104 Drivers/STM32F1xx_HAL_Driver/Src/stm32f1xx_hal_i2c.o
 .text.I2C_WaitOnFlagUntilTimeout
                0x0000000008001fc8       0xf4 Drivers/STM32F1xx_HAL_Driver/Src/stm32f1xx_hal_i2c.o
 .text.I2C_WaitOnMasterAddressFlagUntilTimeout
                0x00000000080020bc      0x140 Drivers/STM32F1xx_HAL_Driver/Src/stm32f1xx_hal_i2c.o
 .text.I2C_WaitOnTXEFlagUntilTimeout
                0x00000000080021fc       0x90 Drivers/STM32F1xx_HAL_Driver/Src/stm32f1xx_hal_i2c.o
 .text.I2C_WaitOnBTFFlagUntilTimeout
                0x000000000800228c       0x90 Drivers/STM32F1xx_HAL_Driver/Src/stm32f1xx_hal_i2c.o
 .text.I2C_IsAcknowledgeFailed
                0x000000000800231c       0x5c Drivers/STM32F1xx_HAL_Driver/Src/stm32f1xx_hal_i2c.o
 .text.HAL_RCC_OscConfig
                0x0000000008002378      0x500 Drivers/STM32F1xx_HAL_Driver/Src/stm32f1xx_hal_rcc.o
                0x0000000008002378                HAL_RCC_OscConfig
 .text.HAL_RCC_ClockConfig
                0x0000000008002878      0x1d4 Drivers/STM32F1xx_HAL_Driver/Src/stm32f1xx_hal_rcc.o
                0x0000000008002878                HAL_RCC_ClockConfig
 .text.HAL_RCC_GetSysClockFreq
                0x0000000008002a4c       0xa8 Drivers/STM32F1xx_HAL_Driver/Src/stm32f1xx_hal_rcc.o
                0x0000000008002a4c                HAL_RCC_GetSysClockFreq
 .text.HAL_RCC_GetHCLKFreq
                0x0000000008002af4       0x14 Drivers/STM32F1xx_HAL_Driver/Src/stm32f1xx_hal_rcc.o
                0x0000000008002af4                HAL_RCC_GetHCLKFreq
 .text.HAL_RCC_GetPCLK1Freq
                0x0000000008002b08       0x28 Drivers/STM32F1xx_HAL_Driver/Src/stm32f1xx_hal_rcc.o
                0x0000000008002b08                HAL_RCC_GetPCLK1Freq
 .text.RCC_Delay
                0x0000000008002b30       0x3c Drivers/STM32F1xx_HAL_Driver/Src/stm32f1xx_hal_rcc.o
 .text.HAL_SPI_Init
                0x0000000008002b6c      0x108 Drivers/STM32F1xx_HAL_Driver/Src/stm32f1xx_hal_spi.o
                0x0000000008002b6c                HAL_SPI_Init
 .text.HAL_SPI_Transmit
                0x0000000008002c74      0x288 Drivers/STM32F1xx_HAL_Driver/Src/stm32f1xx_hal_spi.o
                0x0000000008002c74                HAL_SPI_Transmit
 .text.SPI_WaitFlagStateUntilTimeout
                0x0000000008002efc      0x110 Drivers/STM32F1xx_HAL_Driver/Src/stm32f1xx_hal_spi.o
 .text.SPI_EndRxTxTransaction
                0x000000000800300c       0x62 Drivers/STM32F1xx_HAL_Driver/Src/stm32f1xx_hal_spi.o
 *fill*         0x000000000800306e        0x2 
 .text.__libc_init_array
                0x0000000008003070       0x48 c:/st/stm32cubeide_1.6.0/stm32cubeide/plugins/com.st.stm32cube.ide.mcu.externaltools.gnu-tools-for-stm32.9-2020-q2-update.win32_1.5.0.202011040924/tools/bin/../lib/gcc/arm-none-eabi/9.3.1/../../../../arm-none-eabi/lib/thumb/v7-m/nofp\libc_nano.a(lib_a-init.o)
                0x0000000008003070                __libc_init_array
 .text.memset   0x00000000080030b8       0x10 c:/st/stm32cubeide_1.6.0/stm32cubeide/plugins/com.st.stm32cube.ide.mcu.externaltools.gnu-tools-for-stm32.9-2020-q2-update.win32_1.5.0.202011040924/tools/bin/../lib/gcc/arm-none-eabi/9.3.1/../../../../arm-none-eabi/lib/thumb/v7-m/nofp\libc_nano.a(lib_a-memset.o)
                0x00000000080030b8                memset
 *(.glue_7)
 .glue_7        0x00000000080030c8        0x0 linker stubs
 *(.glue_7t)
 .glue_7t       0x00000000080030c8        0x0 linker stubs
 *(.eh_frame)
 .eh_frame      0x00000000080030c8        0x0 c:/st/stm32cubeide_1.6.0/stm32cubeide/plugins/com.st.stm32cube.ide.mcu.externaltools.gnu-tools-for-stm32.9-2020-q2-update.win32_1.5.0.202011040924/tools/bin/../lib/gcc/arm-none-eabi/9.3.1/thumb/v7-m/nofp/crtbegin.o
 *(.init)
 .init          0x00000000080030c8        0x4 c:/st/stm32cubeide_1.6.0/stm32cubeide/plugins/com.st.stm32cube.ide.mcu.externaltools.gnu-tools-for-stm32.9-2020-q2-update.win32_1.5.0.202011040924/tools/bin/../lib/gcc/arm-none-eabi/9.3.1/thumb/v7-m/nofp/crti.o
                0x00000000080030c8                _init
 .init          0x00000000080030cc        0x8 c:/st/stm32cubeide_1.6.0/stm32cubeide/plugins/com.st.stm32cube.ide.mcu.externaltools.gnu-tools-for-stm32.9-2020-q2-update.win32_1.5.0.202011040924/tools/bin/../lib/gcc/arm-none-eabi/9.3.1/thumb/v7-m/nofp/crtn.o
 *(.fini)
 .fini          0x00000000080030d4        0x4 c:/st/stm32cubeide_1.6.0/stm32cubeide/plugins/com.st.stm32cube.ide.mcu.externaltools.gnu-tools-for-stm32.9-2020-q2-update.win32_1.5.0.202011040924/tools/bin/../lib/gcc/arm-none-eabi/9.3.1/thumb/v7-m/nofp/crti.o
                0x00000000080030d4                _fini
 .fini          0x00000000080030d8        0x8 c:/st/stm32cubeide_1.6.0/stm32cubeide/plugins/com.st.stm32cube.ide.mcu.externaltools.gnu-tools-for-stm32.9-2020-q2-update.win32_1.5.0.202011040924/tools/bin/../lib/gcc/arm-none-eabi/9.3.1/thumb/v7-m/nofp/crtn.o
                0x00000000080030e0                . = ALIGN (0x4)
                0x00000000080030e0                _etext = .

.vfp11_veneer   0x00000000080030e0        0x0
 .vfp11_veneer  0x00000000080030e0        0x0 linker stubs

.v4_bx          0x00000000080030e0        0x0
 .v4_bx         0x00000000080030e0        0x0 linker stubs

.iplt           0x00000000080030e0        0x0
 .iplt          0x00000000080030e0        0x0 c:/st/stm32cubeide_1.6.0/stm32cubeide/plugins/com.st.stm32cube.ide.mcu.externaltools.gnu-tools-for-stm32.9-2020-q2-update.win32_1.5.0.202011040924/tools/bin/../lib/gcc/arm-none-eabi/9.3.1/thumb/v7-m/nofp/crtbegin.o

.rodata         0x00000000080030e0       0x38
                0x00000000080030e0                . = ALIGN (0x4)
 *(.rodata)
 .rodata        0x00000000080030e0        0x9 Core/Src/main.o
 *(.rodata*)
 *fill*         0x00000000080030e9        0x3 
 .rodata.AHBPrescTable
                0x00000000080030ec       0x10 Core/Src/system_stm32f1xx.o
                0x00000000080030ec                AHBPrescTable
 .rodata.APBPrescTable
                0x00000000080030fc        0x8 Core/Src/system_stm32f1xx.o
                0x00000000080030fc                APBPrescTable
 .rodata.aPLLMULFactorTable.5881
                0x0000000008003104       0x10 Drivers/STM32F1xx_HAL_Driver/Src/stm32f1xx_hal_rcc.o
 .rodata.aPredivFactorTable.5882
                0x0000000008003114        0x2 Drivers/STM32F1xx_HAL_Driver/Src/stm32f1xx_hal_rcc.o
                0x0000000008003118                . = ALIGN (0x4)
 *fill*         0x0000000008003116        0x2 

.rel.dyn        0x0000000008003118        0x0
 .rel.iplt      0x0000000008003118        0x0 c:/st/stm32cubeide_1.6.0/stm32cubeide/plugins/com.st.stm32cube.ide.mcu.externaltools.gnu-tools-for-stm32.9-2020-q2-update.win32_1.5.0.202011040924/tools/bin/../lib/gcc/arm-none-eabi/9.3.1/thumb/v7-m/nofp/crtbegin.o

.ARM.extab      0x0000000008003118        0x0
                0x0000000008003118                . = ALIGN (0x4)
 *(.ARM.extab* .gnu.linkonce.armextab.*)
                0x0000000008003118                . = ALIGN (0x4)

.ARM            0x0000000008003118        0x0
                0x0000000008003118                . = ALIGN (0x4)
                0x0000000008003118                __exidx_start = .
 *(.ARM.exidx*)
                0x0000000008003118                __exidx_end = .
                0x0000000008003118                . = ALIGN (0x4)

.preinit_array  0x0000000008003118        0x0
                0x0000000008003118                . = ALIGN (0x4)
                0x0000000008003118                PROVIDE (__preinit_array_start = .)
 *(.preinit_array*)
                0x0000000008003118                PROVIDE (__preinit_array_end = .)
                0x0000000008003118                . = ALIGN (0x4)

.init_array     0x0000000008003118        0x4
                0x0000000008003118                . = ALIGN (0x4)
                0x0000000008003118                PROVIDE (__init_array_start = .)
 *(SORT_BY_NAME(.init_array.*))
 *(.init_array*)
 .init_array    0x0000000008003118        0x4 c:/st/stm32cubeide_1.6.0/stm32cubeide/plugins/com.st.stm32cube.ide.mcu.externaltools.gnu-tools-for-stm32.9-2020-q2-update.win32_1.5.0.202011040924/tools/bin/../lib/gcc/arm-none-eabi/9.3.1/thumb/v7-m/nofp/crtbegin.o
                0x000000000800311c                PROVIDE (__init_array_end = .)
                0x000000000800311c                . = ALIGN (0x4)

.fini_array     0x000000000800311c        0x4
                0x000000000800311c                . = ALIGN (0x4)
                [!provide]                        PROVIDE (__fini_array_start = .)
 *(SORT_BY_NAME(.fini_array.*))
 *(.fini_array*)
 .fini_array    0x000000000800311c        0x4 c:/st/stm32cubeide_1.6.0/stm32cubeide/plugins/com.st.stm32cube.ide.mcu.externaltools.gnu-tools-for-stm32.9-2020-q2-update.win32_1.5.0.202011040924/tools/bin/../lib/gcc/arm-none-eabi/9.3.1/thumb/v7-m/nofp/crtbegin.o
                [!provide]                        PROVIDE (__fini_array_end = .)
                0x0000000008003120                . = ALIGN (0x4)
                0x0000000008003120                _sidata = LOADADDR (.data)

.data           0x0000000020000000        0xc load address 0x0000000008003120
                0x0000000020000000                . = ALIGN (0x4)
                0x0000000020000000                _sdata = .
 *(.data)
 *(.data*)
 .data.SystemCoreClock
                0x0000000020000000        0x4 Core/Src/system_stm32f1xx.o
                0x0000000020000000                SystemCoreClock
 .data.uwTickPrio
                0x0000000020000004        0x4 Drivers/STM32F1xx_HAL_Driver/Src/stm32f1xx_hal.o
                0x0000000020000004                uwTickPrio
 .data.uwTickFreq
                0x0000000020000008        0x1 Drivers/STM32F1xx_HAL_Driver/Src/stm32f1xx_hal.o
                0x0000000020000008                uwTickFreq
 *(.RamFunc)
 *(.RamFunc*)
                0x000000002000000c                . = ALIGN (0x4)
 *fill*         0x0000000020000009        0x3 
                0x000000002000000c                _edata = .

.igot.plt       0x000000002000000c        0x0 load address 0x000000000800312c
 .igot.plt      0x000000002000000c        0x0 c:/st/stm32cubeide_1.6.0/stm32cubeide/plugins/com.st.stm32cube.ide.mcu.externaltools.gnu-tools-for-stm32.9-2020-q2-update.win32_1.5.0.202011040924/tools/bin/../lib/gcc/arm-none-eabi/9.3.1/thumb/v7-m/nofp/crtbegin.o
                0x000000002000000c                . = ALIGN (0x4)

.bss            0x000000002000000c       0xd4 load address 0x000000000800312c
                0x000000002000000c                _sbss = .
                0x000000002000000c                __bss_start__ = _sbss
 *(.bss)
 .bss           0x000000002000000c       0x1c c:/st/stm32cubeide_1.6.0/stm32cubeide/plugins/com.st.stm32cube.ide.mcu.externaltools.gnu-tools-for-stm32.9-2020-q2-update.win32_1.5.0.202011040924/tools/bin/../lib/gcc/arm-none-eabi/9.3.1/thumb/v7-m/nofp/crtbegin.o
 *(.bss*)
 .bss._waveform
                0x0000000020000028        0x1 Core/Src/ad9833.o
                0x0000000020000028                _waveform
 .bss._sleep_mode
                0x0000000020000029        0x1 Core/Src/ad9833.o
                0x0000000020000029                _sleep_mode
 .bss._freq_source
                0x000000002000002a        0x1 Core/Src/ad9833.o
                0x000000002000002a                _freq_source
 .bss._phase_source
                0x000000002000002b        0x1 Core/Src/ad9833.o
                0x000000002000002b                _phase_source
 .bss._reset_state
                0x000000002000002c        0x1 Core/Src/ad9833.o
                0x000000002000002c                _reset_state
 .bss.backlight_state
                0x000000002000002d        0x1 Core/Src/lcd.o
 *(COMMON)
 *fill*         0x000000002000002e        0x2 
 COMMON         0x0000000020000030       0x54 Core/Src/i2c.o
                0x0000000020000030                hi2c1
 COMMON         0x0000000020000084       0x58 Core/Src/spi.o
                0x0000000020000084                hspi1
 COMMON         0x00000000200000dc        0x4 Drivers/STM32F1xx_HAL_Driver/Src/stm32f1xx_hal.o
                0x00000000200000dc                uwTick
                0x00000000200000e0                . = ALIGN (0x4)
                0x00000000200000e0                _ebss = .
                0x00000000200000e0                __bss_end__ = _ebss

._user_heap_stack
                0x00000000200000e0      0x600 load address 0x000000000800312c
                0x00000000200000e0                . = ALIGN (0x8)
                [!provide]                        PROVIDE (end = .)
                0x00000000200000e0                PROVIDE (_end = .)
                0x00000000200002e0                . = (. + _Min_Heap_Size)
 *fill*         0x00000000200000e0      0x200 
                0x00000000200006e0                . = (. + _Min_Stack_Size)
 *fill*         0x00000000200002e0      0x400 
                0x00000000200006e0                . = ALIGN (0x8)

/DISCARD/
 libc.a(*)
 libm.a(*)
 libgcc.a(*)

.ARM.attributes
                0x0000000000000000       0x29
 *(.ARM.attributes)
 .ARM.attributes
                0x0000000000000000       0x1d c:/st/stm32cubeide_1.6.0/stm32cubeide/plugins/com.st.stm32cube.ide.mcu.externaltools.gnu-tools-for-stm32.9-2020-q2-update.win32_1.5.0.202011040924/tools/bin/../lib/gcc/arm-none-eabi/9.3.1/thumb/v7-m/nofp/crti.o
 .ARM.attributes
                0x000000000000001d       0x2d c:/st/stm32cubeide_1.6.0/stm32cubeide/plugins/com.st.stm32cube.ide.mcu.externaltools.gnu-tools-for-stm32.9-2020-q2-update.win32_1.5.0.202011040924/tools/bin/../lib/gcc/arm-none-eabi/9.3.1/thumb/v7-m/nofp/crtbegin.o
 .ARM.attributes
                0x000000000000004a       0x2d Core/Src/ad9833.o
 .ARM.attributes
                0x0000000000000077       0x2d Core/Src/gpio.o
 .ARM.attributes
                0x00000000000000a4       0x2d Core/Src/i2c.o
 .ARM.attributes
                0x00000000000000d1       0x2d Core/Src/lcd.o
 .ARM.attributes
                0x00000000000000fe       0x2d Core/Src/main.o
 .ARM.attributes
                0x000000000000012b       0x2d Core/Src/spi.o
 .ARM.attributes
                0x0000000000000158       0x2d Core/Src/stm32f1xx_hal_msp.o
 .ARM.attributes
                0x0000000000000185       0x2d Core/Src/stm32f1xx_it.o
 .ARM.attributes
                0x00000000000001b2       0x2d Core/Src/system_stm32f1xx.o
 .ARM.attributes
                0x00000000000001df       0x21 Core/Startup/startup_stm32f103c8tx.o
 .ARM.attributes
                0x0000000000000200       0x2d Drivers/STM32F1xx_HAL_Driver/Src/stm32f1xx_hal.o
 .ARM.attributes
                0x000000000000022d       0x2d Drivers/STM32F1xx_HAL_Driver/Src/stm32f1xx_hal_cortex.o
 .ARM.attributes
                0x000000000000025a       0x2d Drivers/STM32F1xx_HAL_Driver/Src/stm32f1xx_hal_gpio.o
 .ARM.attributes
                0x0000000000000287       0x2d Drivers/STM32F1xx_HAL_Driver/Src/stm32f1xx_hal_i2c.o
 .ARM.attributes
                0x00000000000002b4       0x2d Drivers/STM32F1xx_HAL_Driver/Src/stm32f1xx_hal_rcc.o
 .ARM.attributes
                0x00000000000002e1       0x2d Drivers/STM32F1xx_HAL_Driver/Src/stm32f1xx_hal_spi.o
 .ARM.attributes
                0x000000000000030e       0x2d c:/st/stm32cubeide_1.6.0/stm32cubeide/plugins/com.st.stm32cube.ide.mcu.externaltools.gnu-tools-for-stm32.9-2020-q2-update.win32_1.5.0.202011040924/tools/bin/../lib/gcc/arm-none-eabi/9.3.1/../../../../arm-none-eabi/lib/thumb/v7-m/nofp\libc_nano.a(lib_a-init.o)
 .ARM.attributes
                0x000000000000033b       0x2d c:/st/stm32cubeide_1.6.0/stm32cubeide/plugins/com.st.stm32cube.ide.mcu.externaltools.gnu-tools-for-stm32.9-2020-q2-update.win32_1.5.0.202011040924/tools/bin/../lib/gcc/arm-none-eabi/9.3.1/../../../../arm-none-eabi/lib/thumb/v7-m/nofp\libc_nano.a(lib_a-memset.o)
 .ARM.attributes
                0x0000000000000368       0x1d c:/st/stm32cubeide_1.6.0/stm32cubeide/plugins/com.st.stm32cube.ide.mcu.externaltools.gnu-tools-for-stm32.9-2020-q2-update.win32_1.5.0.202011040924/tools/bin/../lib/gcc/arm-none-eabi/9.3.1/thumb/v7-m/nofp\libgcc.a(_arm_muldf3.o)
 .ARM.attributes
                0x0000000000000385       0x1d c:/st/stm32cubeide_1.6.0/stm32cubeide/plugins/com.st.stm32cube.ide.mcu.externaltools.gnu-tools-for-stm32.9-2020-q2-update.win32_1.5.0.202011040924/tools/bin/../lib/gcc/arm-none-eabi/9.3.1/thumb/v7-m/nofp\libgcc.a(_arm_mulsf3.o)
 .ARM.attributes
                0x00000000000003a2       0x1d c:/st/stm32cubeide_1.6.0/stm32cubeide/plugins/com.st.stm32cube.ide.mcu.externaltools.gnu-tools-for-stm32.9-2020-q2-update.win32_1.5.0.202011040924/tools/bin/../lib/gcc/arm-none-eabi/9.3.1/thumb/v7-m/nofp\libgcc.a(_arm_addsubdf3.o)
 .ARM.attributes
                0x00000000000003bf       0x1d c:/st/stm32cubeide_1.6.0/stm32cubeide/plugins/com.st.stm32cube.ide.mcu.externaltools.gnu-tools-for-stm32.9-2020-q2-update.win32_1.5.0.202011040924/tools/bin/../lib/gcc/arm-none-eabi/9.3.1/thumb/v7-m/nofp\libgcc.a(_arm_fixunsdfsi.o)
 .ARM.attributes
                0x00000000000003dc       0x1d c:/st/stm32cubeide_1.6.0/stm32cubeide/plugins/com.st.stm32cube.ide.mcu.externaltools.gnu-tools-for-stm32.9-2020-q2-update.win32_1.5.0.202011040924/tools/bin/../lib/gcc/arm-none-eabi/9.3.1/thumb/v7-m/nofp\libgcc.a(_arm_addsubsf3.o)
 .ARM.attributes
                0x00000000000003f9       0x1d c:/st/stm32cubeide_1.6.0/stm32cubeide/plugins/com.st.stm32cube.ide.mcu.externaltools.gnu-tools-for-stm32.9-2020-q2-update.win32_1.5.0.202011040924/tools/bin/../lib/gcc/arm-none-eabi/9.3.1/thumb/v7-m/nofp\libgcc.a(_arm_fixunssfsi.o)
 .ARM.attributes
                0x0000000000000416       0x1d c:/st/stm32cubeide_1.6.0/stm32cubeide/plugins/com.st.stm32cube.ide.mcu.externaltools.gnu-tools-for-stm32.9-2020-q2-update.win32_1.5.0.202011040924/tools/bin/../lib/gcc/arm-none-eabi/9.3.1/thumb/v7-m/nofp/crtn.o
OUTPUT(function_generator.elf elf32-littlearm)
LOAD linker stubs
LOAD c:/st/stm32cubeide_1.6.0/stm32cubeide/plugins/com.st.stm32cube.ide.mcu.externaltools.gnu-tools-for-stm32.9-2020-q2-update.win32_1.5.0.202011040924/tools/bin/../lib/gcc/arm-none-eabi/9.3.1/../../../../arm-none-eabi/lib/thumb/v7-m/nofp\libc.a
LOAD c:/st/stm32cubeide_1.6.0/stm32cubeide/plugins/com.st.stm32cube.ide.mcu.externaltools.gnu-tools-for-stm32.9-2020-q2-update.win32_1.5.0.202011040924/tools/bin/../lib/gcc/arm-none-eabi/9.3.1/../../../../arm-none-eabi/lib/thumb/v7-m/nofp\libm.a
LOAD c:/st/stm32cubeide_1.6.0/stm32cubeide/plugins/com.st.stm32cube.ide.mcu.externaltools.gnu-tools-for-stm32.9-2020-q2-update.win32_1.5.0.202011040924/tools/bin/../lib/gcc/arm-none-eabi/9.3.1/thumb/v7-m/nofp\libgcc.a

.debug_info     0x0000000000000000     0x9a03
 .debug_info    0x0000000000000000      0x947 Core/Src/ad9833.o
 .debug_info    0x0000000000000947      0x3ac Core/Src/gpio.o
 .debug_info    0x0000000000000cf3      0x8cf Core/Src/i2c.o
 .debug_info    0x00000000000015c2      0x842 Core/Src/lcd.o
 .debug_info    0x0000000000001e04      0xae8 Core/Src/main.o
 .debug_info    0x00000000000028ec      0x8a4 Core/Src/spi.o
 .debug_info    0x0000000000003190      0x2fc Core/Src/stm32f1xx_hal_msp.o
 .debug_info    0x000000000000348c      0x222 Core/Src/stm32f1xx_it.o
 .debug_info    0x00000000000036ae      0x2be Core/Src/system_stm32f1xx.o
 .debug_info    0x000000000000396c       0x22 Core/Startup/startup_stm32f103c8tx.o
 .debug_info    0x000000000000398e      0x76a Drivers/STM32F1xx_HAL_Driver/Src/stm32f1xx_hal.o
 .debug_info    0x00000000000040f8      0xbdc Drivers/STM32F1xx_HAL_Driver/Src/stm32f1xx_hal_cortex.o
 .debug_info    0x0000000000004cd4      0x701 Drivers/STM32F1xx_HAL_Driver/Src/stm32f1xx_hal_gpio.o
 .debug_info    0x00000000000053d5     0x27cb Drivers/STM32F1xx_HAL_Driver/Src/stm32f1xx_hal_i2c.o
 .debug_info    0x0000000000007ba0      0x893 Drivers/STM32F1xx_HAL_Driver/Src/stm32f1xx_hal_rcc.o
 .debug_info    0x0000000000008433     0x15d0 Drivers/STM32F1xx_HAL_Driver/Src/stm32f1xx_hal_spi.o

.debug_abbrev   0x0000000000000000     0x1bd1
 .debug_abbrev  0x0000000000000000      0x1bc Core/Src/ad9833.o
 .debug_abbrev  0x00000000000001bc      0x14e Core/Src/gpio.o
 .debug_abbrev  0x000000000000030a      0x1bb Core/Src/i2c.o
 .debug_abbrev  0x00000000000004c5      0x1f9 Core/Src/lcd.o
 .debug_abbrev  0x00000000000006be      0x1c7 Core/Src/main.o
 .debug_abbrev  0x0000000000000885      0x1bb Core/Src/spi.o
 .debug_abbrev  0x0000000000000a40      0x11d Core/Src/stm32f1xx_hal_msp.o
 .debug_abbrev  0x0000000000000b5d       0xd2 Core/Src/stm32f1xx_it.o
 .debug_abbrev  0x0000000000000c2f      0x14e Core/Src/system_stm32f1xx.o
 .debug_abbrev  0x0000000000000d7d       0x12 Core/Startup/startup_stm32f103c8tx.o
 .debug_abbrev  0x0000000000000d8f      0x1ed Drivers/STM32F1xx_HAL_Driver/Src/stm32f1xx_hal.o
 .debug_abbrev  0x0000000000000f7c      0x313 Drivers/STM32F1xx_HAL_Driver/Src/stm32f1xx_hal_cortex.o
 .debug_abbrev  0x000000000000128f      0x1e8 Drivers/STM32F1xx_HAL_Driver/Src/stm32f1xx_hal_gpio.o
 .debug_abbrev  0x0000000000001477      0x288 Drivers/STM32F1xx_HAL_Driver/Src/stm32f1xx_hal_i2c.o
 .debug_abbrev  0x00000000000016ff      0x273 Drivers/STM32F1xx_HAL_Driver/Src/stm32f1xx_hal_rcc.o
 .debug_abbrev  0x0000000000001972      0x25f Drivers/STM32F1xx_HAL_Driver/Src/stm32f1xx_hal_spi.o

.debug_aranges  0x0000000000000000      0x980
 .debug_aranges
                0x0000000000000000       0x68 Core/Src/ad9833.o
 .debug_aranges
                0x0000000000000068       0x20 Core/Src/gpio.o
 .debug_aranges
                0x0000000000000088       0x30 Core/Src/i2c.o
 .debug_aranges
                0x00000000000000b8       0x58 Core/Src/lcd.o
 .debug_aranges
                0x0000000000000110       0x30 Core/Src/main.o
 .debug_aranges
                0x0000000000000140       0x30 Core/Src/spi.o
 .debug_aranges
                0x0000000000000170       0x20 Core/Src/stm32f1xx_hal_msp.o
 .debug_aranges
                0x0000000000000190       0x60 Core/Src/stm32f1xx_it.o
 .debug_aranges
                0x00000000000001f0       0x28 Core/Src/system_stm32f1xx.o
 .debug_aranges
                0x0000000000000218       0x28 Core/Startup/startup_stm32f103c8tx.o
 .debug_aranges
                0x0000000000000240       0xe0 Drivers/STM32F1xx_HAL_Driver/Src/stm32f1xx_hal.o
 .debug_aranges
                0x0000000000000320      0x100 Drivers/STM32F1xx_HAL_Driver/Src/stm32f1xx_hal_cortex.o
 .debug_aranges
                0x0000000000000420       0x58 Drivers/STM32F1xx_HAL_Driver/Src/stm32f1xx_hal_gpio.o
 .debug_aranges
                0x0000000000000478      0x2a8 Drivers/STM32F1xx_HAL_Driver/Src/stm32f1xx_hal_i2c.o
 .debug_aranges
                0x0000000000000720       0x90 Drivers/STM32F1xx_HAL_Driver/Src/stm32f1xx_hal_rcc.o
 .debug_aranges
                0x00000000000007b0      0x1d0 Drivers/STM32F1xx_HAL_Driver/Src/stm32f1xx_hal_spi.o

.debug_ranges   0x0000000000000000      0x8a0
 .debug_ranges  0x0000000000000000       0x58 Core/Src/ad9833.o
 .debug_ranges  0x0000000000000058       0x10 Core/Src/gpio.o
 .debug_ranges  0x0000000000000068       0x20 Core/Src/i2c.o
 .debug_ranges  0x0000000000000088       0x48 Core/Src/lcd.o
 .debug_ranges  0x00000000000000d0       0x20 Core/Src/main.o
 .debug_ranges  0x00000000000000f0       0x20 Core/Src/spi.o
 .debug_ranges  0x0000000000000110       0x10 Core/Src/stm32f1xx_hal_msp.o
 .debug_ranges  0x0000000000000120       0x50 Core/Src/stm32f1xx_it.o
 .debug_ranges  0x0000000000000170       0x18 Core/Src/system_stm32f1xx.o
 .debug_ranges  0x0000000000000188       0x20 Core/Startup/startup_stm32f103c8tx.o
 .debug_ranges  0x00000000000001a8       0xd0 Drivers/STM32F1xx_HAL_Driver/Src/stm32f1xx_hal.o
 .debug_ranges  0x0000000000000278       0xf0 Drivers/STM32F1xx_HAL_Driver/Src/stm32f1xx_hal_cortex.o
 .debug_ranges  0x0000000000000368       0x48 Drivers/STM32F1xx_HAL_Driver/Src/stm32f1xx_hal_gpio.o
 .debug_ranges  0x00000000000003b0      0x2b0 Drivers/STM32F1xx_HAL_Driver/Src/stm32f1xx_hal_i2c.o
 .debug_ranges  0x0000000000000660       0x80 Drivers/STM32F1xx_HAL_Driver/Src/stm32f1xx_hal_rcc.o
 .debug_ranges  0x00000000000006e0      0x1c0 Drivers/STM32F1xx_HAL_Driver/Src/stm32f1xx_hal_spi.o

.debug_macro    0x0000000000000000    0x16c1a
 .debug_macro   0x0000000000000000      0x1c0 Core/Src/ad9833.o
 .debug_macro   0x00000000000001c0      0xa9c Core/Src/ad9833.o
 .debug_macro   0x0000000000000c5c      0x21b Core/Src/ad9833.o
 .debug_macro   0x0000000000000e77       0x2e Core/Src/ad9833.o
 .debug_macro   0x0000000000000ea5       0x22 Core/Src/ad9833.o
 .debug_macro   0x0000000000000ec7       0x22 Core/Src/ad9833.o
 .debug_macro   0x0000000000000ee9       0x8e Core/Src/ad9833.o
 .debug_macro   0x0000000000000f77       0x51 Core/Src/ad9833.o
 .debug_macro   0x0000000000000fc8      0x103 Core/Src/ad9833.o
 .debug_macro   0x00000000000010cb       0x6a Core/Src/ad9833.o
 .debug_macro   0x0000000000001135      0x1df Core/Src/ad9833.o
 .debug_macro   0x0000000000001314       0x1c Core/Src/ad9833.o
 .debug_macro   0x0000000000001330       0x22 Core/Src/ad9833.o
 .debug_macro   0x0000000000001352       0xc3 Core/Src/ad9833.o
 .debug_macro   0x0000000000001415      0xd23 Core/Src/ad9833.o
 .debug_macro   0x0000000000002138     0xe09e Core/Src/ad9833.o
 .debug_macro   0x00000000000101d6       0x6d Core/Src/ad9833.o
 .debug_macro   0x0000000000010243     0x34a2 Core/Src/ad9833.o
 .debug_macro   0x00000000000136e5      0x174 Core/Src/ad9833.o
 .debug_macro   0x0000000000013859       0x5c Core/Src/ad9833.o
 .debug_macro   0x00000000000138b5      0x5bc Core/Src/ad9833.o
 .debug_macro   0x0000000000013e71      0x289 Core/Src/ad9833.o
 .debug_macro   0x00000000000140fa      0x1cb Core/Src/ad9833.o
 .debug_macro   0x00000000000142c5      0x114 Core/Src/ad9833.o
 .debug_macro   0x00000000000143d9      0x1b2 Core/Src/ad9833.o
 .debug_macro   0x000000000001458b       0x27 Core/Src/ad9833.o
 .debug_macro   0x00000000000145b2      0x136 Core/Src/ad9833.o
 .debug_macro   0x00000000000146e8      0x1bc Core/Src/ad9833.o
 .debug_macro   0x00000000000148a4       0x34 Core/Src/ad9833.o
 .debug_macro   0x00000000000148d8       0x3c Core/Src/ad9833.o
 .debug_macro   0x0000000000014914       0x57 Core/Src/ad9833.o
 .debug_macro   0x000000000001496b       0x87 Core/Src/ad9833.o
 .debug_macro   0x00000000000149f2      0x240 Core/Src/ad9833.o
 .debug_macro   0x0000000000014c32      0x287 Core/Src/ad9833.o
 .debug_macro   0x0000000000014eb9      0x140 Core/Src/ad9833.o
 .debug_macro   0x0000000000014ff9      0x217 Core/Src/ad9833.o
 .debug_macro   0x0000000000015210       0x83 Core/Src/ad9833.o
 .debug_macro   0x0000000000015293       0x64 Core/Src/ad9833.o
 .debug_macro   0x00000000000152f7       0x88 Core/Src/ad9833.o
 .debug_macro   0x000000000001537f      0x1b1 Core/Src/gpio.o
 .debug_macro   0x0000000000015530      0x1b1 Core/Src/i2c.o
 .debug_macro   0x00000000000156e1      0x227 Core/Src/lcd.o
 .debug_macro   0x0000000000015908      0x1ea Core/Src/main.o
 .debug_macro   0x0000000000015af2      0x1b1 Core/Src/spi.o
 .debug_macro   0x0000000000015ca3      0x1a7 Core/Src/stm32f1xx_hal_msp.o
 .debug_macro   0x0000000000015e4a      0x1b1 Core/Src/stm32f1xx_it.o
 .debug_macro   0x0000000000015ffb      0x198 Core/Src/system_stm32f1xx.o
 .debug_macro   0x0000000000016193      0x1bc Drivers/STM32F1xx_HAL_Driver/Src/stm32f1xx_hal.o
 .debug_macro   0x000000000001634f      0x198 Drivers/STM32F1xx_HAL_Driver/Src/stm32f1xx_hal_cortex.o
 .debug_macro   0x00000000000164e7      0x203 Drivers/STM32F1xx_HAL_Driver/Src/stm32f1xx_hal_gpio.o
 .debug_macro   0x00000000000166ea      0x1e6 Drivers/STM32F1xx_HAL_Driver/Src/stm32f1xx_hal_i2c.o
 .debug_macro   0x00000000000168d0      0x1aa Drivers/STM32F1xx_HAL_Driver/Src/stm32f1xx_hal_rcc.o
 .debug_macro   0x0000000000016a7a      0x1a0 Drivers/STM32F1xx_HAL_Driver/Src/stm32f1xx_hal_spi.o

.debug_line     0x0000000000000000     0xc0ec
 .debug_line    0x0000000000000000      0x806 Core/Src/ad9833.o
 .debug_line    0x0000000000000806      0x696 Core/Src/gpio.o
 .debug_line    0x0000000000000e9c      0x6c7 Core/Src/i2c.o
 .debug_line    0x0000000000001563      0x764 Core/Src/lcd.o
 .debug_line    0x0000000000001cc7      0x705 Core/Src/main.o
 .debug_line    0x00000000000023cc      0x6cf Core/Src/spi.o
 .debug_line    0x0000000000002a9b      0x663 Core/Src/stm32f1xx_hal_msp.o
 .debug_line    0x00000000000030fe      0x724 Core/Src/stm32f1xx_it.o
 .debug_line    0x0000000000003822      0x6e0 Core/Src/system_stm32f1xx.o
 .debug_line    0x0000000000003f02       0x86 Core/Startup/startup_stm32f103c8tx.o
 .debug_line    0x0000000000003f88      0x90d Drivers/STM32F1xx_HAL_Driver/Src/stm32f1xx_hal.o
 .debug_line    0x0000000000004895      0xaf5 Drivers/STM32F1xx_HAL_Driver/Src/stm32f1xx_hal_cortex.o
 .debug_line    0x000000000000538a      0x9a6 Drivers/STM32F1xx_HAL_Driver/Src/stm32f1xx_hal_gpio.o
 .debug_line    0x0000000000005d30     0x3aa3 Drivers/STM32F1xx_HAL_Driver/Src/stm32f1xx_hal_i2c.o
 .debug_line    0x00000000000097d3      0xd19 Drivers/STM32F1xx_HAL_Driver/Src/stm32f1xx_hal_rcc.o
 .debug_line    0x000000000000a4ec     0x1c00 Drivers/STM32F1xx_HAL_Driver/Src/stm32f1xx_hal_spi.o

.debug_str      0x0000000000000000    0x806ca
 .debug_str     0x0000000000000000    0x7dfd2 Core/Src/ad9833.o
                                      0x7e379 (size before relaxing)
 .debug_str     0x000000000007dfd2       0x93 Core/Src/gpio.o
                                      0x7dce2 (size before relaxing)
 .debug_str     0x000000000007e065      0x2a8 Core/Src/i2c.o
                                      0x7e16d (size before relaxing)
 .debug_str     0x000000000007e30d      0x1df Core/Src/lcd.o
                                      0x7e26c (size before relaxing)
 .debug_str     0x000000000007e4ec      0x157 Core/Src/main.o
                                      0x7e60a (size before relaxing)
 .debug_str     0x000000000007e643       0x4b Core/Src/spi.o
                                      0x7e0c4 (size before relaxing)
 .debug_str     0x000000000007e68e       0x5a Core/Src/stm32f1xx_hal_msp.o
                                      0x7dc98 (size before relaxing)
 .debug_str     0x000000000007e6e8       0xbd Core/Src/stm32f1xx_it.o
                                      0x7dcb5 (size before relaxing)
 .debug_str     0x000000000007e7a5       0x52 Core/Src/system_stm32f1xx.o
                                      0x7daec (size before relaxing)
 .debug_str     0x000000000007e7f7       0x36 Core/Startup/startup_stm32f103c8tx.o
                                         0x72 (size before relaxing)
 .debug_str     0x000000000007e82d      0x55e Drivers/STM32F1xx_HAL_Driver/Src/stm32f1xx_hal.o
                                      0x7e17d (size before relaxing)
 .debug_str     0x000000000007ed8b      0x300 Drivers/STM32F1xx_HAL_Driver/Src/stm32f1xx_hal_cortex.o
                                      0x7e185 (size before relaxing)
 .debug_str     0x000000000007f08b      0x324 Drivers/STM32F1xx_HAL_Driver/Src/stm32f1xx_hal_gpio.o
                                      0x7deb0 (size before relaxing)
 .debug_str     0x000000000007f3af      0xba4 Drivers/STM32F1xx_HAL_Driver/Src/stm32f1xx_hal_i2c.o
                                      0x7eb7b (size before relaxing)
 .debug_str     0x000000000007ff53      0x244 Drivers/STM32F1xx_HAL_Driver/Src/stm32f1xx_hal_rcc.o
                                      0x7dee9 (size before relaxing)
 .debug_str     0x0000000000080197      0x533 Drivers/STM32F1xx_HAL_Driver/Src/stm32f1xx_hal_spi.o
                                      0x7e3f2 (size before relaxing)

.comment        0x0000000000000000       0x53
 .comment       0x0000000000000000       0x53 Core/Src/ad9833.o
                                         0x54 (size before relaxing)
 .comment       0x0000000000000053       0x54 Core/Src/gpio.o
 .comment       0x0000000000000053       0x54 Core/Src/i2c.o
 .comment       0x0000000000000053       0x54 Core/Src/lcd.o
 .comment       0x0000000000000053       0x54 Core/Src/main.o
 .comment       0x0000000000000053       0x54 Core/Src/spi.o
 .comment       0x0000000000000053       0x54 Core/Src/stm32f1xx_hal_msp.o
 .comment       0x0000000000000053       0x54 Core/Src/stm32f1xx_it.o
 .comment       0x0000000000000053       0x54 Core/Src/system_stm32f1xx.o
 .comment       0x0000000000000053       0x54 Drivers/STM32F1xx_HAL_Driver/Src/stm32f1xx_hal.o
 .comment       0x0000000000000053       0x54 Drivers/STM32F1xx_HAL_Driver/Src/stm32f1xx_hal_cortex.o
 .comment       0x0000000000000053       0x54 Drivers/STM32F1xx_HAL_Driver/Src/stm32f1xx_hal_gpio.o
 .comment       0x0000000000000053       0x54 Drivers/STM32F1xx_HAL_Driver/Src/stm32f1xx_hal_i2c.o
 .comment       0x0000000000000053       0x54 Drivers/STM32F1xx_HAL_Driver/Src/stm32f1xx_hal_rcc.o
 .comment       0x0000000000000053       0x54 Drivers/STM32F1xx_HAL_Driver/Src/stm32f1xx_hal_spi.o

.debug_frame    0x0000000000000000     0x26ec
 .debug_frame   0x0000000000000000      0x168 Core/Src/ad9833.o
 .debug_frame   0x0000000000000168       0x34 Core/Src/gpio.o
 .debug_frame   0x000000000000019c       0x74 Core/Src/i2c.o
 .debug_frame   0x0000000000000210      0x124 Core/Src/lcd.o
 .debug_frame   0x0000000000000334       0x68 Core/Src/main.o
 .debug_frame   0x000000000000039c       0x74 Core/Src/spi.o
 .debug_frame   0x0000000000000410       0x38 Core/Src/stm32f1xx_hal_msp.o
 .debug_frame   0x0000000000000448      0x104 Core/Src/stm32f1xx_it.o
 .debug_frame   0x000000000000054c       0x58 Core/Src/system_stm32f1xx.o
 .debug_frame   0x00000000000005a4      0x334 Drivers/STM32F1xx_HAL_Driver/Src/stm32f1xx_hal.o
 .debug_frame   0x00000000000008d8      0x428 Drivers/STM32F1xx_HAL_Driver/Src/stm32f1xx_hal_cortex.o
 .debug_frame   0x0000000000000d00      0x14c Drivers/STM32F1xx_HAL_Driver/Src/stm32f1xx_hal_gpio.o
 .debug_frame   0x0000000000000e4c      0xc84 Drivers/STM32F1xx_HAL_Driver/Src/stm32f1xx_hal_i2c.o
 .debug_frame   0x0000000000001ad0      0x218 Drivers/STM32F1xx_HAL_Driver/Src/stm32f1xx_hal_rcc.o
 .debug_frame   0x0000000000001ce8      0x824 Drivers/STM32F1xx_HAL_Driver/Src/stm32f1xx_hal_spi.o
 .debug_frame   0x000000000000250c       0x2c c:/st/stm32cubeide_1.6.0/stm32cubeide/plugins/com.st.stm32cube.ide.mcu.externaltools.gnu-tools-for-stm32.9-2020-q2-update.win32_1.5.0.202011040924/tools/bin/../lib/gcc/arm-none-eabi/9.3.1/../../../../arm-none-eabi/lib/thumb/v7-m/nofp\libc_nano.a(lib_a-init.o)
 .debug_frame   0x0000000000002538       0x20 c:/st/stm32cubeide_1.6.0/stm32cubeide/plugins/com.st.stm32cube.ide.mcu.externaltools.gnu-tools-for-stm32.9-2020-q2-update.win32_1.5.0.202011040924/tools/bin/../lib/gcc/arm-none-eabi/9.3.1/../../../../arm-none-eabi/lib/thumb/v7-m/nofp\libc_nano.a(lib_a-memset.o)
 .debug_frame   0x0000000000002558       0x30 c:/st/stm32cubeide_1.6.0/stm32cubeide/plugins/com.st.stm32cube.ide.mcu.externaltools.gnu-tools-for-stm32.9-2020-q2-update.win32_1.5.0.202011040924/tools/bin/../lib/gcc/arm-none-eabi/9.3.1/thumb/v7-m/nofp\libgcc.a(_arm_muldf3.o)
 .debug_frame   0x0000000000002588       0x24 c:/st/stm32cubeide_1.6.0/stm32cubeide/plugins/com.st.stm32cube.ide.mcu.externaltools.gnu-tools-for-stm32.9-2020-q2-update.win32_1.5.0.202011040924/tools/bin/../lib/gcc/arm-none-eabi/9.3.1/thumb/v7-m/nofp\libgcc.a(_arm_mulsf3.o)
 .debug_frame   0x00000000000025ac       0xac c:/st/stm32cubeide_1.6.0/stm32cubeide/plugins/com.st.stm32cube.ide.mcu.externaltools.gnu-tools-for-stm32.9-2020-q2-update.win32_1.5.0.202011040924/tools/bin/../lib/gcc/arm-none-eabi/9.3.1/thumb/v7-m/nofp\libgcc.a(_arm_addsubdf3.o)
 .debug_frame   0x0000000000002658       0x24 c:/st/stm32cubeide_1.6.0/stm32cubeide/plugins/com.st.stm32cube.ide.mcu.externaltools.gnu-tools-for-stm32.9-2020-q2-update.win32_1.5.0.202011040924/tools/bin/../lib/gcc/arm-none-eabi/9.3.1/thumb/v7-m/nofp\libgcc.a(_arm_fixunsdfsi.o)
 .debug_frame   0x000000000000267c       0x4c c:/st/stm32cubeide_1.6.0/stm32cubeide/plugins/com.st.stm32cube.ide.mcu.externaltools.gnu-tools-for-stm32.9-2020-q2-update.win32_1.5.0.202011040924/tools/bin/../lib/gcc/arm-none-eabi/9.3.1/thumb/v7-m/nofp\libgcc.a(_arm_addsubsf3.o)
 .debug_frame   0x00000000000026c8       0x24 c:/st/stm32cubeide_1.6.0/stm32cubeide/plugins/com.st.stm32cube.ide.mcu.externaltools.gnu-tools-for-stm32.9-2020-q2-update.win32_1.5.0.202011040924/tools/bin/../lib/gcc/arm-none-eabi/9.3.1/thumb/v7-m/nofp\libgcc.a(_arm_fixunssfsi.o)
